[Enter `^Ec?' for help]
[DL] 00000000 00000000 010701
F0: 102B 0000
F3: 1006 0033 [0200]
F3: 4001 00E0 [0200]
F3: 0000 0000
V0: 0000 0000 [0001]
00: 1027 0002
01: 0000 0000
BP: 0C00 0251 [0000]
G0: 1182 0000
EC: 0004 0000 [0001]
S7: 0000 0000 [0000]
CC: 0000 0000 [0001]
T0: 0000 00DB [000F]
Jump to BL
coreboot-v1.9308_26_0.0.22-10565-g8487d48179 Sun Jan 30 03:25:20 UTC 2022 verstage starting (log level: 8)...
ARM64: Exception handlers installed.
ARM64: Testing exception
ARM64: Done test exception
WDT: Last reset was cold boot
SPI0(PAD0) initialized at 992727 Hz
FMAP: area RW_NVRAM found @ 554000 (8192 bytes)
Manufacturer: ef
SF: Detected W25Q64DW with sector size 0x1000, total 0x800000
Probing TPM: . done!
TPM ready after 0 ms
Connected to device vid:did:rid of 1ae0:0028:00
Firmware version: B2-C:0 RO_A:0.0.12/bf248b9d RW_B:0.5.171/cr50_v2.94_mp.164-2fb1dd676c
Initialized TPM device CR50 revision 0
tlcl_send_startup: Startup return code is 0
TPM: setup succeeded
src/security/tpm/tss/tcg-2.0/tss.c:223 index 0x1007 return code 0
out: cmd=0xd: 03 f0 0d 00 00 00 00 00
in-header: 03 19 00 00 08 00 00 00
in-data: a2 e0 47 00 13 00 00 00
Chrome EC: UHEPI supported
out: cmd=0xa4: 03 5d a4 00 00 00 0c 00 00 01 00 00 f4 fb 00 00 00 00 00 00
in-header: 03 a5 00 00 08 00 00 00
in-data: 00 20 20 10 00 00 00 00
Phase 1
FMAP: area GBB found @ 3f5000 (12032 bytes)
VB2:vb2_check_recovery() Recovery reason from previous boot: 0x0 / 0x0
Phase 2
Phase 3
FMAP: area GBB found @ 3f5000 (12032 bytes)
read SPI 0x3f5180 0x1000: 1295 us, 3162 KB/s, 25.296 Mbps
VB2:vb2_report_dev_firmware() This is developer signed firmware
FMAP: area VBLOCK_A found @ 400000 (8192 bytes)
FMAP: area VBLOCK_A found @ 400000 (8192 bytes)
VB2:vb2_verify_keyblock() Checking key block signature...
FMAP: area VBLOCK_A found @ 400000 (8192 bytes)
FMAP: area VBLOCK_A found @ 400000 (8192 bytes)
VB2:vb2_verify_fw_preamble() Verifying preamble.
Phase 4
FMAP: area FW_MAIN_A found @ 402000 (1367808 bytes)
VB2:vb2api_init_hash() HW crypto for hash_alg 2 not supported, using SW
tlcl_extend: response is 0
tlcl_extend: response is 0
tlcl_lock_nv_write: response is 0
Slot A is selected
coreboot-v1.9308_26_0.0.22-10565-g8487d48179 Sun Jan 30 03:25:20 UTC 2022 romstage starting (log level: 8)...
ARM64: Exception handlers installed.
ARM64: Testing exception
ARM64: Done test exception
[RTC]rtc_enable_dcxo,41: con=0x482, osc32con=0x9a6d, sec=0x2000
[RTC]rtc_check_state,142: con=482, pwrkey1=a357, pwrkey2=67d2
[RTC]rtc_eosc_cali,157: PMIC_RG_FQMTR_CKSEL=0x4a
[RTC]rtc_get_frequency_meter,134: input=0xf, output=823
[RTC]rtc_get_frequency_meter,134: input=0x7, output=698
[RTC]rtc_get_frequency_meter,134: input=0xb, output=761
[RTC]rtc_get_frequency_meter,134: input=0xd, output=792
[RTC]rtc_osc_init,208: EOSC32 cali val = 0x9a6d
[RTC]rtc_boot_common,186: irqsta=0, bbpu=0, con=482
[RTC]rtc_bbpu_power_on,373: rtc_write_trigger=1
[RTC]rtc_bbpu_power_on,376: done BBPU=0x9
out: cmd=0xd: 03 f0 0d 00 00 00 00 00
in-header: 03 19 00 00 08 00 00 00
in-data: a2 e0 47 00 13 00 00 00
Chrome EC: UHEPI supported
out: cmd=0xa4: 03 5d a4 00 00 00 0c 00 00 01 00 00 f4 fb 00 00 00 00 00 00
in-header: 03 e5 00 00 08 00 00 00
in-data: 80 20 60 10 00 00 00 00
FMAP: area RW_NVRAM found @ 554000 (8192 bytes)
Manufacturer: ef
SF: Detected W25Q64DW with sector size 0x1000, total 0x800000
FMAP: area RW_DDR_TRAINING found @ 556000 (8192 bytes)
read_calibration_data_from_flash: ret=0x8f0, length=0x8f0
DRAM-K: Fast Calibration
Calibration params loaded from flash
Run calibration (freq: 1600, first: 1)
Vendor id is 0x6
Run calibration (freq: 2400, first: 0)
Vendor id is 0x6
Run calibration (freq: 3200, first: 0)
Vendor id is 0x6
[MEM] complex R/W mem test pass : 0
[MEM] complex R/W mem test pass : 0
Mapping address range [0000000040000000:0000000140000000) as     cacheable | read-write | non-secure | normal
CBMEM:
IMD: root @ 00000000fffff000 254 entries.
IMD: root @ 00000000ffffec00 62 entries.
VBOOT: copying vboot_working_data (3840 bytes) to CBMEM...
out: cmd=0xa4: 03 6c a4 00 00 00 0c 00 00 01 00 00 50 7f 11 00 00 00 00 00
in-header: 03 e5 00 00 08 00 00 00
in-data: 80 20 60 10 00 00 00 00
Chrome EC: clear events_b mask to 0x0000000020004000
out: cmd=0xa4: 03 ea a4 00 00 00 0c 00 02 01 00 00 00 40 00 20 00 00 00 00
in-header: 03 fd 00 00 00 00 00 00
in-data:
CBFS: 'VBOOT' located CBFS at [402000:470cc0)
CBFS: Locating 'fallback/ramstage'
CBFS: Found @ offset 10cc0 size d563
read SPI 0x412d14 0xd547: 16640 us, 3281 KB/s, 26.248 Mbps
Accumulated console time in romstage 209 ms
coreboot-v1.9308_26_0.0.22-10565-g8487d48179 Sun Jan 30 03:25:20 UTC 2022 ramstage starting (log level: 8)...
ARM64: Exception handlers installed.
ARM64: Testing exception
ARM64: Done test exception
FMAP: area RO_VPD found @ 3f8000 (32768 bytes)
Manufacturer: ef
SF: Detected W25Q64DW with sector size 0x1000, total 0x800000
WARNING: RO_VPD is uninitialized or empty.
FMAP: area RW_VPD found @ 550000 (16384 bytes)
FMAP: area RW_VPD found @ 550000 (16384 bytes)
read SPI 0x550600 0x3a00: 4532 us, 3276 KB/s, 26.208 Mbps
BS: BS_PRE_DEVICE times (ms): entry 0 run 0 exit 0
BS: BS_DEV_INIT_CHIPS times (ms): entry 0 run 0 exit 0
Enumerating buses...
Show all devs... Before device enumeration.
Root Device: enabled 1
CPU_CLUSTER: 0: enabled 1
CPU: 00: enabled 1
Compare with tree...
Root Device: enabled 1
CPU_CLUSTER: 0: enabled 1
CPU: 00: enabled 1
Root Device scanning...
root_dev_scan_bus for Root Device
CPU_CLUSTER: 0 enabled
root_dev_scan_bus for Root Device done
scan_bus: scanning of bus Root Device took 10690 usecs
done
BS: BS_DEV_ENUMERATE times (ms): entry 0 run 0 exit 0
Allocating resources...
Reading resources...
Root Device read_resources bus 0 link: 0
CPU_CLUSTER: 0 read_resources bus 0 link: 0
CPU: 00 missing read_resources
CPU_CLUSTER: 0 read_resources bus 0 link: 0 done
Root Device read_resources bus 0 link: 0 done
Done reading resources.
Show resources in subtree (Root Device)...After reading.
Root Device child on link 0 CPU_CLUSTER: 0
CPU_CLUSTER: 0 child on link 0 CPU: 00
CPU_CLUSTER: 0 resource base 40000000 size 100000000 align 0 gran 0 limit 0 flags e0004200 index 0
CPU: 00
Setting resources...
Root Device assign_resources, bus 0 link: 0
CPU_CLUSTER: 0 missing set_resources
Root Device assign_resources, bus 0 link: 0
Done setting resources.
Show resources in subtree (Root Device)...After assigning values.
Root Device child on link 0 CPU_CLUSTER: 0
CPU_CLUSTER: 0 child on link 0 CPU: 00
CPU_CLUSTER: 0 resource base 40000000 size 100000000 align 0 gran 0 limit 0 flags e0004200 index 0
CPU: 00
Done allocating resources.
BS: BS_DEV_RESOURCES times (ms): entry 0 run 0 exit 0
Enabling resources...
done.
BS: BS_DEV_ENABLE times (ms): entry 0 run 0 exit 0
Initializing devices...
Root Device init ...
mainboard_init: Starting display init.
ADC[4]: Raw value=76265 ID=0
anx7625_power_on_init: Init interface.
anx7625_disable_pd_protocol: Disabled PD feature.
anx7625_power_on_init: Firmware: ver 0x13, rev 0x0.
anx7625_start_dp_work: Secure OCM version=00
anx7625_hpd_change_detect: HPD received 0x7e:0x45=0x91
sp_tx_get_edid_block: EDID Block = 1
Extracted contents:
header:          00 ff ff ff ff ff ff 00
serial number:   06 af 5c 14 00 00 00 00 00 1a
version:         01 04
basic params:    95 1a 0e 78 02
chroma info:     99 85 95 55 56 92 28 22 50 54
established:     00 00 00
standard:        01 01 01 01 01 01 01 01 01 01 01 01 01 01 01 01
descriptor 1:    ce 1d 56 ea 50 00 1a 30 30 20 46 00 00 90 10 00 00 18
descriptor 2:    00 00 00 0f 00 00 00 00 00 00 00 00 00 00 00 00 00 20
descriptor 3:    00 00 00 fe 00 41 55 4f 0a 20 20 20 20 20 20 20 20 20
descriptor 4:    00 00 00 fe 00 42 31 31 36 58 41 42 30 31 2e 34 20 0a
extensions:      00
checksum:        ae
Manufacturer: AUO Model 145c Serial Number 0
Made week 0 of 2016
EDID version: 1.4
Digital display
6 bits per primary color channel
DisplayPort interface
Maximum image size: 26 cm x 14 cm
Gamma: 220%
Check DPMS levels
Supported color formats: RGB 4:4:4
First detailed timing is preferred timing
Established timings supported:
Standard timings supported:
Detailed timings
Hex of detail: ce1d56ea50001a3030204600009010000018
Detailed mode (IN HEX): Clock 76300 KHz, 100 mm x 90 mm
0556 0586 05a6 0640 hborder 0
0300 0304 030a 031a vborder 0
-hsync -vsync
Did detailed timing
Hex of detail: 0000000f0000000000000000000000000020
Manufacturer-specified data, tag 15
Hex of detail: 000000fe0041554f0a202020202020202020
ASCII string: AUO
Hex of detail: 000000fe004231313658414230312e34200a
ASCII string: B116XAB01.4
Checksum
Checksum: 0xae (valid)
get_active_panel: Found ID 1: 'AUO B116XAB01.4 ' 1366x768@0Hz
DSI data_rate: 457800000 bps
anx7625_parse_edid: set default k value to 0x3d for panel
anx7625_parse_edid: pixelclock(76300).
hactive(1366), hsync(32), hfp(48), hbp(154)
vactive(768), vsync(6), vfp(4), vbp(16)
anx7625_dsi_config: config dsi.
anx7625_dsi_video_config: compute M(12500992), N(552960), divider(8).
anx7625_dsi_config: success to config DSI
anx7625_dp_start: MIPI phy setup OK.
[SSUSB] Setting up USB HOST controller...
[SSUSB] u3phy_ports_enable u2p:1, u3p:0
[SSUSB] phy power-on done.
out: cmd=0xf: 03 da 0f 00 00 00 04 00 10 00 00 00
in-header: 03 fc 01 00 00 00 00 00
in-data:
handle_proto3_response: EC response with error code: 1
SPM: pcm index = 1
CBFS: 'VBOOT' located CBFS at [402000:470cc0)
CBFS: Locating 'pcm_allinone_lp4_3200.bin'
CBFS: Found @ offset 1e740 size 1026
read SPI 0x420788 0x1026: 1271 us, 3252 KB/s, 26.016 Mbps
SPM: binary array size = 2988
SPM: version = pcm_allinone_v1.17.2_20180829
SPM binary loaded in 24 msecs
spm_kick_im_to_fetch: ptr = 000000004021eec2
spm_kick_im_to_fetch: len = 2988
SPM: spm_kick_pcm_to_run
SPM: spm_kick_pcm_to_run done
SPM: spm_init done in 44 msecs
Root Device init finished in 487063 usecs
CPU_CLUSTER: 0 init ...
Mapping address range [0000000000200000:0000000000280000) as     cacheable | read-write |     secure | device
CBFS: 'VBOOT' located CBFS at [402000:470cc0)
CBFS: Locating 'sspm.bin'
CBFS: Found @ offset 20840 size 41cb
read SPI 0x422878 0x41cb: 5142 us, 3275 KB/s, 26.200 Mbps
CPU_CLUSTER: 0 init finished in 34838 usecs
Devices initialized
Show all devs... After init.
Root Device: enabled 1
CPU_CLUSTER: 0: enabled 1
CPU: 00: enabled 1
BS: BS_DEV_INIT times (ms): entry 0 run 224 exit 0
FMAP: area RW_ELOG found @ 558000 (4096 bytes)
ELOG: NV offset 0x558000 size 0x1000
read SPI 0x558000 0x1000: 1259 us, 3253 KB/s, 26.024 Mbps
ELOG: area is 4096 bytes, full threshold 3842, shrink size 1024
ELOG: Event(17) added with size 13 at 2024-06-03 13:55:02 UTC
out: cmd=0x121: 03 db 21 01 00 00 00 00
in-header: 03 47 00 00 2c 00 00 00
in-data: 4a 08 00 00 00 00 00 00 02 00 00 00 00 00 00 00 00 00 00 00 00 00 00 00 00 00 00 00 08 00 00 00 e0 54 01 00 08 00 00 00 d0 1d 04 00
out: cmd=0xd: 03 f0 0d 00 00 00 00 00
in-header: 03 19 00 00 08 00 00 00
in-data: a2 e0 47 00 13 00 00 00
Chrome EC: UHEPI supported
out: cmd=0xa4: 03 54 a4 00 00 00 0c 00 00 01 00 00 f8 ff 01 00 00 00 00 00
in-header: 03 e5 00 00 08 00 00 00
in-data: 80 20 60 10 00 00 00 00
FMAP: area RW_NVRAM found @ 554000 (8192 bytes)
ELOG: Event(A0) added with size 9 at 2024-06-03 13:55:02 UTC
elog_add_boot_reason: Logged dev mode boot
Finalize devices...
Devices finalized
BS: BS_POST_DEVICE times (ms): entry 2 run 0 exit 0
BS: BS_OS_RESUME_CHECK times (ms): entry 0 run 0 exit 0
Writing coreboot table at 0xffed9000
0. 0000000000114000-000000000011efff: RAMSTAGE
1. 0000000040000000-000000004023cfff: RAMSTAGE
2. 000000004023d000-00000000545fffff: RAM
3. 0000000054600000-000000005465ffff: BL31
4. 0000000054660000-00000000ffed8fff: RAM
5. 00000000ffed9000-00000000ffffffff: CONFIGURATION TABLES
6. 0000000100000000-000000013fffffff: RAM
Passing 5 GPIOs to payload:
NAME |       PORT | POLARITY |     VALUE
write protect | 0x00000096 |      low |      high
EC in RW | 0x000000b1 |     high | undefined
EC interrupt | 0x00000097 |      low | undefined
TPM interrupt | 0x00000099 |     high | undefined
speaker enable | 0x000000af |     high | undefined
out: cmd=0x6: 03 f7 06 00 00 00 00 00
in-header: 03 f7 00 00 02 00 00 00
in-data: 04 00
Board ID: 4
ADC[3]: Raw value=213471 ID=1
RAM code: 1
SKU ID: 16
CBFS: 'VBOOT' located CBFS at [402000:470cc0)
Wrote coreboot table at: 00000000ffed9000, 0x394 bytes, checksum edec
coreboot table: 940 bytes.
IMD ROOT    0. 00000000fffff000 00001000
IMD SMALL   1. 00000000ffffe000 00001000
CONSOLE     2. 00000000fffde000 00020000
FMAP        3. 00000000fffdd000 0000047c
TIME STAMP  4. 00000000fffdc000 00000910
VBOOT WORK  5. 00000000fffdb000 00000f00
RAMOOPS     6. 00000000ffedb000 00100000
COREBOOT    7. 00000000ffed9000 00002000
IMD small region:
IMD ROOT    0. 00000000ffffec00 00000400
EC HOSTEVENT 1. 00000000ffffebe0 00000008
VPD         2. 00000000ffffeb60 0000006c
BS: BS_WRITE_TABLES times (ms): entry 0 run 0 exit 0
out: cmd=0xa4: 03 95 a4 00 00 00 0c 00 00 01 00 00 24 32 21 40 00 00 00 00
in-header: 03 e5 00 00 08 00 00 00
in-data: 80 20 60 10 00 00 00 00
Probing TPM:  done!
Connected to device vid:did:rid of 1ae0:0028:00
Firmware version: B2-C:0 RO_A:0.0.12/bf248b9d RW_B:0.5.171/cr50_v2.94_mp.164-2fb1dd676c
Initialized TPM device CR50 revision 0
Checking cr50 for pending updates
Reading cr50 TPM mode
CBFS: 'VBOOT' located CBFS at [402000:470cc0)
CBFS: Locating 'fallback/payload'
CBFS: Found @ offset 511c0 size 1da9b
read SPI 0x4531f8 0x1da9b: 37022 us, 3281 KB/s, 26.248 Mbps
Checking segment from ROM address 0x0000000040003a00
Checking segment from ROM address 0x0000000040003a1c
Loading segment from ROM address 0x0000000040003a00
code (compression=1)
New segment dstaddr 0x0000000080000000 memsize 0x11994a0 srcaddr 0x0000000040003a38 filesize 0x1da63
Loading Segment: addr: 0x0000000080000000 memsz: 0x00000000011994a0 filesz: 0x000000000001da63
using LZMA
[ 0x80000000, 80043968, 0x811994a0) <- 40003a38
Clearing Segment: addr: 0x0000000080043968 memsz: 0x0000000001155b38
Loading segment from ROM address 0x0000000040003a1c
Entry Point 0x0000000080000000
Loaded segments
BS: BS_PAYLOAD_LOAD times (ms): entry 9 run 58 exit 0
Jumping to boot code at 0000000080000000(00000000ffed9000)
CPU0: stack: 0000000000114000 - 0000000000118000, lowest used address 0000000000117690, stack used: 2416 bytes
CBFS: 'VBOOT' located CBFS at [402000:470cc0)
CBFS: Locating 'fallback/bl31'
CBFS: Found @ offset 36d40 size 5820
read SPI 0x438d68 0x5820: 6880 us, 3279 KB/s, 26.232 Mbps
Checking segment from ROM address 0x0000000040003a00
Checking segment from ROM address 0x0000000040003a1c
Loading segment from ROM address 0x0000000040003a00
code (compression=1)
New segment dstaddr 0x0000000054600000 memsize 0x29000 srcaddr 0x0000000040003a38 filesize 0x57e8
Loading Segment: addr: 0x0000000054600000 memsz: 0x0000000000029000 filesz: 0x00000000000057e8
using LZMA
[ 0x54600000, 5460f420, 0x54629000) <- 40003a38
Clearing Segment: addr: 0x000000005460f420 memsz: 0x0000000000019be0
Loading segment from ROM address 0x0000000040003a1c
Entry Point 0x0000000054601000
Loaded segments
NOTICE:  MT8183 bl31_setup
NOTICE:  BL31: v2.1(debug):v2.1-806-g3addeb68c
NOTICE:  BL31: Built : Sun Jan 30 03:25:20 UTC 2022
INFO:    [DEVAPC] dump DEVAPC registers:
INFO:    [DEVAPC] (INFRA)D0_APC_0 = 0x0, (INFRA)D1_APC_0 = 0xfcfffffc, (INFRA)D2_APC_0 = 0x0
INFO:    [DEVAPC] (INFRA)D0_APC_1 = 0x0, (INFRA)D1_APC_1 = 0xffffffff, (INFRA)D2_APC_1 = 0x0
INFO:    [DEVAPC] (INFRA)D0_APC_2 = 0x0, (INFRA)D1_APC_2 = 0xffffffff, (INFRA)D2_APC_2 = 0x0
INFO:    [DEVAPC] (INFRA)D0_APC_3 = 0x0, (INFRA)D1_APC_3 = 0xffffffff, (INFRA)D2_APC_3 = 0x0
INFO:    [DEVAPC] (INFRA)D0_APC_4 = 0x80000000, (INFRA)D1_APC_4 = 0xffffffff, (INFRA)D2_APC_4 = 0x0
INFO:    [DEVAPC] (INFRA)D0_APC_5 = 0x2aaa, (INFRA)D1_APC_5 = 0xfcff3fff, (INFRA)D2_APC_5 = 0x0
INFO:    [DEVAPC] (INFRA)D0_APC_6 = 0x0, (INFRA)D1_APC_6 = 0xffffffff, (INFRA)D2_APC_6 = 0x0
INFO:    [DEVAPC] (INFRA)D0_APC_7 = 0x0, (INFRA)D1_APC_7 = 0xffffffff, (INFRA)D2_APC_7 = 0x0
INFO:    [DEVAPC] (INFRA)D0_APC_8 = 0x0, (INFRA)D1_APC_8 = 0xffffffff, (INFRA)D2_APC_8 = 0x0
INFO:    [DEVAPC] (INFRA)D0_APC_9 = 0x0, (INFRA)D1_APC_9 = 0xffffffff, (INFRA)D2_APC_9 = 0x0
INFO:    [DEVAPC] (INFRA)D0_APC_10 = 0x0, (INFRA)D1_APC_10 = 0xffffffff, (INFRA)D2_APC_10 = 0x0
INFO:    [DEVAPC] (INFRA)D0_APC_11 = 0x0, (INFRA)D1_APC_11 = 0xffffffff, (INFRA)D2_APC_11 = 0x0
INFO:    [DEVAPC] (INFRA)D0_APC_12 = 0x0, (INFRA)D1_APC_12 = 0xff, (INFRA)D2_APC_12 = 0x0
INFO:    [DEVAPC] (MM)D0_APC_0 = 0x0, (MM)D1_APC_0 = 0xffc000ff, (MM)D2_APC_0 = 0x0
INFO:    [DEVAPC] (MM)D0_APC_1 = 0x0, (MM)D1_APC_1 = 0x3fffffff, (MM)D2_APC_1 = 0x0
INFO:    [DEVAPC] (MM)D0_APC_2 = 0x0, (MM)D1_APC_2 = 0xcffff33c, (MM)D2_APC_2 = 0x0
INFO:    [DEVAPC] (MM)D0_APC_3 = 0x0, (MM)D1_APC_3 = 0x3ccfc0ff, (MM)D2_APC_3 = 0x0
INFO:    [DEVAPC] (MM)D0_APC_4 = 0x0, (MM)D1_APC_4 = 0xffff0000, (MM)D2_APC_4 = 0x0
INFO:    [DEVAPC] (MM)D0_APC_5 = 0x0, (MM)D1_APC_5 = 0xffffffff, (MM)D2_APC_5 = 0x0
INFO:    [DEVAPC] (MM)D0_APC_6 = 0x0, (MM)D1_APC_6 = 0xffffffff, (MM)D2_APC_6 = 0x0
INFO:    [DEVAPC] (MM)D0_APC_7 = 0x0, (MM)D1_APC_7 = 0xffffffff, (MM)D2_APC_7 = 0x0
INFO:    [DEVAPC] (MM)D0_APC_8 = 0x0, (MM)D1_APC_8 = 0x3ffffff, (MM)D2_APC_8 = 0x0
INFO:    [DEVAPC] MAS_DOM_0 = 0x1
INFO:    [DEVAPC] MAS_DOM_1 = 0x200
INFO:    [DEVAPC] MAS_DOM_2 = 0x0
INFO:    [DEVAPC] MAS_DOM_3 = 0x2000
INFO:    [DEVAPC] MAS_SEC_0 = 0x8000000
INFO:    [DEVAPC]  (INFRA)MAS_DOMAIN_REMAP_0 = 0x88, (INFRA)MAS_DOMAIN_REMAP_1 = 0x0
INFO:    [DEVAPC]  (MM)MAS_DOMAIN_REMAP_0 = 0x24
WARNING: region 0:
WARNING: ?apc:0x168, sa:0x0, ea:0xfff
WARNING: region 1:
WARNING: ?apc:0x140, sa:0x1000, ea:0x128f
WARNING: region 2:
WARNING: ?apc:0x168, sa:0x1290, ea:0x1fff
WARNING: region 3:
WARNING: ?apc:0x168, sa:0x2000, ea:0xbfff
WARNING: region 4:
WARNING: ?apc:0x168, sa:0xc000, ea:0x1ffff
WARNING: region 5:
WARNING: ?apc:0x0, sa:0x0, ea:0x0
WARNING: region 6:
WARNING: ?apc:0x0, sa:0x0, ea:0x0
WARNING: region 7:
WARNING: ?apc:0x0, sa:0x0, ea:0x0
INFO:    GICv3 without legacy support detected. ARM GICv3 driver initialized in EL3
INFO:    SPM: enable SPMC mode
NOTICE:  spm_boot_init() start
NOTICE:  spm_boot_init() end
INFO:    BL31: Initializing runtime services
INFO:    BL31: cortex_a53: CPU workaround for 855873 was applied
INFO:    BL31: Preparing for EL3 exit to normal world
INFO:    Entry point address = 0x80000000
INFO:    SPSR = 0x8
Starting depthcharge on Juniper...
vboot_handoff: creating legacy vboot_handoff structure
vboot_handoff: copying FW preamble
ec_init(0): CrosEC protocol v3 supported (544, 544)
Wipe memory regions:
[0x00000040000000, 0x00000054600000)
[0x00000054660000, 0x00000080000000)
[0x000000811994a0, 0x000000ffed9000)
[0x00000100000000, 0x00000140000000)
Initializing XHCI USB controller at 0x11200000.
[firmware-jacuzzi-12573.B-collabora] Jun  8 2022 08:18:54
jacuzzi: tftpboot 192.168.201.1 14149369/tftp-deploy-60p37ltc/kernel/image.itb 14149369/tftp-deploy-60p37ltc/kernel/cmdline
tftpboot 192.168.201.1 14149369/tftp-deploy-60p37ltc/kernel/image.itbtp-deploy-60p37ltc/kernel/cmdline
Waiting for link
R8152: Initializing
Version 9 (ocp_data = 6010)
R8152: Done initializing
Adding net device
done.
MAC: 00:e0:4c:72:3d:a6
Sending DHCP discover... done.
Waiting for reply... done.
Sending DHCP request... done.
Waiting for reply... done.
My ip is 192.168.201.20
The DHCP server ip is 192.168.201.1
TFTP server IP predefined by user: 192.168.201.1
Bootfile predefined by user: 14149369/tftp-deploy-60p37ltc/kernel/image.itb
Sending tftp read request... done.
Waiting for the transfer...
00000000 ################################################################
00080000 ################################################################
00100000 ################################################################
00180000 ################################################################
00200000 ################################################################
00280000 ################################################################
00300000 ################################################################
00380000 ################################################################
00400000 ################################################################
00480000 ################################################################
00500000 ################################################################
00580000 ################################################################
00600000 ################################################################
00680000 ################################################################
00700000 ################################################################
00780000 ################################################################
00800000 ################################################################
00880000 ################################################################
00900000 ################################################################
00980000 ################################################################
00a00000 ################################################################
00a80000 ################################################################
00b00000 ################################################################
00b80000 ################################################################
00c00000 ################################################################
00c80000 ################################################################
00d00000 ################################################################
00d80000 ################################################################
00e00000 ################################################################
00e80000 ################################################################
00f00000 ################################################################
00f80000 ################################################################
01000000 ################################################################
01080000 ################################################################
01100000 ################################################################
01180000 ################################################################
01200000 ################################################################
01280000 ################################################################
01300000 ################################################################
01380000 ################################################################
01400000 ################################################################
01480000 ################################################################
01500000 ########################### done.
The bootfile was 22234666 bytes long.
Sending tftp read request... done.
Waiting for the transfer...
00000000 # done.
Command line loaded dynamically from TFTP file: 14149369/tftp-deploy-60p37ltc/kernel/cmdline
The command line is: earlyprintk=ttyS0,115200n8 console=tty1  console=ttyS0,115200n8 root=/dev/ram0 ip=dhcp tftpserverip=192.168.201.1
Loading FIT.
Image ramdisk-1 has 12955500 bytes.
Image fdt-1 has 58972 bytes.
Image kernel-1 has 9218148 bytes.
Compat preference: google,juniper-rev4-sku16 google,juniper-sku16 google,juniper-rev4 google,juniper
Config conf-1 (default), kernel kernel-1, fdt fdt-1, ramdisk ramdisk-1, compat google,juniper-sku16 (match) google,juniper mediatek,mt8183
Choosing best match conf-1 for compat google,juniper-sku16.
Connected to device vid:did:rid of 1ae0:0028:00
tpm_get_response: command 0x17b, return code 0x0
tpm_cleanup: add release locality here.
Shutting down all USB controllers.
Removing current net device
Exiting depthcharge with code 4 at timestamp: 16045970
LZMA decompressing kernel-1 to 0x80193568
LZMA decompressing kernel-1 to 0x40000000
jumping to kernel
[    0.000000] Booting Linux on physical CPU 0x0000000000 [0x410fd034]
[    0.000000] Linux version 6.6.33-rc1 (kernelci@kci-665dc612b78bdbd69e271e1c-kbuild-gcc-10-arm64-chro-bd4i96p4k) (aarch64-linux-gnu-gcc (Debian 10.2.1-6) 10.2.1 20210110, GNU ld (GNU Binutils for Debian) 2.35.2) #1 SMP PREEMPT Mon Jun  3 13:49:48 UTC 2024
[    0.000000] KASLR enabled
[    0.000000] random: crng init done
[    0.000000] Machine model: Google juniper sku16 board
[    0.000000] Reserved memory: created DMA memory pool at 0x0000000050000000, size 41 MiB
[    0.000000] OF: reserved mem: initialized node memory@50000000, compatible id shared-dma-pool
[    0.000000] OF: reserved mem: 0x0000000050000000..0x00000000528fffff (41984 KiB) nomap non-reusable memory@50000000
[    0.000000] OF: reserved mem: 0x00000000ffedb000..0x00000000fffdafff (1024 KiB) map non-reusable ramoops
[    0.000000] Zone ranges:
[    0.000000]   DMA      [mem 0x0000000040000000-0x00000000ffffffff]
[    0.000000]   DMA32    empty
[    0.000000]   Normal   [mem 0x0000000100000000-0x000000013fffffff]
[    0.000000] Movable zone start for each node
[    0.000000] Early memory node ranges
[    0.000000]   node   0: [mem 0x0000000040000000-0x000000004fffffff]
[    0.000000]   node   0: [mem 0x0000000050000000-0x00000000528fffff]
[    0.000000]   node   0: [mem 0x0000000052900000-0x00000000545fffff]
[    0.000000]   node   0: [mem 0x0000000054700000-0x00000000ffdfffff]
[    0.000000]   node   0: [mem 0x0000000100000000-0x000000013fffffff]
[    0.000000] Initmem setup node 0 [mem 0x0000000040000000-0x000000013fffffff]
[    0.000000] On node 0, zone DMA: 256 pages in unavailable ranges
[    0.000000] On node 0, zone Normal: 512 pages in unavailable ranges
[    0.000000] psci: probing for conduit method from DT.
[    0.000000] psci: PSCIv1.1 detected in firmware.
[    0.000000] psci: Using standard PSCI v0.2 function IDs
[    0.000000] psci: MIGRATE_INFO_TYPE not supported.
[    0.000000] psci: SMC Calling Convention v1.1
[    0.000000] percpu: Embedded 31 pages/cpu s87992 r8192 d30792 u126976
[    0.000000] Detected VIPT I-cache on CPU0
[    0.000000] CPU features: detected: GIC system register CPU interface
[    0.000000] CPU features: kernel page table isolation forced ON by KASLR
[    0.000000] CPU features: detected: Kernel page table isolation (KPTI)
[    0.000000] CPU features: detected: ARM erratum 845719
[    0.000000] alternatives: applying boot alternatives
[    0.000000] Kernel command line: earlyprintk=ttyS0,115200n8 console=tty1  console=ttyS0,115200n8 root=/dev/ram0 ip=dhcp tftpserverip=192.168.201.1
[    0.000000] Unknown kernel command line parameters "earlyprintk=ttyS0,115200n8 ip=dhcp tftpserverip=192.168.201.1", will be passed to user space.
[    0.000000] Dentry cache hash table entries: 524288 (order: 10, 4194304 bytes, linear)
[    0.000000] Inode-cache hash table entries: 262144 (order: 9, 2097152 bytes, linear)
[    0.000000] Built 1 zonelists, mobility grouping on.  Total pages: 1031424
[    0.000000] mem auto-init: stack:off, heap alloc:on, heap free:off
[    0.000000] software IO TLB: area num 8.
[    0.000000] software IO TLB: mapped [mem 0x00000000fbe00000-0x00000000ffe00000] (64MB)
[    0.000000] Memory: 3947624K/4191232K available (12224K kernel code, 2920K rwdata, 16960K rodata, 6208K init, 640K bss, 243608K reserved, 0K cma-reserved)
[    0.000000] SLUB: HWalign=64, Order=0-3, MinObjects=0, CPUs=8, Nodes=1
[    0.000000] ftrace: allocating 51719 entries in 203 pages
[    0.000000] ftrace: allocated 203 pages with 5 groups
[    0.000000] trace event string verifier disabled
[    0.000000] rcu: Preemptible hierarchical RCU implementation.
[    0.000000] ?Trampoline variant of Tasks RCU enabled.
[    0.000000] ?Rude variant of Tasks RCU enabled.
[    0.000000] ?Tracing variant of Tasks RCU enabled.
[    0.000000] rcu: RCU calculated value of scheduler-enlistment delay is 100 jiffies.
[    0.000000] NR_IRQS: 64, nr_irqs: 64, preallocated irqs: 0
[    0.000000] GIC: enabling workaround for GICv3: Mediatek Chromebook GICR save problem
[    0.000000] GICv3: GIC: Using split EOI/Deactivate mode
[    0.000000] GICv3: 640 SPIs implemented
[    0.000000] GICv3: 0 Extended SPIs implemented
[    0.000000] Root IRQ handler: gic_handle_irq
[    0.000000] GICv3: GICv3 features: 16 PPIs
[    0.000000] GICv3: CPU0: found redistributor 0 region 0:0x000000000c100000
[    0.000000] GICv3: GIC: PPI partition interrupt-partition-0[0] { /cpus/cpu@0[0] /cpus/cpu@1[1] /cpus/cpu@2[2] /cpus/cpu@3[3] }
[    0.000000] GICv3: GIC: PPI partition interrupt-partition-1[1] { /cpus/cpu@100[4] /cpus/cpu@101[5] /cpus/cpu@102[6] /cpus/cpu@103[7] }
[    0.000000] rcu: ?Offload RCU callbacks from CPUs: 0-7.
[    0.000000] rcu: srcu_init: Setting srcu_struct sizes based on contention.
[    0.000000] arch_timer: cp15 timer(s) running at 13.00MHz (phys).
[    0.000000] clocksource: arch_sys_counter: mask: 0xffffffffffffff max_cycles: 0x2ff89eacb, max_idle_ns: 440795202429 ns
[    0.000001] sched_clock: 56 bits at 13MHz, resolution 76ns, wraps every 4398046511101ns
[    0.000560] kfence: initialized - using 2097152 bytes for 255 objects at 0x(____ptrval____)-0x(____ptrval____)
[    0.000718] Console: colour dummy device 80x25
[    0.000728] printk: console [tty1] enabled
[    0.001362] Calibrating delay loop (skipped), value calculated using timer frequency.. 26.00 BogoMIPS (lpj=13000)
[    0.001383] pid_max: default: 32768 minimum: 301
[    0.001485] LSM: initializing lsm=capability,landlock,yama,loadpin,safesetid,selinux,bpf,integrity
[    0.001534] landlock: Up and running.
[    0.001543] Yama: becoming mindful.
[    0.001563] LoadPin: ready to pin (currently enforcing)
[    0.001582] SELinux:  Initializing.
[    0.001670] LSM support for eBPF active
[    0.001794] Mount-cache hash table entries: 8192 (order: 4, 65536 bytes, linear)
[    0.001821] Mountpoint-cache hash table entries: 8192 (order: 4, 65536 bytes, linear)
[    0.003721] RCU Tasks: Setting shift to 3 and lim to 1 rcu_task_cb_adjust=1.
[    0.003813] RCU Tasks Rude: Setting shift to 3 and lim to 1 rcu_task_cb_adjust=1.
[    0.003904] RCU Tasks Trace: Setting shift to 3 and lim to 1 rcu_task_cb_adjust=1.
[    0.004101] rcu: Hierarchical SRCU implementation.
[    0.004113] rcu: ?Max phase no-delay instances is 400.
[    0.005110] smp: Bringing up secondary CPUs ...
[    0.005888] Detected VIPT I-cache on CPU1
[    0.005953] GICv3: CPU1: found redistributor 1 region 0:0x000000000c120000
[    0.005999] CPU1: Booted secondary processor 0x0000000001 [0x410fd034]
[    0.006753] Detected VIPT I-cache on CPU2
[    0.006793] GICv3: CPU2: found redistributor 2 region 0:0x000000000c140000
[    0.006809] CPU2: Booted secondary processor 0x0000000002 [0x410fd034]
[    0.007547] Detected VIPT I-cache on CPU3
[    0.007585] GICv3: CPU3: found redistributor 3 region 0:0x000000000c160000
[    0.007600] CPU3: Booted secondary processor 0x0000000003 [0x410fd034]
[    0.008570] CPU features: detected: Spectre-v2
[    0.008582] CPU features: detected: Spectre-BHB
[    0.008587] CPU features: detected: ARM erratum 858921
[    0.008594] Detected VIPT I-cache on CPU4
[    0.008646] GICv3: CPU4: found redistributor 100 region 0:0x000000000c180000
[    0.008657] arch_timer: Enabling local workaround for ARM erratum 858921
[    0.008672] arch_timer: CPU4: Trapping CNTVCT access
[    0.008683] CPU4: Booted secondary processor 0x0000000100 [0x410fd092]
[    0.009456] Detected VIPT I-cache on CPU5
[    0.009504] GICv3: CPU5: found redistributor 101 region 0:0x000000000c1a0000
[    0.009513] arch_timer: Enabling local workaround for ARM erratum 858921
[    0.009523] arch_timer: CPU5: Trapping CNTVCT access
[    0.009532] CPU5: Booted secondary processor 0x0000000101 [0x410fd092]
[    0.010356] Detected VIPT I-cache on CPU6
[    0.010406] GICv3: CPU6: found redistributor 102 region 0:0x000000000c1c0000
[    0.010416] arch_timer: Enabling local workaround for ARM erratum 858921
[    0.010425] arch_timer: CPU6: Trapping CNTVCT access
[    0.010434] CPU6: Booted secondary processor 0x0000000102 [0x410fd092]
[    0.011256] Detected VIPT I-cache on CPU7
[    0.011308] GICv3: CPU7: found redistributor 103 region 0:0x000000000c1e0000
[    0.011317] arch_timer: Enabling local workaround for ARM erratum 858921
[    0.011327] arch_timer: CPU7: Trapping CNTVCT access
[    0.011336] CPU7: Booted secondary processor 0x0000000103 [0x410fd092]
[    0.011424] smp: Brought up 1 node, 8 CPUs
[    0.011664] SMP: Total of 8 processors activated.
[    0.011675] CPU features: detected: 32-bit EL0 Support
[    0.011684] CPU features: detected: 32-bit EL1 Support
[    0.011695] CPU features: detected: CRC32 instructions
[    0.011779] CPU features: emulated: Privileged Access Never (PAN) using TTBR0_EL1 switching
[    0.011798] CPU: All CPU(s) started at EL2
[    0.011816] alternatives: applying system-wide alternatives
[    0.014072] devtmpfs: initialized
[    0.025299] clocksource: jiffies: mask: 0xffffffff max_cycles: 0xffffffff, max_idle_ns: 1911260446275000 ns
[    0.025350] futex hash table entries: 2048 (order: 5, 131072 bytes, linear)
[    0.025649] pinctrl core: initialized pinctrl subsystem
[    0.026174] NET: Registered PF_NETLINK/PF_ROUTE protocol family
[    0.027166] DMA: preallocated 512 KiB GFP_KERNEL pool for atomic allocations
[    0.027319] DMA: preallocated 512 KiB GFP_KERNEL|GFP_DMA pool for atomic allocations
[    0.027468] DMA: preallocated 512 KiB GFP_KERNEL|GFP_DMA32 pool for atomic allocations
[    0.027518] audit: initializing netlink subsys (disabled)
[    0.027647] audit: type=2000 audit(0.027:1): state=initialized audit_enabled=0 res=1
[    0.028446] thermal_sys: Registered thermal governor 'step_wise'
[    0.028452] thermal_sys: Registered thermal governor 'user_space'
[    0.028466] thermal_sys: Registered thermal governor 'power_allocator'
[    0.028524] cpuidle: using governor ladder
[    0.028562] cpuidle: using governor menu
[    0.028648] NET: Registered PF_QIPCRTR protocol family
[    0.028855] hw-breakpoint: found 6 breakpoint and 4 watchpoint registers.
[    0.029028] ASID allocator initialised with 32768 entries
[    0.030344] pstore: Using crash dump compression: deflate
[    0.030361] printk: console [ramoops-1] enabled
[    0.030959] pstore: Registered ramoops as persistent store backend
[    0.030975] ramoops: using 0x100000@0xffedb000, ecc: 0
[    0.054979] platform 14014000.dsi: Fixed dependency cycle(s) with /soc/i2c@11008000/anx7625@58
[    0.061791] Modules: 2G module region forced by RANDOMIZE_MODULE_REGION_FULL
[    0.061819] Modules: 0 pages in range for non-PLT usage
[    0.061823] Modules: 514512 pages in range for PLT usage
[    0.062813] cryptd: max_cpu_qlen set to 1000
[    0.063713] iommu: Default domain type: Translated
[    0.063736] iommu: DMA domain TLB invalidation policy: strict mode
[    0.064228] SCSI subsystem initialized
[    0.064418] usbcore: registered new interface driver usbfs
[    0.064475] usbcore: registered new interface driver hub
[    0.064520] usbcore: registered new device driver usb
[    0.064647] mc: Linux media interface: v0.10
[    0.064856] videodev: Linux video capture interface: v2.00
[    0.066562] Advanced Linux Sound Architecture Driver Initialized.
[    0.067364] vgaarb: loaded
[    0.067687] clocksource: Switched to clocksource arch_sys_counter
[    0.068104] VFS: Disk quotas dquot_6.6.0
[    0.068154] VFS: Dquot-cache hash table entries: 512 (order 0, 4096 bytes)
[    0.075534] NET: Registered PF_INET protocol family
[    0.075709] IP idents hash table entries: 65536 (order: 7, 524288 bytes, linear)
[    0.078563] tcp_listen_portaddr_hash hash table entries: 2048 (order: 4, 65536 bytes, linear)
[    0.078647] Table-perturb hash table entries: 65536 (order: 6, 262144 bytes, linear)
[    0.078719] TCP established hash table entries: 32768 (order: 6, 262144 bytes, linear)
[    0.079113] TCP bind hash table entries: 32768 (order: 9, 2097152 bytes, linear)
[    0.079788] TCP: Hash tables configured (established 32768 bind 32768)
[    0.079982] UDP hash table entries: 2048 (order: 5, 196608 bytes, linear)
[    0.080106] UDP-Lite hash table entries: 2048 (order: 5, 196608 bytes, linear)
[    0.080345] NET: Registered PF_UNIX/PF_LOCAL protocol family
[    0.080747] RPC: Registered named UNIX socket transport module.
[    0.080768] RPC: Registered udp transport module.
[    0.080782] RPC: Registered tcp transport module.
[    0.080794] RPC: Registered tcp-with-tls transport module.
[    0.080808] RPC: Registered tcp NFSv4.1 backchannel transport module.
[    0.080827] PCI: CLS 0 bytes, default 64
[    0.081042] Unpacking initramfs...
[    0.088805] kvm [1]: IPA Size Limit: 40 bits
[    0.091049] kvm [1]: vgic-v2@c420000
[    0.091084] kvm [1]: GIC system register CPU interface enabled
[    0.091124] kvm [1]: vgic interrupt IRQ18
[    0.091158] kvm [1]: Hyp mode initialized successfully
[    0.466017] Initialise system trusted keyrings
[    0.466172] workingset: timestamp_bits=62 max_order=20 bucket_order=0
[    0.466869] squashfs: version 4.0 (2009/01/31) Phillip Lougher
[    0.467230] NFS: Registering the id_resolver key type
[    0.467265] Key type id_resolver registered
[    0.467280] Key type id_legacy registered
[    0.486357] jitterentropy: Initialization failed with host not compliant with requirements: 9
[    0.486397] Key type asymmetric registered
[    0.486412] Asymmetric key parser 'x509' registered
[    0.486495] Block layer SCSI generic (bsg) driver version 0.4 loaded (major 245)
[    0.486636] io scheduler mq-deadline registered
[    0.486653] io scheduler kyber registered
[    0.486724] io scheduler bfq registered
[    0.513903] Serial: 8250/16550 driver, 4 ports, IRQ sharing disabled
[    0.516124] printk: console [ttyS0] disabled
[    0.536566] 11002000.serial: ttyS0 at MMIO 0x11002000 (irq = 240, base_baud = 1625000) is a ST16650V2
[    0.536652] printk: console [ttyS0] enabled
[    0.540457] Freeing initrd memory: 12648K
[    0.543532] mt8183-pinctrl 10005000.pinctrl: pin_config_group_set op failed for group 47
[    1.783100] mt6577-uart 11003000.serial: Error applying setting, reverse things back
[    1.811698] 11003000.serial: ttyS1 at MMIO 0x11003000 (irq = 241, base_baud = 1625000) is a ST16650V2
[    1.821180] serial serial0: tty port ttyS1 registered
[    1.828219] usbcore: registered new interface driver udl
[    1.844400] loop: module loaded
[    1.847636] lkdtm: No crash points registered, enable through debugfs
[    1.859705] spi-nor spi1.0: w25q64dw (8192 Kbytes)
[    1.863514] vsim1: Bringing 1800000uV into 2700000-2700000uV
[    1.870215] PPP generic driver version 2.4.2
[    1.870593] tpm_tis_spi spi0.0: TPM ready IRQ confirmed on attempt 2
[    1.874646] PPP MPPE Compression module registered
[    1.885714] usbcore: registered new device driver r8152-cfgselector
[    1.892017] usbcore: registered new interface driver r8152
[    1.894883] tpm_tis_spi spi0.0: 2.0 TPM (device-id 0x28, rev-id 0)
[    1.898643] mtu3 11201000.usb: uwk - reg:0x420, version:101
[    1.909329] mtu3 11201000.usb: supply vbus not found, using dummy regulator
[    1.916390] mtu3 11201000.usb: dr_mode: 1, drd: auto
[    1.921368] mtu3 11201000.usb: u2p_dis_msk: 0, u3p_dis_msk: 0
[    1.927354] mtu3 11201000.usb: usb3-drd: 0
[    1.932149] mtu3 11201000.usb: xHCI platform device register success...
[    1.940020] xhci-mtk 11200000.usb: supply vbus not found, using dummy regulator
[    1.947925] xhci-mtk 11200000.usb: xHCI Host Controller
[    1.953335] xhci-mtk 11200000.usb: new USB bus registered, assigned bus number 1
[    1.960833] xhci-mtk 11200000.usb: USB3 root hub has no ports
[    1.966594] xhci-mtk 11200000.usb: hcc params 0x01400f99 hci version 0x110 quirks 0x0000000000200010
[    1.975779] xhci-mtk 11200000.usb: irq 251, io mem 0x11200000
[    1.981009] tpm_tis_spi spi0.0: Cr50 firmware version: B2-C:0 RO_A:0.0.12/bf248b9d RW_B:0.5.171/cr50_v2.94_mp.164-2fb1d
[    1.981905] usb usb1: New USB device found, idVendor=1d6b, idProduct=0002, bcdDevice= 6.06
[    2.000597] usb usb1: New USB device strings: Mfr=3, Product=2, SerialNumber=1
[    2.007831] usb usb1: Product: xHCI Host Controller
[    2.012718] usb usb1: Manufacturer: Linux 6.6.33-rc1 xhci-hcd
[    2.018474] usb usb1: SerialNumber: 11200000.usb
[    2.023551] hub 1-0:1.0: USB hub found
[    2.027363] hub 1-0:1.0: 1 port detected
[    2.032120] usbcore: registered new interface driver cdc_acm
[    2.037802] cdc_acm: USB Abstract Control Model driver for USB modems and ISDN adapters
[    2.045953] usbcore: registered new interface driver uas
[    2.051319] usbcore: registered new interface driver usb-storage
[    2.057362] usbcore: registered new device driver onboard-usb-hub
[    2.070823] onboard-usb-hub 11200000.usb:hub@1: supply vdd not found, using dummy regulator
[    2.081210] mt6397-rtc mt6358-rtc: registered as rtc0
[    2.086491] mt6397-rtc mt6358-rtc: setting system clock to 2024-06-03T13:55:20 UTC (1717422920)
[    2.095269] i2c_dev: i2c /dev entries driver
[    2.101660] platform 14014000.dsi: Fixed dependency cycle(s) with /soc/i2c@11008000/anx7625@58
[    2.110381] i2c 4-0058: Fixed dependency cycle(s) with /soc/i2c@11008000/anx7625@58/aux-bus/panel
[    2.119286] i2c 4-0058: Fixed dependency cycle(s) with /soc/dsi@14014000
[    2.132065] device-mapper: ioctl: 4.48.0-ioctl (2023-03-01) initialised: dm-devel@redhat.com
[    2.144650] cpu cpu0: EM: created perf domain
[    2.149496] cpufreq: cpufreq_online: CPU4: Running at unlisted initial frequency: 1199999 KHz, changing to: 1248000 KHz
[    2.160762] cpu cpu4: EM: created perf domain
[    2.166712] sdhci: Secure Digital Host Controller Interface driver
[    2.172901] sdhci: Copyright(c) Pierre Ossman
[    2.177565] sdhci-pltfm: SDHCI platform and OF driver helper
[    2.183302] mtk-msdc 11240000.mmc: allocated mmc-pwrseq
[    2.184650] hid: raw HID events driver (C) Jiri Kosina
[    2.194425] usbcore: registered new interface driver usbhid
[    2.200028] usbhid: USB HID core driver
[    2.204345] i2c_hid_of 2-002c: supply vdd not found, using dummy regulator
[    2.204638] spi_master spi2: will run message pump with realtime priority
[    2.211483] i2c_hid_of 2-002c: supply vddl not found, using dummy regulator
[    2.218351] hw perfevents: enabled with armv8_cortex_a53 PMU driver, 7 counters available
[    2.235596] hw perfevents: enabled with armv8_cortex_a73 PMU driver, 7 counters available
[    2.247879] mt6358-sound mt6358-sound: mt6358_platform_driver_probe(), dev name mt6358-sound
[    2.260092] mt8183_mt6358_ts3a227 mt8183-sound: mt8183_mt6358_ts3a227_max98357_dev_probe Can't find pin state wov -19
[    2.260210] thermal thermal_zone0: power_allocator: sustainable_power will be estimated
[    2.271554] GACT probability NOT on
[    2.278823] sbs-battery 12-000b: sbs-battery: battery gas gauge device registered
[    2.282790] xt_time: kernel timezone is -0000
[    2.294213] Initializing XFRM netlink socket
[    2.298605] NET: Registered PF_INET6 protocol family
[    2.305906] Segment Routing with IPv6
[    2.309660] In-situ OAM (IOAM) with IPv6
[    2.309945] mmc1: queuing unknown CIS tuple 0x01 [d9 01 ff] (3 bytes)
[    2.313694] NET: Registered PF_PACKET protocol family
[    2.325132] NET: Registered PF_KEY protocol family
[    2.329957] Key type dns_resolver registered
[    2.332447] mmc1: queuing unknown CIS tuple 0x1a [01 01 00 02 07] (5 bytes)
[    2.334756] NET: Registered PF_VSOCK protocol family
[    2.341382] mtk-msdc 11230000.mmc: Final PAD_DS_TUNE: 0x11c14
[    2.346317] mmc1: queuing unknown CIS tuple 0x1b [c1 41 30 30 ff ff 32 00] (8 bytes)
[    2.351492] registered taskstats version 1
[    2.351634] Loading compiled-in X.509 certificates
[    2.354497] mmc0: new HS400 MMC card at address 0001
[    2.356801] Key type .fscrypt registered
[    2.356808] Key type fscrypt-provisioning registered
[    2.356979] Key type encrypted registered
[    2.360732] mmc1: queuing unknown CIS tuple 0x14 [] (0 bytes)
[    2.365243] mmcblk0: mmc0:0001 DA4032 29.1 GiB
[    2.365703] input: hid-over-i2c 06CB:CDB5 Mouse as /devices/platform/soc/11009000.i2c/i2c-2/2-002c/0018:06CB:CDB5.0001/input/input0
[    2.366376] hid-generic 0018:06CB:CDB5.0001: input,hidraw0: I2C HID v1.00 Mouse [hid-over-i2c 06CB:CDB5] on 2-002c
[    2.374750] mediatek-drm mediatek-drm.9.auto: Adding component match for /soc/ovl@14008000
[    2.386058]  mmcblk0: p1 p2 p3 p4 p5 p6 p7 p8 p9 p10 p11 p12
[    2.386515] mediatek-drm mediatek-drm.9.auto: Adding component match for /soc/ovl@14009000
[    2.397710] mmcblk0boot0: mmc0:0001 DA4032 4.00 MiB
[    2.408548] mediatek-drm mediatek-drm.9.auto: Adding component match for /soc/ovl@1400a000
[    2.408539] OF: graph: no port node found in /soc/spi@11012000/cros-ec@0/typec/connector@0
[    2.408590] OF: graph: no port node found in /soc/spi@11012000/cros-ec@0/typec/connector@0
[    2.408605] OF: graph: no port node found in /soc/spi@11012000/cros-ec@0/typec/connector@0
[    2.408778] OF: graph: no port node found in /soc/spi@11012000/cros-ec@0/typec/connector@0
[    2.408793] OF: graph: no port node found in /soc/spi@11012000/cros-ec@0/typec/connector@0
[    2.408806] OF: graph: no port node found in /soc/spi@11012000/cros-ec@0/typec/connector@0
[    2.408822] OF: graph: no port node found in /soc/spi@11012000/cros-ec@0/typec/connector@0
[    2.408836] OF: graph: no port node found in /soc/spi@11012000/cros-ec@0/typec/connector@0
[    2.408848] OF: graph: no port node found in /soc/spi@11012000/cros-ec@0/typec/connector@0
[    2.408916] OF: graph: no port node found in /soc/spi@11012000/cros-ec@0/typec/connector@0
[    2.408930] OF: graph: no port node found in /soc/spi@11012000/cros-ec@0/typec/connector@0
[    2.421383] mmcblk0boot1: mmc0:0001 DA4032 4.00 MiB
[    2.424794] input: cros_ec as /devices/platform/soc/11012000.spi/spi_master/spi2/spi2.0/11012000.spi:cros-ec@0:keyboard-controller/input/input2
[    2.427125] mediatek-drm mediatek-drm.9.auto: Adding component match for /soc/rdma@1400b000
[    2.433895] usb 1-1: new high-speed USB device number 2 using xhci-mtk
[    2.441056] mediatek-drm mediatek-drm.9.auto: Adding component match for /soc/rdma@1400c000
[    2.446489] mmcblk0rpmb: mmc0:0001 DA4032 16.0 MiB, chardev (240:0)
[    2.452562] input: cros_ec_buttons as /devices/platform/soc/11012000.spi/spi_master/spi2/spi2.0/11012000.spi:cros-ec@0:keyboard-controller/input/input3
[    2.454176] mediatek-drm mediatek-drm.9.auto: Adding component match for /soc/color@1400e000
[    2.454422] cros-ec-spi spi2.0: Chrome EC device registered
[    2.577448] usb 1-1: New USB device found, idVendor=05e3, idProduct=0610, bcdDevice=60.60
[    2.577761] mediatek-drm mediatek-drm.9.auto: Adding component match for /soc/ccorr@1400f000
[    2.585954] usb 1-1: New USB device strings: Mfr=0, Product=1, SerialNumber=0
[    2.590119] mmc1: new ultra high speed SDR104 SDIO card at address 0001
[    2.592241] mediatek-drm mediatek-drm.9.auto: Adding component match for /soc/aal@14010000
[    2.605757] usb 1-1: Product: USB2.0 Hub
[    2.614206] mediatek-drm mediatek-drm.9.auto: Adding component match for /soc/gamma@14011000
[    2.621838] hub 1-1:1.0: USB hub found
[    2.628056] mediatek-drm mediatek-drm.9.auto: Adding component match for /soc/dsi@14014000
[    2.636882] hub 1-1:1.0: 3 ports detected
[    2.683306] sbs-battery 12-000b: I2C adapter does not support I2C_FUNC_SMBUS_READ_BLOCK_DATA.
[    2.683306] Fallback method does not support PEC.
[    2.706729] power_supply sbs-12-000b: driver failed to report `technology' property: -5
[    2.732194] power_supply sbs-12-000b: driver failed to report `technology' property: -5
[    2.773217] mt8183_mt6358_ts3a227 mt8183-sound: mt8183_mt6358_ts3a227_max98357_dev_probe Can't find pin state wov -19
[    2.784788] anx7625 4-0058: Failed to create device link (0x180) with backlight_lcd0
[    2.793573] mtk-iommu 10205000.iommu: bound 14017000.larb (ops 0xffffffd9a02ac800)
[    2.801170] mtk-iommu 10205000.iommu: bound 16010000.larb (ops 0xffffffd9a02ac800)
[    2.808749] mtk-iommu 10205000.iommu: bound 1502f000.larb (ops 0xffffffd9a02ac800)
[    2.816323] mtk-iommu 10205000.iommu: bound 1a002000.larb (ops 0xffffffd9a02ac800)
[    2.823896] mtk-iommu 10205000.iommu: bound 17010000.larb (ops 0xffffffd9a02ac800)
[    2.831470] mtk-iommu 10205000.iommu: bound 15021000.larb (ops 0xffffffd9a02ac800)
[    2.839042] mtk-iommu 10205000.iommu: bound 1a001000.larb (ops 0xffffffd9a02ac800)
[    2.846830] mediatek-disp-ovl 14008000.ovl: Adding to iommu group 0
[    2.853646] mediatek-disp-ovl 14009000.ovl: Adding to iommu group 0
[    2.860202] mediatek-disp-ovl 1400a000.ovl: Adding to iommu group 0
[    2.866800] mediatek-disp-rdma 1400b000.rdma: Adding to iommu group 0
[    2.873543] mediatek-disp-rdma 1400c000.rdma: Adding to iommu group 0
[    2.880349] panfrost 13040000.gpu: clock rate = 511999970
[    2.888012] panfrost 13040000.gpu: [drm:panfrost_devfreq_init] Failed to register cooling device
[    2.897218] panfrost 13040000.gpu: mali-g72 id 0x6221 major 0x0 minor 0x3 status 0x0
[    2.904968] panfrost 13040000.gpu: features: 00000000,000004f7, issues: 00000000,00000400
[    2.913157] panfrost 13040000.gpu: Features: L2:0x07120206 Shader:0x00000000 Tiler:0x00000809 Mem:0x1 MMU:0x00002830 AS:0xff JS:0x7
[    2.924983] panfrost 13040000.gpu: shader_present=0x7 l2_present=0x1
[    2.931786] usb 1-1.2: new high-speed USB device number 3 using xhci-mtk
[    2.936569] [drm] Initialized panfrost 1.2.0 20180908 for 13040000.gpu on minor 0
[    3.022454] usb 1-1.2: New USB device found, idVendor=0bda, idProduct=8153, bcdDevice=31.00
[    3.030849] usb 1-1.2: New USB device strings: Mfr=1, Product=2, SerialNumber=6
[    3.038158] usb 1-1.2: Product: USB 10/100/1000 LAN
[    3.043037] usb 1-1.2: Manufacturer: Realtek
[    3.047306] usb 1-1.2: SerialNumber: 001000001
[    3.099799] panel-simple-dp-aux aux-4-0058: Detected AUO B116XAB01.4 (0x145c)
[    3.107488] mediatek-drm mediatek-drm.9.auto: bound 14008000.ovl (ops 0xffffffd99f7567e0)
[    3.115679] mediatek-drm mediatek-drm.9.auto: bound 14009000.ovl (ops 0xffffffd99f7567e0)
[    3.123859] mediatek-drm mediatek-drm.9.auto: bound 1400a000.ovl (ops 0xffffffd99f7567e0)
[    3.125243] r8152-cfgselector 1-1.2: reset high-speed USB device number 3 using xhci-mtk
[    3.132034] mediatek-drm mediatek-drm.9.auto: bound 1400b000.rdma (ops 0xffffffd99f757368)
[    3.148389] mediatek-drm mediatek-drm.9.auto: bound 1400c000.rdma (ops 0xffffffd99f757368)
[    3.156656] mediatek-drm mediatek-drm.9.auto: bound 1400e000.color (ops 0xffffffd99f756070)
[    3.165012] mediatek-drm mediatek-drm.9.auto: bound 1400f000.ccorr (ops 0xffffffd99f755e00)
[    3.173366] mediatek-drm mediatek-drm.9.auto: bound 14010000.aal (ops 0xffffffd99f755b90)
[    3.181548] mediatek-drm mediatek-drm.9.auto: bound 14011000.gamma (ops 0xffffffd99f7563b0)
[    3.192958] mediatek-drm mediatek-drm.9.auto: bound 14014000.dsi (ops 0xffffffd99f75c958)
[    3.201290] mediatek-drm mediatek-drm.9.auto: Not creating crtc 1 because component 10 is disabled or missing
[    3.215151] [drm] Initialized mediatek 1.0.0 20150513 for mediatek-drm.9.auto on minor 1
[    3.224597] mt8183_mt6358_ts3a227 mt8183-sound: mt8183_mt6358_ts3a227_max98357_dev_probe Can't find pin state wov -19
[    3.237050] mt8183_mt6358_ts3a227 mt8183-sound: mt8183_mt6358_ts3a227_max98357_dev_probe Can't find pin state wov -19
[    3.238594] r8152 1-1.2:1.0: Direct firmware load for rtl_nic/rtl8153b-2.fw failed with error -2
[    3.256486] r8152 1-1.2:1.0: unable to load firmware patch rtl_nic/rtl8153b-2.fw (-2)
[    3.264500] input: wifi-wakeup as /devices/platform/wifi-wakeup/input/input4
[    3.272842] input: volume-buttons as /devices/platform/volume-buttons/input/input5
[    3.273830] mt8183_mt6358_ts3a227 mt8183-sound: mt8183_mt6358_ts3a227_max98357_dev_probe Can't find pin state wov -19
[    3.281250] clk: Disabling unused clocks
[    3.292253] mt8183_mt6358_ts3a227 mt8183-sound: mt8183_mt6358_ts3a227_max98357_dev_probe Can't find pin state wov -19
[    3.295496] ALSA device list:
[    3.308541]   No soundcards found.
[    3.315067] Freeing unused kernel memory: 6208K
[    3.316261] r8152 1-1.2:1.0 eth0: v1.12.13
[    3.319641] Run /init as init process
[    3.325093] mt8183_mt6358_ts3a227 mt8183-sound: mt8183_mt6358_ts3a227_max98357_dev_probe Can't find pin state wov -19
Starting syslogd: OK
Starting klogd: OK
Running sysctl: OK
Populating /dev using udev: [    3.389917] usb 1-1.3: new high-speed USB device number 4 using xhci-mtk
[    3.396941] udevd[185]: starting version 3.2.9
[    3.405688] udevd[185]: specified user 'tss' unknown
[    3.410741] udevd[185]: specified group 'tss' unknown
[    3.417304] udevd[186]: starting eudev-3.2.9
[    3.486455] usb 1-1.3: New USB device found, idVendor=04f2, idProduct=b567, bcdDevice=32.69
[    3.494856] usb 1-1.3: New USB device strings: Mfr=1, Product=2, SerialNumber=0
[    3.502198] usb 1-1.3: Product: HD WebCam
[    3.506225] usb 1-1.3: Manufacturer: Chicony Electronics Co.,Ltd.
[    3.506471] power_supply sbs-12-000b: driver failed to report `technology' property: -5
[    3.513333] LoadPin: mnt_sb lacks block device, treating as: writable
[    3.517860] mt8183_mt6358_ts3a227 mt8183-sound: mt8183_mt6358_ts3a227_max98357_dev_probe Can't find pin state wov -19
[    3.520932] synth uevent: /devices/platform/soc/11012000.spi/spi_master/spi2/spi2.0/11012000.spi:cros-ec@0:i2c-tunnel/i2c-12/12-000b/power_supply/sbs-12-000b: failed to send uevent
[    3.528754] LoadPin: kernel-module pinned obj="/lib/modules/6.6.33-rc1/kernel/drivers/watchdog/mtk_wdt.ko" pid=193 cmdline="/sbin/udevd -d"
[    3.537566] power_supply sbs-12-000b: uevent: failed to send synthetic uevent: -5
[    3.567651] elants_i2c 0-0010: supply vcc33 not found, using dummy regulator
[    3.574853] mt8183-pinctrl 10005000.pinctrl: pin GPIO7 already requested by 2-002c; cannot claim for 2-0015
[    3.575017] thermal_sys: Failed to find 'trips' node
[    3.575020] thermal_sys: Failed to find trip points for thermal-sensor2 id=0
[    3.575026] generic-adc-thermal thermal-sensor2: Thermal zone sensor register failed: -22
[    3.575030] generic-adc-thermal: probe of thermal-sensor2 failed with error -22
[    3.576846] mt8183_mt6358_ts3a227 mt8183-sound: mt8183_mt6358_ts3a227_max98357_dev_probe Can't find pin state wov -19
[    3.577422] thermal_sys: Failed to find 'trips' node
[    3.577428] thermal_sys: Failed to find trip points for thermal-sensor1 id=0
[    3.577434] generic-adc-thermal thermal-sensor1: Thermal zone sensor register failed: -22
[    3.577439] generic-adc-thermal: probe of thermal-sensor1 failed with error -22
[    3.578757] mtk-wdt 10007000.watchdog: Watchdog enabled (timeout=31 sec, nowayout=0)
[    3.581808] mt8183-audio 11220000.audio-controller:mt8183-afe-pcm: No cache defaults, reading back from HW
[    3.589509] elants_i2c 0-0010: supply vccio not found, using dummy regulator
[    3.590336] mt8183-pinctrl 10005000.pinctrl: pin-7 (2-0015) status -22
[    3.590344] mt8183-pinctrl 10005000.pinctrl: could not request pin 7 (GPIO7) from group GPIO7  on device pinctrl_paris
[    3.590350] elan_i2c 2-0015: Error applying setting, reverse things back
[    3.591745] mtk-svs 1100b000.svs: M_HW_RES0: 0x00120090
[    3.596329] mt8183-audio 11220000.audio-controller:mt8183-afe-pcm: mtk_afe_combine_sub_dai(), num of dai 20
[    3.602452] mtk-svs 1100b000.svs: M_HW_RES1: 0xa7fdfb5b
[    3.612234] mt8183_mt6358_ts3a227 mt8183-sound: mt8183_mt6358_ts3a227_max98357_dev_probe Can't find pin state wov -19
[    3.617901] mtk-svs 1100b000.svs: M_HW_RES2: 0x47cb47cb
[    3.617906] mtk-svs 1100b000.svs: M_HW_RES3: 0xa7fdfb5b
[    3.617909] mtk-svs 1100b000.svs: M_HW_RES4: 0xa7fde2ad
[    3.617912] mtk-svs 1100b000.svs: M_HW_RES5: 0x47fa4b83
[    3.640207] debugfs: Directory '11220000.audio-controller:mt8183-afe-pcm' with parent 'mt8183_mt6358_ts3a227_max98357' already present!
[    3.640527] mtk-svs 1100b000.svs: M_HW_RES6: 0xa6fd87a6
[    3.658923] mt8183_mt6358_ts3a227 mt8183-sound: ASoC: driver name too long 'mt8183_mt6358_ts3a227_max98357' -> 'mt8183_mt6358_t'
[    3.663801] mtk-svs 1100b000.svs: M_HW_RES7: 0xa7fdd771
[    3.663812] mtk-svs 1100b000.svs: M_HW_RES8: 0x4bfa4be4
[    3.663814] mtk-svs 1100b000.svs: M_HW_RES9: 0xa7fd0d6b
[    3.663817] mtk-svs 1100b000.svs: M_HW_RES14: 0xa6bef56e
[    3.663820] mtk-svs 1100b000.svs: M_HW_RES15: 0x01460015
[    3.663823] mtk-svs 1100b000.svs: M_HW_RES16: 0xa7fdcf5c
[    3.663825] mtk-svs 1100b000.svs: M_HW_RES17: 0x47fa47e4
[    3.663828] mtk-svs 1100b000.svs: M_HW_RES18: 0xa7fdc040
[    3.665477]  SVSB_GPU: cannot get "tzts2" thermal zone
[    3.676275] debugfs: File 'Playback' in directory 'dapm' already present!
[    3.680583] mtk-svs 1100b000.svs: svs bank resource setup fail: -19
[    3.690558] platform regulatory.0: Direct firmware load for regulatory.db failed with error -2
[    3.698013] debugfs: File 'Capture' in directory 'dapm' already present!
[    3.704692] cfg80211: failed to load regulatory.db
[    3.745960] input: Elan Touchscreen as /devices/platform/soc/11007000.i2c/i2c-0/0-0010/input/input7
[    3.750307] input: mt8183_mt6358_ts3a227_max98357 Headset Jack as /devices/platform/mt8183-sound/sound/card0/input6
[    3.797859] mtk-scp 10500000.scp: invalid resource (null)
[    3.842712] Bluetooth: Core ver 2.22
[    3.842767] NET: Registered PF_BLUETOOTH protocol family
[    3.842770] Bluetooth: HCI device and connection manager initialized
[    3.842797] Bluetooth: HCI socket layer initialized
[    3.842805] Bluetooth: L2CAP socket layer initialized
[    3.842821] Bluetooth: SCO socket layer initialized
[    3.846108] mtk-scp 10500000.scp: assigned reserved memory node memory@50000000
[    3.855264] mtk-jpeg 17030000.venc_jpg: Adding to iommu group 0
[    3.859290] mtk-jpeg 17030000.venc_jpg: mtk-jpeg-enc device registered as /dev/video0 (81,0)
[    3.862831] remoteproc remoteproc0: scp is available
[    3.866316] usb 1-1.3: Found UVC 1.00 device HD WebCam (04f2:b567)
[    3.875319] remoteproc remoteproc0: powering up scp
[    3.896001] mtk-mdp3 14001000.dma-controller0: Adding to iommu group 0
[    3.900037] remoteproc remoteproc0: Booting fw image mediatek/mt8183/scp.img, size 1030776
[    3.900290] Bluetooth: HCI UART driver ver 2.3
[    3.900296] Bluetooth: HCI UART protocol H4 registered
[    3.900342] Bluetooth: HCI UART protocol Three-wire (H5) registered
[    3.900378] Bluetooth: HCI UART protocol QCA registered
[    3.901916] Bluetooth: hci0: setting up ROME/QCA6390
[    3.908395] mtk-mdp3 14001000.dma-controller0: Driver registered as /dev/video1
[    3.911285] mtk-scp 10500000.scp: IPI buf addr 0x0007bdb0
[    3.920166] usbcore: registered new interface driver uvcvideo
[    3.931780] ath10k_sdio mmc1:0001:1: qca6174 hw3.2 sdio target 0x05030000 chip_id 0x00000000 sub 0000:0000
[    3.997904] rmi4_f01 rmi4-00.fn01: found RMI device, manufacturer: Synaptics, product: TM3509-001, fw id: 3010219
[    4.000068] ath10k_sdio mmc1:0001:1: kconfig debug 1 debugfs 1 tracing 1 dfs 0 testmode 1
[    4.047197] ath10k_sdio mmc1:0001:1: firmware ver WLAN.RMH.4.4.1-00174 api 6 features wowlan,ignore-otp,mfp crc32 7319fa77
[    4.070351] mtk-scp 10500000.scp: creating channel cros-ec-rpmsg addr 0xd
[    4.070459] mtk-scp 10500000.scp: SCP is ready. FW version kukui_scp_v2.0.13324-280b9fce97
[    4.085505] remoteproc remoteproc0: remote processor scp is now up
[    4.095691] cros-ec-dev cros-ec-dev.10.auto: CrOS System Control Processor MCU detected
[    4.105118] cros-ec-rpmsg 10500000.scp.cros-ec-rpmsg.13.-1: Chrome EC device registered
[    4.112304] Bluetooth: hci0: Frame reassembly failed (-84)
[    4.130049] input: Synaptics TM3509-001 as /devices/platform/soc/11009000.i2c/i2c-2/2-002c/0018:06CB:CDB5.0001/input/input8
[    4.142088] hid-rmi 0018:06CB:CDB5.0001: input,hidraw0: I2C HID v1.00 Mouse [hid-over-i2c 06CB:CDB5] on 2-002c
done
Saving random seed: OK
Starting network: [    4.214924] ath10k_sdio mmc1:0001:1: board_file api 2 bmi_id 0:4 crc32 d2863f91
OK
Starting dropbear sshd: OK
/bin/sh: can't access tty; job control turned off
/ #
/ # #
[    4.369192] Bluetooth: hci0: QCA Product ID   :0x00000008
[    4.374642] Bluetooth: hci0: QCA SOC Version  :0x00000044
[    4.380058] Bluetooth: hci0: QCA ROM Version  :0x00000302
[    4.385464] Bluetooth: hci0: QCA Patch Version:0x00000111
[    4.390877] Bluetooth: hci0: QCA controller version 0x00440302
[    4.396720] Bluetooth: hci0: QCA Downloading qca/rampatch_00440302.bin
#[    4.403327] bluetooth hci0: Direct firmware load for qca/rampatch_00440302.bin failed with error -2
[    4.412401] Bluetooth: hci0: QCA Failed to request file: qca/rampatch_00440302.bin (-2)
[    4.420435] Bluetooth: hci0: QCA Failed to download patch (-2)
/ # export SHELL=/bin/sh
export SHELL=/bin/sh
/ # . /lava-14149369/environment
[    4.572847] ath10k_sdio mmc1:0001:1: htt-ver 3.87 wmi-op 4 htt-op 3 cal otp max-sta 32 raw 0 hwcrypto 1
. /lava-14149369/environment
/ # /lava-14149369/bin/lava-test-runner /lava-14149369/0
[    4.669062] mmc1: queuing unknown CIS tuple 0x01 [d9 01 ff] (3 bytes)
[    4.690356] mmc1: queuing unknown CIS tuple 0x1a [01 01 00 02 07] (5 bytes)
[    4.704587] mmc1: queuing unknown CIS tuple 0x1b [c1 41 30 30 ff ff 32 00] (8 bytes)
[    4.713659] mmc1: queuing unknown CIS tuple 0x14 [] (0 bytes)
[    4.719931] ttyS ttyS0: 1 input overrun(s)
/lava-14149369/bin/lava-test-run9/0
/bin/sh: /lava-14149369/bin/lava-test-run9/0: not found
/ # [   33.761261] vaux18: disabling
[   33.764367] vio28: disabling
[   62.435220] PDLOG 2024/06/03 13:55:01.442 P0 SNK Charger ??? 5040mV max 5000mV / 500mA
[   62.445165] PDLOG 2024/06/03 13:55:01.503 P0 SNK Charger ??? 5040mV max 5000mV / 2400mA
[   62.455204] PDLOG 2024/06/03 13:55:01.973 P0 SNK (not charging) Charger ??? 5000mV max 5000mV / 1500mA
[   62.466786] PDLOG 2024/06/03 13:55:02.131 P0 SNK Charger ??? 5040mV max 5000mV / 2400mA
