[Enter `^Ec?' for help]
coreboot-v1.9308_26_0.0.22-2597-gfa32d89ed3 Tue Sep 29 21:34:05 UTC 2020 bootblock starting...
LPC: Trying to open IO window from 800 size 1ff
LPC: Opened IO window LGIR0: base 800 size 100
LPC: Opened IO window LGIR1: base 900 size 100
VBOOT: Loading verstage.
FMAP: Found "FLASH" version 1.1 at 204000.
FMAP: base = 0 size = 1000000 #areas = 35
FMAP: area COREBOOT found @ 205000 (1552384 bytes)
CBFS @ 205000 size 17b000
CBFS: 'IAFW Locator' located CBFS at [205000:380000)
CBFS: Locating 'fallback/verstage'
CBFS: Found @ offset ba4c0 size fab4
coreboot-v1.9308_26_0.0.22-2597-gfa32d89ed3 Tue Sep 29 21:34:05 UTC 2020 verstage starting...
LPSS I2C bus 2 at 0xfe022000 (400 KHz)
TPM ready after 4 ms
cr50 TPM 2.0 (i2c 2:0x50 id 0x28)
setup_tpm():514: TPM: SetupTPM() succeeded
src/lib/tpm2_tlcl.c:208 index 0x1007 return code 0
Phase 1
FMAP: Found "FLASH" version 1.1 at 204000.
FMAP: base = 0 size = 1000000 #areas = 35
FMAP: area GBB found @ 380000 (262144 bytes)
VB2:vb2_check_recovery() Recovery reason from previous boot: 0x0 / 0x0
Phase 2
Phase 3
FMAP: area GBB found @ 380000 (262144 bytes)
VB2:vb2_report_dev_firmware() This is developer signed firmware
FMAP: area VBLOCK_A found @ 430000 (65536 bytes)
FMAP: area VBLOCK_A found @ 430000 (65536 bytes)
VB2:vb2_verify_keyblock() Checking key block signature...
FMAP: area VBLOCK_A found @ 430000 (65536 bytes)
FMAP: area VBLOCK_A found @ 430000 (65536 bytes)
VB2:vb2_verify_fw_preamble() Verifying preamble.
Phase 4
FMAP: area FW_MAIN_A found @ 440000 (4652992 bytes)
VB2:vb2api_init_hash() HW crypto for hash_alg 2 not supported, using SW
VB2:vb2_rsa_verify_digest() Digest check failed!
VB2:vb2_fail() Need recovery, reason: 0x1b / 0x7
Saving nvdata
Reboot requested (10020007)
hard_reset() called!
CSE is not yet ready, waiting
CSE timed out. Resetting
coreboot-v1.9308_26_0.0.22-2597-gfa32d89ed3 Tue Sep 29 21:34:05 UTC 2020 bootblock starting...
LPC: Trying to open IO window from 800 size 1ff
LPC: Opened IO window LGIR0: base 800 size 100
LPC: Opened IO window LGIR1: base 900 size 100
VBOOT: Loading verstage.
FMAP: Found "FLASH" version 1.1 at 204000.
FMAP: base = 0 size = 1000000 #areas = 35
FMAP: area COREBOOT found @ 205000 (1552384 bytes)
CBFS @ 205000 size 17b000
CBFS: 'IAFW Locator' located CBFS at [205000:380000)
CBFS: Locating 'fallback/verstage'
CBFS: Found @ offset ba4c0 size fab4
coreboot-v1.9308_26_0.0.22-2597-gfa32d89ed3 Tue Sep 29 21:34:05 UTC 2020 verstage starting...
LPSS I2C bus 2 at 0xfe022000 (400 KHz)
TPM ready after 4 ms
cr50 TPM 2.0 (i2c 2:0x50 id 0x28)
setup_tpm():514: TPM: SetupTPM() succeeded
src/lib/tpm2_tlcl.c:208 index 0x1007 return code 0
Phase 1
FMAP: Found "FLASH" version 1.1 at 204000.
FMAP: base = 0 size = 1000000 #areas = 35
FMAP: area GBB found @ 380000 (262144 bytes)
VB2:vb2_check_recovery() Recovery reason from previous boot: 0x1b / 0x7
VB2:vb2_check_recovery() We have a recovery request: 0x1b / 0x0
Recovery requested (1009000e)
Saving nvdata
tlcl_extend: response is 0
tlcl_extend: response is 0
FMAP: area COREBOOT found @ 205000 (1552384 bytes)
CBFS @ 205000 size 17b000
CBFS: 'IAFW Locator' located CBFS at [205000:380000)
CBFS: Locating 'fallback/romstage'
CBFS: Found @ offset 80 size 11c5c
coreboot-v1.9308_26_0.0.22-2597-gfa32d89ed3 Tue Sep 29 21:34:05 UTC 2020 romstage starting...
pm1_sts: 0000 pm1_en: 0000 pm1_cnt: 00001c00
gpe0_sts[0]: 00000000 gpe0_en[0]: 00008000
gpe0_sts[1]: 00000000 gpe0_en[1]: 00000000
gpe0_sts[2]: 00000000 gpe0_en[2]: 00000000
gpe0_sts[3]: 00000000 gpe0_en[3]: 00000000
prsts: 00000000 tco_sts: 00000000
gen_pmcon1: 04004000 gen_pmcon2: 00003a00 gen_pmcon3: 00000000
prev_sleep_state 0
Boot Count incremented to 13100
FMAP: Found "FLASH" version 1.1 at 204000.
FMAP: base = 0 size = 1000000 #areas = 35
FMAP: area COREBOOT found @ 205000 (1552384 bytes)
CBFS @ 205000 size 17b000
CBFS: 'IAFW Locator' located CBFS at [205000:380000)
CBFS: Locating 'fspm.bin'
CBFS: Found @ offset 2efc0 size 59000
FMAP: area RECOVERY_MRC_CACHE found @ 400000 (65536 bytes)
Locality already claimed
cr50 TPM 2.0 (i2c 2:0x50 id 0x28)
src/lib/tpm2_tlcl.c:208 index 0x100b return code 0
MRC: Hash comparison successful. Using data from RECOVERY_MRC_CACHE
MRC cache found, size b2c0 bootmode:2
LPDDR4 SKU id = 0x1
LP4DDR speed is 2400MHz
LPDDR4 Ch0 density = 2
LPDDR4 Ch1 density = 2
FMAP: area RW_VAR_MRC_CACHE found @ 420000 (4096 bytes)
CBMEM:
IMD: root @ 7afff000 254 entries.
IMD: root @ 7affec00 62 entries.
External stage cache:
IMD: root @ 7b7ff000 254 entries.
IMD: root @ 7b7fec00 62 entries.
creating vboot_handoff structure
Chrome EC: clear events_b mask to 0x21004000
src/lib/tpm2_tlcl.c:208 index 0x100b return code 0
tlcl_write: response is 0
src/lib/tpm2_tlcl.c:208 index 0x100b return code 0
MRC: TPM MRC hash updated successfully.
CPU: frequency set to 2500 MHz
4 DIMMs found
MTRR Range: Start=7a000000 End=7b000000 (Size 1000000)
MTRR Range: Start=ff000000 End=0 (Size 1000000)
MTRR Range: Start=7b000000 End=7b800000 (Size 800000)
FMAP: area COREBOOT found @ 205000 (1552384 bytes)
CBFS @ 205000 size 17b000
CBFS: 'IAFW Locator' located CBFS at [205000:380000)
CBFS: Locating 'fallback/postcar'
CBFS: Found @ offset b3000 size 45b8
Decompressing stage fallback/postcar @ 0x7abc5fc0 (34440 bytes)
Loading module at 7abc6000 with entry 7abc6000. filesize: 0x4350 memsize: 0x8648
Processing 131 relocs. Offset value of 0x78bc6000
coreboot-v1.9308_26_0.0.22-2597-gfa32d89ed3 Tue Sep 29 21:34:05 UTC 2020 postcar starting...
FMAP: Found "FLASH" version 1.1 at 204000.
FMAP: base = 0 size = 1000000 #areas = 35
FMAP: area COREBOOT found @ 205000 (1552384 bytes)
CBFS @ 205000 size 17b000
CBFS: 'IAFW Locator' located CBFS at [205000:380000)
CBFS: Locating 'fallback/ramstage'
CBFS: Found @ offset 15dc0 size 17c31
Decompressing stage fallback/ramstage @ 0x7ab77fc0 (314352 bytes)
Loading module at 7ab78000 with entry 7ab78000. filesize: 0x34618 memsize: 0x4cbb0
Processing 2993 relocs. Offset value of 0x7aa78000
coreboot-v1.9308_26_0.0.22-2597-gfa32d89ed3 Tue Sep 29 21:34:05 UTC 2020 ramstage starting...
FMAP: Found "FLASH" version 1.1 at 204000.
FMAP: base = 0 size = 1000000 #areas = 35
FMAP: area RO_VPD found @ 200000 (16384 bytes)
WARNING: RO_VPD is uninitialized or empty.
FMAP: area RW_VPD found @ 428000 (8192 bytes)
FMAP: area RW_VPD found @ 428000 (8192 bytes)
Normal boot.
BS: BS_PRE_DEVICE times (us): entry 2 run 34 exit 0
Board ID: 5
mainboard: EC init
Chrome EC: Set WAKE mask to 0x00000000
FMAP: area COREBOOT found @ 205000 (1552384 bytes)
CBFS @ 205000 size 17b000
CBFS: 'IAFW Locator' located CBFS at [205000:380000)
CBFS: Locating 'fsps.bin'
CBFS: Found @ offset 88fc0 size 2a000
FMAP: area COREBOOT found @ 205000 (1552384 bytes)
CBFS @ 205000 size 17b000
CBFS: 'IAFW Locator' located CBFS at [205000:380000)
CBFS: Locating 'vbt-babytiger.bin'
CBFS: Found @ offset 155800 size 528
Found a VBT of 6656 bytes after decompression
ITSS IRQ Polarities Before:
IPC0: 0xffffeef8
IPC1: 0xffffffff
IPC2: 0xffffffff
IPC3: 0x00ffffff
ITSS IRQ Polarities After:
IPC0: 0xffffeef8
IPC1: 0x4a07ffff
IPC2: 0x08000000
IPC3: 0x00a11000
RAPL PL1 12.0W
RAPL PL2 15.0W
BS: BS_DEV_INIT_CHIPS times (us): entry 0 run 269158 exit 0
Enumerating buses...
Show all devs... Before device enumeration.
Root Device: enabled 1
CPU_CLUSTER: 0: enabled 1
APIC: 00: enabled 1
DOMAIN: 0000: enabled 1
PCI: 00:00.0: enabled 1
PCI: 00:00.1: enabled 1
PCI: 00:00.2: enabled 1
PCI: 00:02.0: enabled 1
PCI: 00:03.0: enabled 1
PCI: 00:0d.0: enabled 1
PCI: 00:0d.1: enabled 1
PCI: 00:0d.2: enabled 1
PCI: 00:0d.3: enabled 1
PCI: 00:0e.0: enabled 1
GENERIC: 0.0: enabled 1
PCI: 00:11.0: enabled 0
PCI: 00:12.0: enabled 0
PCI: 00:13.0: enabled 0
PCI: 00:13.1: enabled 0
PCI: 00:13.2: enabled 0
PCI: 00:13.3: enabled 0
PCI: 00:14.0: enabled 1
PCI: 00:00.0: enabled 1
PCI: 00:14.1: enabled 0
PCI: 00:15.0: enabled 1
PCI: 00:15.1: enabled 0
PCI: 00:16.0: enabled 1
I2C: 00:1a: enabled 1
PCI: 00:16.1: enabled 1
PCI: 00:16.2: enabled 1
I2C: 00:50: enabled 1
PCI: 00:16.3: enabled 1
I2C: 00:10: enabled 1
I2C: 00:39: enabled 1
PCI: 00:17.0: enabled 1
I2C: 00:15: enabled 1
I2C: 00:2c: enabled 1
PCI: 00:17.1: enabled 1
I2C: 00:09: enabled 1
PCI: 00:17.2: enabled 0
PCI: 00:17.3: enabled 0
PCI: 00:18.0: enabled 1
PCI: 00:18.1: enabled 1
PCI: 00:18.2: enabled 1
PCI: 00:18.3: enabled 0
PCI: 00:19.0: enabled 1
PCI: 00:19.1: enabled 0
PCI: 00:19.2: enabled 0
PCI: 00:1a.0: enabled 1
PCI: 00:1b.0: enabled 1
PCI: 00:1c.0: enabled 1
PCI: 00:1e.0: enabled 0
PCI: 00:1f.0: enabled 1
PNP: 0c09.0: enabled 1
PCI: 00:1f.1: enabled 1
Compare with tree...
Root Device: enabled 1
CPU_CLUSTER: 0: enabled 1
APIC: 00: enabled 1
DOMAIN: 0000: enabled 1
PCI: 00:00.0: enabled 1
PCI: 00:00.1: enabled 1
PCI: 00:00.2: enabled 1
PCI: 00:02.0: enabled 1
PCI: 00:03.0: enabled 1
PCI: 00:0d.0: enabled 1
PCI: 00:0d.1: enabled 1
PCI: 00:0d.2: enabled 1
PCI: 00:0d.3: enabled 1
PCI: 00:0e.0: enabled 1
GENERIC: 0.0: enabled 1
PCI: 00:11.0: enabled 0
PCI: 00:12.0: enabled 0
PCI: 00:13.0: enabled 0
PCI: 00:13.1: enabled 0
PCI: 00:13.2: enabled 0
PCI: 00:13.3: enabled 0
PCI: 00:14.0: enabled 1
PCI: 00:00.0: enabled 1
PCI: 00:14.1: enabled 0
PCI: 00:15.0: enabled 1
PCI: 00:15.1: enabled 0
PCI: 00:16.0: enabled 1
I2C: 00:1a: enabled 1
PCI: 00:16.1: enabled 1
PCI: 00:16.2: enabled 1
I2C: 00:50: enabled 1
PCI: 00:16.3: enabled 1
I2C: 00:10: enabled 1
I2C: 00:39: enabled 1
PCI: 00:17.0: enabled 1
I2C: 00:15: enabled 1
I2C: 00:2c: enabled 1
PCI: 00:17.1: enabled 1
I2C: 00:09: enabled 1
PCI: 00:17.2: enabled 0
PCI: 00:17.3: enabled 0
PCI: 00:18.0: enabled 1
PCI: 00:18.1: enabled 1
PCI: 00:18.2: enabled 1
PCI: 00:18.3: enabled 0
PCI: 00:19.0: enabled 1
PCI: 00:19.1: enabled 0
PCI: 00:19.2: enabled 0
PCI: 00:1a.0: enabled 1
PCI: 00:1b.0: enabled 1
PCI: 00:1c.0: enabled 1
PCI: 00:1e.0: enabled 0
PCI: 00:1f.0: enabled 1
PNP: 0c09.0: enabled 1
PCI: 00:1f.1: enabled 1
Root Device scanning...
root_dev_scan_bus for Root Device
CPU_CLUSTER: 0 enabled
DOMAIN: 0000 enabled
DOMAIN: 0000 scanning...
PCI: pci_scan_bus for bus 00
PCI: 00:00.0 [8086/0000] ops
PCI: 00:00.0 [8086/5af0] enabled
PCI: 00:00.1 [8086/5a8c] enabled
PCI: 00:00.2 [8086/5a8e] enabled
PCI: 00:02.0 [8086/0000] ops
PCI: 00:02.0 [8086/5a84] enabled
PCI: 00:03.0 [8086/5a88] enabled
PCI: 00:0d.0 [8086/0000] ops
PCI: 00:0d.0 [8086/5a92] enabled
PCI: 00:0d.1 [8086/0000] ops
PCI: 00:0d.1 [8086/5a94] enabled
PCI: 00:0d.2 [8086/5a96] enabled
PCI: 00:0d.3 [8086/0000] ops
PCI: 00:0d.3 [8086/5aec] enabled
PCI: 00:0e.0 [8086/0000] bus ops
PCI: 00:0e.0 [8086/5a98] enabled
PCI: 00:0f.0 [8086/0000] ops
PCI: 00:0f.0 [8086/5a9a] enabled
PCI: 00:0f.1 [8086/5a9c] enabled
PCI: 00:0f.2 [8086/5a9e] enabled
Capability: type 0x10 @ 0x40
Capability: type 0x05 @ 0x80
Capability: type 0x0d @ 0x90
Capability: type 0x01 @ 0xa0
Capability: type 0x10 @ 0x40
PCI: 00:14.0 subordinate bus PCI Express
PCI: 00:14.0 [8086/5ad6] enabled
PCI: 00:15.0 [8086/0000] ops
PCI: 00:15.0 [8086/5aa8] enabled
PCI: 00:16.0 [8086/0000] bus ops
PCI: 00:16.0 [8086/5aac] enabled
PCI: 00:16.1 [8086/0000] bus ops
PCI: 00:16.1 [8086/5aae] enabled
PCI: 00:16.2 [8086/0000] bus ops
PCI: 00:16.2 [8086/5ab0] enabled
PCI: 00:16.3 [8086/0000] bus ops
PCI: 00:16.3 [8086/5ab2] enabled
PCI: 00:17.0 [8086/0000] bus ops
PCI: 00:17.0 [8086/5ab4] enabled
PCI: 00:17.1 [8086/0000] bus ops
PCI: 00:17.1 [8086/5ab6] enabled
PCI: 00:18.0 [8086/0000] ops
PCI: 00:18.0 [8086/5abc] enabled
PCI: 00:18.1 [8086/0000] ops
PCI: 00:18.1 [8086/5abe] enabled
PCI: 00:18.2 [8086/0000] ops
PCI: 00:18.2 [8086/5ac0] enabled
PCI: 00:19.0 [8086/5ac2] enabled
PCI: Static device PCI: 00:1a.0 not found, disabling it.
PCI: 00:1b.0 [8086/0000] ops
PCI: 00:1b.0 [8086/5aca] enabled
PCI: 00:1c.0 [8086/5acc] enabled
PCI: 00:1f.0 [8086/0000] bus ops
PCI: 00:1f.0 [8086/5ae8] enabled
PCI: 00:1f.1 [8086/5ad4] enabled
PCI: 00:0e.0 scanning...
GENERIC: 0.0 enabled
scan_bus: scanning of bus PCI: 00:0e.0 took 4851 usecs
PCI: 00:14.0 scanning...
do_pci_scan_bridge for PCI: 00:14.0
PCI: pci_scan_bus for bus 01
PCI: 01:00.0 [8086/095a] enabled
Capability: type 0x01 @ 0xc8
Capability: type 0x05 @ 0xd0
Capability: type 0x10 @ 0x40
Capability: type 0x10 @ 0x40
Enabling Common Clock Configuration
L1 Sub-State supported from root port 20
L1 Sub-State Support = 0xf
CommonModeRestoreTime = 0x28
Power On Value = 0x1e, Power On Scale = 0x0
ASPM: Enabled L1
Capability: type 0x01 @ 0xc8
Capability: type 0x05 @ 0xd0
Capability: type 0x10 @ 0x40
scan_bus: scanning of bus PCI: 00:14.0 took 52820 usecs
PCI: 00:16.0 scanning...
scan_generic_bus for PCI: 00:16.0
bus: PCI: 00:16.0[0]->I2C: 01:1a enabled
scan_generic_bus for PCI: 00:16.0 done
scan_bus: scanning of bus PCI: 00:16.0 took 14065 usecs
PCI: 00:16.1 scanning...
scan_generic_bus for PCI: 00:16.1
scan_generic_bus for PCI: 00:16.1 done
scan_bus: scanning of bus PCI: 00:16.1 took 9984 usecs
PCI: 00:16.2 scanning...
scan_generic_bus for PCI: 00:16.2
bus: PCI: 00:16.2[0]->I2C: 02:50 enabled
scan_generic_bus for PCI: 00:16.2 done
scan_bus: scanning of bus PCI: 00:16.2 took 14061 usecs
PCI: 00:16.3 scanning...
scan_generic_bus for PCI: 00:16.3
bus: PCI: 00:16.3[0]->I2C: 03:10 enabled
bus: PCI: 00:16.3[0]->I2C: 03:39 enabled
scan_generic_bus for PCI: 00:16.3 done
scan_bus: scanning of bus PCI: 00:16.3 took 18139 usecs
PCI: 00:17.0 scanning...
scan_generic_bus for PCI: 00:17.0
bus: PCI: 00:17.0[0]->I2C: 04:15 enabled
bus: PCI: 00:17.0[0]->I2C: 04:2c enabled
scan_generic_bus for PCI: 00:17.0 done
scan_bus: scanning of bus PCI: 00:17.0 took 18139 usecs
PCI: 00:17.1 scanning...
scan_generic_bus for PCI: 00:17.1
bus: PCI: 00:17.1[0]->I2C: 05:09 enabled
scan_generic_bus for PCI: 00:17.1 done
scan_bus: scanning of bus PCI: 00:17.1 took 14250 usecs
PCI: 00:1f.0 scanning...
scan_lpc_bus for PCI: 00:1f.0
PNP: 0c09.0 enabled
scan_lpc_bus for PCI: 00:1f.0 done
scan_bus: scanning of bus PCI: 00:1f.0 took 11250 usecs
scan_bus: scanning of bus DOMAIN: 0000 took 391597 usecs
root_dev_scan_bus for Root Device done
scan_bus: scanning of bus Root Device took 411575 usecs
done
FMAP: area RECOVERY_MRC_CACHE found @ 400000 (65536 bytes)
MRC: Checking cached data update for 'RECOVERY_MRC_CACHE'.
SF: Detected FAST_SPI Hardware Sequencer with sector size 0x1000, total 0x1000000
FMAP: area RW_VAR_MRC_CACHE found @ 420000 (4096 bytes)
MRC: Checking cached data update for 'RW_VAR_MRC_CACHE'.
MRC: cache data 'RW_VAR_MRC_CACHE' needs update.
FMAP: area RW_ELOG found @ 421000 (12288 bytes)
ELOG: NV offset 0x421000 size 0x3000
ELOG: area is 4096 bytes, full threshold 3842, shrink size 1024
ELOG: Event(17) added with size 13 at 2024-06-03 14:23:15 UTC
POST: Unexpected post code in previous boot: 0x98
ELOG: Event(A3) added with size 11 at 2024-06-03 14:23:15 UTC
ELOG: Event(A6) added with size 13 at 2024-06-03 14:23:15 UTC
ELOG: Event(AA) added with size 11 at 2024-06-03 14:23:15 UTC
FMAP: area UNIFIED_MRC_CACHE found @ 400000 (135168 bytes)
SPI flash protection: WPSW=0 SRP0=0
MRC: NOT enabling PRR for 'UNIFIED_MRC_CACHE'.
BS: BS_DEV_ENUMERATE times (us): entry 0 run 701094 exit 102250
found VGA at PCI: 00:02.0
Setting up VGA for PCI: 00:02.0
Setting PCI_BRIDGE_CTL_VGA for bridge DOMAIN: 0000
Setting PCI_BRIDGE_CTL_VGA for bridge Root Device
Allocating resources...
Reading resources...
Root Device read_resources bus 0 link: 0
CPU_CLUSTER: 0 read_resources bus 0 link: 0
CPU_CLUSTER: 0 read_resources bus 0 link: 0 done
DOMAIN: 0000 read_resources bus 0 link: 0
PCI: 00:0e.0 read_resources bus 0 link: 0
PCI: 00:0e.0 read_resources bus 0 link: 0 done
PCI: 00:14.0 read_resources bus 1 link: 0
PCI: 00:14.0 read_resources bus 1 link: 0 done
PCI: 00:16.0 read_resources bus 1 link: 0
PCI: 00:16.0 read_resources bus 1 link: 0 done
PCI: 00:16.2 read_resources bus 2 link: 0
PCI: 00:16.2 read_resources bus 2 link: 0 done
PCI: 00:16.3 read_resources bus 3 link: 0
PCI: 00:16.3 read_resources bus 3 link: 0 done
PCI: 00:17.0 read_resources bus 4 link: 0
PCI: 00:17.0 read_resources bus 4 link: 0 done
PCI: 00:17.1 read_resources bus 5 link: 0
PCI: 00:17.1 read_resources bus 5 link: 0 done
PCI: 00:1f.0 read_resources bus 0 link: 0
PCI: 00:1f.0 read_resources bus 0 link: 0 done
DOMAIN: 0000 read_resources bus 0 link: 0 done
Root Device read_resources bus 0 link: 0 done
Done reading resources.
Show resources in subtree (Root Device)...After reading.
Root Device child on link 0 CPU_CLUSTER: 0
CPU_CLUSTER: 0 child on link 0 APIC: 00
APIC: 00
DOMAIN: 0000 child on link 0 PCI: 00:00.0
DOMAIN: 0000 resource base 0 size 0 align 0 gran 0 limit ffff flags 40040100 index 10000000
DOMAIN: 0000 resource base 0 size 0 align 0 gran 0 limit ffffffff flags 40040200 index 10000100
PCI: 00:00.0
PCI: 00:00.0 resource base e0000000 size 10000000 align 0 gran 0 limit 0 flags f0000200 index 0
PCI: 00:00.0 resource base fed10000 size 8000 align 0 gran 0 limit 0 flags f0000200 index 1
PCI: 00:00.0 resource base 0 size a0000 align 0 gran 0 limit 0 flags e0004200 index 2
PCI: 00:00.0 resource base c0000 size 7af40000 align 0 gran 0 limit 0 flags e0004200 index 3
PCI: 00:00.0 resource base 7b000000 size 800000 align 0 gran 0 limit 0 flags f0004200 index 5
PCI: 00:00.0 resource base 7b800000 size 4800000 align 0 gran 0 limit 0 flags f0000200 index 6
PCI: 00:00.0 resource base 100000000 size 80000000 align 0 gran 0 limit 0 flags e0004200 index 7
PCI: 00:00.0 resource base a0000 size 20000 align 0 gran 0 limit 0 flags f0000200 index 8
PCI: 00:00.0 resource base c0000 size 40000 align 0 gran 0 limit 0 flags f0004200 index 9
PCI: 00:00.0 resource base 11800000 size 400000 align 0 gran 0 limit 0 flags f0004200 index a
PCI: 00:00.0 resource base 11000000 size 800000 align 0 gran 0 limit 0 flags f0004200 index b
PCI: 00:00.0 resource base 12000000 size 100000 align 0 gran 0 limit 0 flags f0004200 index c
PCI: 00:00.0 resource base 12150000 size 1000 align 0 gran 0 limit 0 flags f0004200 index d
PCI: 00:00.0 resource base 12140000 size 10000 align 0 gran 0 limit 0 flags f0004200 index e
PCI: 00:00.0 resource base 10000000 size 1000000 align 0 gran 0 limit 0 flags f0004200 index f
PCI: 00:00.0 resource base 11c00000 size 400000 align 0 gran 0 limit 0 flags f0004200 index 10
PCI: 00:00.0 resource base 12100000 size 40000 align 0 gran 0 limit 0 flags f0004200 index 11
PCI: 00:00.1
PCI: 00:00.1 resource base 0 size 8000 align 15 gran 15 limit ffffffffffffffff flags 201 index 10
PCI: 00:00.2
PCI: 00:00.2 resource base 0 size 100000 align 20 gran 20 limit ffffffffffffffff flags 201 index 10
PCI: 00:00.2 resource base 0 size 800000 align 23 gran 23 limit ffffffffffffffff flags 201 index 18
PCI: 00:00.2 resource base 0 size 200 align 12 gran 9 limit ffffffffffffffff flags 201 index 20
PCI: 00:02.0
PCI: 00:02.0 resource base 0 size 1000000 align 24 gran 24 limit ffffffffffffffff flags 201 index 10
PCI: 00:02.0 resource base 0 size 10000000 align 28 gran 28 limit ffffffffffffffff flags 1201 index 18
PCI: 00:02.0 resource base 0 size 40 align 6 gran 6 limit ffff flags 100 index 20
PCI: 00:03.0
PCI: 00:03.0 resource base 0 size 1000000 align 24 gran 24 limit 7fffffffff flags 201 index 10
PCI: 00:0d.0
PCI: 00:0d.0 resource base d0000000 size 1000000 align 0 gran 0 limit 0 flags f0000200 index 10
PCI: 00:0d.1
PCI: 00:0d.1 resource base fe042000 size 2000 align 0 gran 0 limit 0 flags c0000200 index 10
PCI: 00:0d.1 resource base 0 size 1000 align 12 gran 12 limit ffffffffffffffff flags 201 index 18
PCI: 00:0d.1 resource base 400 size 100 align 0 gran 0 limit 0 flags c0000100 index 20
PCI: 00:0d.2
PCI: 00:0d.2 resource base 0 size 1000 align 12 gran 12 limit ffffffff flags 200 index 10
PCI: 00:0d.3
PCI: 00:0d.3 resource base fe900000 size 2000 align 0 gran 0 limit 0 flags c0000200 index 10
PCI: 00:0d.3 resource base fe902000 size 1000 align 0 gran 0 limit 0 flags c0000200 index 18
PCI: 00:0e.0 child on link 0 GENERIC: 0.0
PCI: 00:0e.0 resource base 0 size 4000 align 14 gran 14 limit ffffffffffffffff flags 201 index 10
PCI: 00:0e.0 resource base 0 size 100000 align 20 gran 20 limit ffffffffffffffff flags 201 index 20
GENERIC: 0.0
PCI: 00:0f.0
PCI: 00:0f.0 resource base 0 size 1000 align 12 gran 12 limit ffffffffffffffff flags 201 index 10
PCI: 00:0f.1
PCI: 00:0f.1 resource base 0 size 1000 align 12 gran 12 limit ffffffffffffffff flags 201 index 10
PCI: 00:0f.2
PCI: 00:0f.2 resource base 0 size 1000 align 12 gran 12 limit ffffffffffffffff flags 201 index 10
PCI: 00:11.0
PCI: 00:12.0
PCI: 00:13.0
PCI: 00:13.1
PCI: 00:13.2
PCI: 00:13.3
PCI: 00:14.0 child on link 0 PCI: 01:00.0
PCI: 00:14.0 resource base 0 size 0 align 12 gran 12 limit ffff flags 80102 index 1c
PCI: 00:14.0 resource base 0 size 0 align 20 gran 20 limit ffffffffffffffff flags 81202 index 24
PCI: 00:14.0 resource base 0 size 0 align 20 gran 20 limit ffffffff flags 80202 index 20
PCI: 01:00.0
PCI: 01:00.0 resource base 0 size 2000 align 13 gran 13 limit ffffffffffffffff flags 201 index 10
PCI: 00:14.1
PCI: 00:15.0
PCI: 00:15.0 resource base 0 size 10000 align 16 gran 16 limit ffffffffffffffff flags 201 index 10
PCI: 00:15.1
PCI: 00:16.0 child on link 0 I2C: 01:1a
PCI: 00:16.0 resource base 0 size 1000 align 12 gran 12 limit ffffffffffffffff flags 201 index 10
PCI: 00:16.0 resource base 0 size 1000 align 12 gran 12 limit ffffffffffffffff flags 201 index 18
I2C: 01:1a
PCI: 00:16.1
PCI: 00:16.1 resource base 0 size 1000 align 12 gran 12 limit ffffffffffffffff flags 201 index 10
PCI: 00:16.1 resource base 0 size 1000 align 12 gran 12 limit ffffffffffffffff flags 201 index 18
PCI: 00:16.2 child on link 0 I2C: 02:50
PCI: 00:16.2 resource base 0 size 1000 align 12 gran 12 limit ffffffffffffffff flags 201 index 10
PCI: 00:16.2 resource base 0 size 1000 align 12 gran 12 limit ffffffffffffffff flags 201 index 18
I2C: 02:50
PCI: 00:16.3 child on link 0 I2C: 03:10
PCI: 00:16.3 resource base 0 size 1000 align 12 gran 12 limit ffffffffffffffff flags 201 index 10
PCI: 00:16.3 resource base 0 size 1000 align 12 gran 12 limit ffffffffffffffff flags 201 index 18
I2C: 03:10
I2C: 03:39
PCI: 00:17.0 child on link 0 I2C: 04:15
PCI: 00:17.0 resource base 0 size 1000 align 12 gran 12 limit ffffffffffffffff flags 201 index 10
PCI: 00:17.0 resource base 0 size 1000 align 12 gran 12 limit ffffffffffffffff flags 201 index 18
I2C: 04:15
I2C: 04:2c
PCI: 00:17.1 child on link 0 I2C: 05:09
PCI: 00:17.1 resource base 0 size 1000 align 12 gran 12 limit ffffffffffffffff flags 201 index 10
PCI: 00:17.1 resource base 0 size 1000 align 12 gran 12 limit ffffffffffffffff flags 201 index 18
I2C: 05:09
PCI: 00:17.2
PCI: 00:17.3
PCI: 00:18.0
PCI: 00:18.0 resource base 0 size 1000 align 12 gran 12 limit ffffffffffffffff flags 201 index 10
PCI: 00:18.0 resource base 0 size 1000 align 12 gran 12 limit ffffffffffffffff flags 201 index 18
PCI: 00:18.1
PCI: 00:18.1 resource base 0 size 1000 align 12 gran 12 limit ffffffffffffffff flags 201 index 10
PCI: 00:18.1 resource base 0 size 1000 align 12 gran 12 limit ffffffffffffffff flags 201 index 18
PCI: 00:18.2
PCI: 00:18.2 resource base de000000 size 1000 align 0 gran 0 limit 0 flags e0000200 index 10
PCI: 00:18.2 resource base 0 size 1000 align 12 gran 12 limit ffffffffffffffff flags 201 index 18
PCI: 00:18.3
PCI: 00:19.0
PCI: 00:19.0 resource base 0 size 1000 align 12 gran 12 limit ffffffffffffffff flags 201 index 10
PCI: 00:19.0 resource base 0 size 1000 align 12 gran 12 limit ffffffffffffffff flags 201 index 18
PCI: 00:19.1
PCI: 00:19.2
PCI: 00:1a.0
PCI: 00:1b.0
PCI: 00:1b.0 resource base 0 size 1000 align 12 gran 12 limit ffffffffffffffff flags 201 index 10
PCI: 00:1b.0 resource base 0 size 1000 align 12 gran 12 limit ffffffffffffffff flags 201 index 18
PCI: 00:1c.0
PCI: 00:1c.0 resource base 0 size 1000 align 12 gran 12 limit ffffffffffffffff flags 201 index 10
PCI: 00:1c.0 resource base 0 size 1000 align 12 gran 12 limit ffffffffffffffff flags 201 index 18
PCI: 00:1e.0
PCI: 00:1f.0 child on link 0 PNP: 0c09.0
PCI: 00:1f.0 resource base 0 size 1000 align 0 gran 0 limit 0 flags c0000100 index 0
PNP: 0c09.0
PNP: 0c09.0 resource base 800 size 1ff align 0 gran 0 limit 0 flags c0000100 index 0
PCI: 00:1f.1
PCI: 00:1f.1 resource base 0 size 100 align 12 gran 8 limit ffffffffffffffff flags 201 index 10
PCI: 00:1f.1 resource base 0 size 20 align 5 gran 5 limit ffff flags 100 index 20
DOMAIN: 0000 io: base: 0 size: 0 align: 0 gran: 0 limit: ffff
PCI: 00:14.0 io: base: 0 size: 0 align: 12 gran: 12 limit: ffff
PCI: 00:14.0 io: base: 0 size: 0 align: 12 gran: 12 limit: ffff done
PCI: 00:02.0 20 *  [0x0 - 0x3f] io
PCI: 00:1f.1 20 *  [0x40 - 0x5f] io
DOMAIN: 0000 io: base: 60 size: 60 align: 6 gran: 0 limit: ffff done
DOMAIN: 0000 mem: base: 0 size: 0 align: 0 gran: 0 limit: ffffffff
PCI: 00:14.0 prefmem: base: 0 size: 0 align: 20 gran: 20 limit: ffffffffffffffff
PCI: 00:14.0 prefmem: base: 0 size: 0 align: 20 gran: 20 limit: ffffffffffffffff done
PCI: 00:14.0 mem: base: 0 size: 0 align: 20 gran: 20 limit: ffffffff
PCI: 01:00.0 10 *  [0x0 - 0x1fff] mem
PCI: 00:14.0 mem: base: 2000 size: 100000 align: 20 gran: 20 limit: ffffffff done
PCI: 00:02.0 18 *  [0x0 - 0xfffffff] prefmem
PCI: 00:02.0 10 *  [0x10000000 - 0x10ffffff] mem
PCI: 00:03.0 10 *  [0x11000000 - 0x11ffffff] mem
PCI: 00:00.2 18 *  [0x12000000 - 0x127fffff] mem
PCI: 00:00.2 10 *  [0x12800000 - 0x128fffff] mem
PCI: 00:0e.0 20 *  [0x12900000 - 0x129fffff] mem
PCI: 00:14.0 20 *  [0x12a00000 - 0x12afffff] mem
PCI: 00:15.0 10 *  [0x12b00000 - 0x12b0ffff] mem
PCI: 00:00.1 10 *  [0x12b10000 - 0x12b17fff] mem
PCI: 00:0e.0 10 *  [0x12b18000 - 0x12b1bfff] mem
PCI: 00:0d.1 18 *  [0x12b1c000 - 0x12b1cfff] mem
PCI: 00:0d.2 10 *  [0x12b1d000 - 0x12b1dfff] mem
PCI: 00:0f.0 10 *  [0x12b1e000 - 0x12b1efff] mem
PCI: 00:0f.1 10 *  [0x12b1f000 - 0x12b1ffff] mem
PCI: 00:0f.2 10 *  [0x12b20000 - 0x12b20fff] mem
PCI: 00:16.0 10 *  [0x12b21000 - 0x12b21fff] mem
PCI: 00:16.0 18 *  [0x12b22000 - 0x12b22fff] mem
PCI: 00:16.1 10 *  [0x12b23000 - 0x12b23fff] mem
PCI: 00:16.1 18 *  [0x12b24000 - 0x12b24fff] mem
PCI: 00:16.2 10 *  [0x12b25000 - 0x12b25fff] mem
PCI: 00:16.2 18 *  [0x12b26000 - 0x12b26fff] mem
PCI: 00:16.3 10 *  [0x12b27000 - 0x12b27fff] mem
PCI: 00:16.3 18 *  [0x12b28000 - 0x12b28fff] mem
PCI: 00:17.0 10 *  [0x12b29000 - 0x12b29fff] mem
PCI: 00:17.0 18 *  [0x12b2a000 - 0x12b2afff] mem
PCI: 00:17.1 10 *  [0x12b2b000 - 0x12b2bfff] mem
PCI: 00:17.1 18 *  [0x12b2c000 - 0x12b2cfff] mem
PCI: 00:18.0 10 *  [0x12b2d000 - 0x12b2dfff] mem
PCI: 00:18.0 18 *  [0x12b2e000 - 0x12b2efff] mem
PCI: 00:18.1 10 *  [0x12b2f000 - 0x12b2ffff] mem
PCI: 00:18.1 18 *  [0x12b30000 - 0x12b30fff] mem
PCI: 00:18.2 18 *  [0x12b31000 - 0x12b31fff] mem
PCI: 00:19.0 10 *  [0x12b32000 - 0x12b32fff] mem
PCI: 00:19.0 18 *  [0x12b33000 - 0x12b33fff] mem
PCI: 00:1b.0 10 *  [0x12b34000 - 0x12b34fff] mem
PCI: 00:1b.0 18 *  [0x12b35000 - 0x12b35fff] mem
PCI: 00:1c.0 10 *  [0x12b36000 - 0x12b36fff] mem
PCI: 00:1c.0 18 *  [0x12b37000 - 0x12b37fff] mem
PCI: 00:00.2 20 *  [0x12b38000 - 0x12b381ff] mem
PCI: 00:1f.1 10 *  [0x12b39000 - 0x12b390ff] mem
DOMAIN: 0000 mem: base: 12b39100 size: 12b39100 align: 28 gran: 0 limit: ffffffff done
avoid_fixed_resources: DOMAIN: 0000
avoid_fixed_resources:@DOMAIN: 0000 10000000 limit 0000ffff
avoid_fixed_resources:@DOMAIN: 0000 10000100 limit ffffffff
constrain_resources: PCI: 00:00.0 00 base e0000000 limit efffffff mem (fixed)
constrain_resources: PCI: 00:00.0 02 base 00000000 limit 0009ffff mem (fixed)
constrain_resources: PCI: 00:00.0 03 base 000c0000 limit 7affffff mem (fixed)
constrain_resources: PCI: 00:00.0 05 base 7b000000 limit 7b7fffff mem (fixed)
constrain_resources: PCI: 00:00.0 06 base 7b800000 limit 7fffffff mem (fixed)
constrain_resources: PCI: 00:0d.0 10 base d0000000 limit d0ffffff mem (fixed)
constrain_resources: PCI: 00:0d.1 20 base 00000400 limit 000004ff io (fixed)
constrain_resources: PCI: 00:1f.0 00 base 00000000 limit 00000fff io (fixed)
avoid_fixed_resources:@DOMAIN: 0000 10000000 base 00001000 limit 0000ffff
avoid_fixed_resources:@DOMAIN: 0000 10000100 base b0000000 limit cfffffff
Setting resources...
DOMAIN: 0000 io: base:1000 size:60 align:6 gran:0 limit:ffff
PCI: 00:02.0 20 *  [0x1000 - 0x103f] io
PCI: 00:1f.1 20 *  [0x1040 - 0x105f] io
DOMAIN: 0000 io: next_base: 1060 size: 60 align: 6 gran: 0 done
PCI: 00:14.0 io: base:ffff size:0 align:12 gran:12 limit:ffff
PCI: 00:14.0 io: next_base: ffff size: 0 align: 12 gran: 12 done
DOMAIN: 0000 mem: base:b0000000 size:12b39100 align:28 gran:0 limit:cfffffff
PCI: 00:02.0 18 *  [0xb0000000 - 0xbfffffff] prefmem
PCI: 00:02.0 10 *  [0xc0000000 - 0xc0ffffff] mem
PCI: 00:03.0 10 *  [0xc1000000 - 0xc1ffffff] mem
PCI: 00:00.2 18 *  [0xc2000000 - 0xc27fffff] mem
PCI: 00:00.2 10 *  [0xc2800000 - 0xc28fffff] mem
PCI: 00:0e.0 20 *  [0xc2900000 - 0xc29fffff] mem
PCI: 00:14.0 20 *  [0xc2a00000 - 0xc2afffff] mem
PCI: 00:15.0 10 *  [0xc2b00000 - 0xc2b0ffff] mem
PCI: 00:00.1 10 *  [0xc2b10000 - 0xc2b17fff] mem
PCI: 00:0e.0 10 *  [0xc2b18000 - 0xc2b1bfff] mem
PCI: 00:0d.1 18 *  [0xc2b1c000 - 0xc2b1cfff] mem
PCI: 00:0d.2 10 *  [0xc2b1d000 - 0xc2b1dfff] mem
PCI: 00:0f.0 10 *  [0xc2b1e000 - 0xc2b1efff] mem
PCI: 00:0f.1 10 *  [0xc2b1f000 - 0xc2b1ffff] mem
PCI: 00:0f.2 10 *  [0xc2b20000 - 0xc2b20fff] mem
PCI: 00:16.0 10 *  [0xc2b21000 - 0xc2b21fff] mem
PCI: 00:16.0 18 *  [0xc2b22000 - 0xc2b22fff] mem
PCI: 00:16.1 10 *  [0xc2b23000 - 0xc2b23fff] mem
PCI: 00:16.1 18 *  [0xc2b24000 - 0xc2b24fff] mem
PCI: 00:16.2 10 *  [0xc2b25000 - 0xc2b25fff] mem
PCI: 00:16.2 18 *  [0xc2b26000 - 0xc2b26fff] mem
PCI: 00:16.3 10 *  [0xc2b27000 - 0xc2b27fff] mem
PCI: 00:16.3 18 *  [0xc2b28000 - 0xc2b28fff] mem
PCI: 00:17.0 10 *  [0xc2b29000 - 0xc2b29fff] mem
PCI: 00:17.0 18 *  [0xc2b2a000 - 0xc2b2afff] mem
PCI: 00:17.1 10 *  [0xc2b2b000 - 0xc2b2bfff] mem
PCI: 00:17.1 18 *  [0xc2b2c000 - 0xc2b2cfff] mem
PCI: 00:18.0 10 *  [0xc2b2d000 - 0xc2b2dfff] mem
PCI: 00:18.0 18 *  [0xc2b2e000 - 0xc2b2efff] mem
PCI: 00:18.1 10 *  [0xc2b2f000 - 0xc2b2ffff] mem
PCI: 00:18.1 18 *  [0xc2b30000 - 0xc2b30fff] mem
PCI: 00:18.2 18 *  [0xc2b31000 - 0xc2b31fff] mem
PCI: 00:19.0 10 *  [0xc2b32000 - 0xc2b32fff] mem
PCI: 00:19.0 18 *  [0xc2b33000 - 0xc2b33fff] mem
PCI: 00:1b.0 10 *  [0xc2b34000 - 0xc2b34fff] mem
PCI: 00:1b.0 18 *  [0xc2b35000 - 0xc2b35fff] mem
PCI: 00:1c.0 10 *  [0xc2b36000 - 0xc2b36fff] mem
PCI: 00:1c.0 18 *  [0xc2b37000 - 0xc2b37fff] mem
PCI: 00:00.2 20 *  [0xc2b38000 - 0xc2b381ff] mem
PCI: 00:1f.1 10 *  [0xc2b39000 - 0xc2b390ff] mem
DOMAIN: 0000 mem: next_base: c2b39100 size: 12b39100 align: 28 gran: 0 done
PCI: 00:14.0 prefmem: base:cfffffff size:0 align:20 gran:20 limit:cfffffff
PCI: 00:14.0 prefmem: next_base: cfffffff size: 0 align: 20 gran: 20 done
PCI: 00:14.0 mem: base:c2a00000 size:100000 align:20 gran:20 limit:c2afffff
PCI: 01:00.0 10 *  [0xc2a00000 - 0xc2a01fff] mem
PCI: 00:14.0 mem: next_base: c2a02000 size: 100000 align: 20 gran: 20 done
Root Device assign_resources, bus 0 link: 0
DOMAIN: 0000 assign_resources, bus 0 link: 0
PCI: 00:00.1 10 <- [0x00c2b10000 - 0x00c2b17fff] size 0x00008000 gran 0x0f mem64
PCI: 00:00.2 10 <- [0x00c2800000 - 0x00c28fffff] size 0x00100000 gran 0x14 mem64
PCI: 00:00.2 18 <- [0x00c2000000 - 0x00c27fffff] size 0x00800000 gran 0x17 mem64
PCI: 00:00.2 20 <- [0x00c2b38000 - 0x00c2b381ff] size 0x00000200 gran 0x09 mem64
PCI: 00:02.0 10 <- [0x00c0000000 - 0x00c0ffffff] size 0x01000000 gran 0x18 mem64
PCI: 00:02.0 18 <- [0x00b0000000 - 0x00bfffffff] size 0x10000000 gran 0x1c prefmem64
PCI: 00:02.0 20 <- [0x0000001000 - 0x000000103f] size 0x00000040 gran 0x06 io
PCI: 00:03.0 10 <- [0x00c1000000 - 0x00c1ffffff] size 0x01000000 gran 0x18 mem64
PCI: 00:0d.1 18 <- [0x00c2b1c000 - 0x00c2b1cfff] size 0x00001000 gran 0x0c mem64
PCI: 00:0d.1 10 <- [0x00fe042000 - 0x00fe043fff] size 0x00002000 gran 0x00 mem PMC BAR
PCI: 00:0d.1 20 <- [0x0000000400 - 0x00000004ff] size 0x00000100 gran 0x00 io ACPI BAR
PCI: 00:0d.2 10 <- [0x00c2b1d000 - 0x00c2b1dfff] size 0x00001000 gran 0x0c mem
PCI: 00:0d.3 10 <- [0x00fe900000 - 0x00fe901fff] size 0x00002000 gran 0x00 mem SRAM BAR 0
PCI: 00:0d.3 18 <- [0x00fe902000 - 0x00fe902fff] size 0x00001000 gran 0x00 mem SRAM BAR 2
PCI: 00:0e.0 10 <- [0x00c2b18000 - 0x00c2b1bfff] size 0x00004000 gran 0x0e mem64
PCI: 00:0e.0 20 <- [0x00c2900000 - 0x00c29fffff] size 0x00100000 gran 0x14 mem64
PCI: 00:0e.0 assign_resources, bus 0 link: 0
PCI: 00:0e.0 assign_resources, bus 0 link: 0
PCI: 00:0f.0 10 <- [0x00c2b1e000 - 0x00c2b1efff] size 0x00001000 gran 0x0c mem64
PCI: 00:0f.1 10 <- [0x00c2b1f000 - 0x00c2b1ffff] size 0x00001000 gran 0x0c mem64
PCI: 00:0f.2 10 <- [0x00c2b20000 - 0x00c2b20fff] size 0x00001000 gran 0x0c mem64
PCI: 00:14.0 1c <- [0x000000ffff - 0x000000fffe] size 0x00000000 gran 0x0c bus 01 io
PCI: 00:14.0 24 <- [0x00cfffffff - 0x00cffffffe] size 0x00000000 gran 0x14 bus 01 prefmem
PCI: 00:14.0 20 <- [0x00c2a00000 - 0x00c2afffff] size 0x00100000 gran 0x14 bus 01 mem
PCI: 00:14.0 assign_resources, bus 1 link: 0
PCI: 01:00.0 10 <- [0x00c2a00000 - 0x00c2a01fff] size 0x00002000 gran 0x0d mem64
PCI: 00:14.0 assign_resources, bus 1 link: 0
PCI: 00:15.0 10 <- [0x00c2b00000 - 0x00c2b0ffff] size 0x00010000 gran 0x10 mem64
PCI: 00:16.0 10 <- [0x00c2b21000 - 0x00c2b21fff] size 0x00001000 gran 0x0c mem64
PCI: 00:16.0 18 <- [0x00c2b22000 - 0x00c2b22fff] size 0x00001000 gran 0x0c mem64
PCI: 00:16.0 assign_resources, bus 1 link: 0
PCI: 00:16.0 assign_resources, bus 1 link: 0
PCI: 00:16.1 10 <- [0x00c2b23000 - 0x00c2b23fff] size 0x00001000 gran 0x0c mem64
PCI: 00:16.1 18 <- [0x00c2b24000 - 0x00c2b24fff] size 0x00001000 gran 0x0c mem64
PCI: 00:16.2 10 <- [0x00c2b25000 - 0x00c2b25fff] size 0x00001000 gran 0x0c mem64
PCI: 00:16.2 18 <- [0x00c2b26000 - 0x00c2b26fff] size 0x00001000 gran 0x0c mem64
PCI: 00:16.2 assign_resources, bus 2 link: 0
PCI: 00:16.2 assign_resources, bus 2 link: 0
PCI: 00:16.3 10 <- [0x00c2b27000 - 0x00c2b27fff] size 0x00001000 gran 0x0c mem64
PCI: 00:16.3 18 <- [0x00c2b28000 - 0x00c2b28fff] size 0x00001000 gran 0x0c mem64
PCI: 00:16.3 assign_resources, bus 3 link: 0
PCI: 00:16.3 assign_resources, bus 3 link: 0
PCI: 00:17.0 10 <- [0x00c2b29000 - 0x00c2b29fff] size 0x00001000 gran 0x0c mem64
PCI: 00:17.0 18 <- [0x00c2b2a000 - 0x00c2b2afff] size 0x00001000 gran 0x0c mem64
PCI: 00:17.0 assign_resources, bus 4 link: 0
PCI: 00:17.0 assign_resources, bus 4 link: 0
PCI: 00:17.1 10 <- [0x00c2b2b000 - 0x00c2b2bfff] size 0x00001000 gran 0x0c mem64
PCI: 00:17.1 18 <- [0x00c2b2c000 - 0x00c2b2cfff] size 0x00001000 gran 0x0c mem64
PCI: 00:17.1 assign_resources, bus 5 link: 0
PCI: 00:17.1 assign_resources, bus 5 link: 0
PCI: 00:18.0 10 <- [0x00c2b2d000 - 0x00c2b2dfff] size 0x00001000 gran 0x0c mem64
PCI: 00:18.0 18 <- [0x00c2b2e000 - 0x00c2b2efff] size 0x00001000 gran 0x0c mem64
PCI: 00:18.1 10 <- [0x00c2b2f000 - 0x00c2b2ffff] size 0x00001000 gran 0x0c mem64
PCI: 00:18.1 18 <- [0x00c2b30000 - 0x00c2b30fff] size 0x00001000 gran 0x0c mem64
PCI: 00:18.2 18 <- [0x00c2b31000 - 0x00c2b31fff] size 0x00001000 gran 0x0c mem64
PCI: 00:19.0 10 <- [0x00c2b32000 - 0x00c2b32fff] size 0x00001000 gran 0x0c mem64
PCI: 00:19.0 18 <- [0x00c2b33000 - 0x00c2b33fff] size 0x00001000 gran 0x0c mem64
PCI: 00:1b.0 10 <- [0x00c2b34000 - 0x00c2b34fff] size 0x00001000 gran 0x0c mem64
PCI: 00:1b.0 18 <- [0x00c2b35000 - 0x00c2b35fff] size 0x00001000 gran 0x0c mem64
PCI: 00:1c.0 10 <- [0x00c2b36000 - 0x00c2b36fff] size 0x00001000 gran 0x0c mem64
PCI: 00:1c.0 18 <- [0x00c2b37000 - 0x00c2b37fff] size 0x00001000 gran 0x0c mem64
PCI: 00:1f.0 assign_resources, bus 0 link: 0
PNP: 0c09.0 missing set_resources
PCI: 00:1f.0 assign_resources, bus 0 link: 0
LPC: Trying to open IO window from 800 size 1ff
LPC: Opened IO window LGIR3: base 800 size 100
LPC: Cannot open IO window: 900 size ff
No more IO windows
PCI: 00:1f.1 10 <- [0x00c2b39000 - 0x00c2b390ff] size 0x00000100 gran 0x08 mem64
PCI: 00:1f.1 20 <- [0x0000001040 - 0x000000105f] size 0x00000020 gran 0x05 io
DOMAIN: 0000 assign_resources, bus 0 link: 0
Root Device assign_resources, bus 0 link: 0
Done setting resources.
Show resources in subtree (Root Device)...After assigning values.
Root Device child on link 0 CPU_CLUSTER: 0
CPU_CLUSTER: 0 child on link 0 APIC: 00
APIC: 00
DOMAIN: 0000 child on link 0 PCI: 00:00.0
DOMAIN: 0000 resource base 1000 size 60 align 6 gran 0 limit ffff flags 40040100 index 10000000
DOMAIN: 0000 resource base b0000000 size 12b39100 align 28 gran 0 limit cfffffff flags 40040200 index 10000100
PCI: 00:00.0
PCI: 00:00.0 resource base e0000000 size 10000000 align 0 gran 0 limit 0 flags f0000200 index 0
PCI: 00:00.0 resource base fed10000 size 8000 align 0 gran 0 limit 0 flags f0000200 index 1
PCI: 00:00.0 resource base 0 size a0000 align 0 gran 0 limit 0 flags e0004200 index 2
PCI: 00:00.0 resource base c0000 size 7af40000 align 0 gran 0 limit 0 flags e0004200 index 3
PCI: 00:00.0 resource base 7b000000 size 800000 align 0 gran 0 limit 0 flags f0004200 index 5
PCI: 00:00.0 resource base 7b800000 size 4800000 align 0 gran 0 limit 0 flags f0000200 index 6
PCI: 00:00.0 resource base 100000000 size 80000000 align 0 gran 0 limit 0 flags e0004200 index 7
PCI: 00:00.0 resource base a0000 size 20000 align 0 gran 0 limit 0 flags f0000200 index 8
PCI: 00:00.0 resource base c0000 size 40000 align 0 gran 0 limit 0 flags f0004200 index 9
PCI: 00:00.0 resource base 11800000 size 400000 align 0 gran 0 limit 0 flags f0004200 index a
PCI: 00:00.0 resource base 11000000 size 800000 align 0 gran 0 limit 0 flags f0004200 index b
PCI: 00:00.0 resource base 12000000 size 100000 align 0 gran 0 limit 0 flags f0004200 index c
PCI: 00:00.0 resource base 12150000 size 1000 align 0 gran 0 limit 0 flags f0004200 index d
PCI: 00:00.0 resource base 12140000 size 10000 align 0 gran 0 limit 0 flags f0004200 index e
PCI: 00:00.0 resource base 10000000 size 1000000 align 0 gran 0 limit 0 flags f0004200 index f
PCI: 00:00.0 resource base 11c00000 size 400000 align 0 gran 0 limit 0 flags f0004200 index 10
PCI: 00:00.0 resource base 12100000 size 40000 align 0 gran 0 limit 0 flags f0004200 index 11
PCI: 00:00.1
PCI: 00:00.1 resource base c2b10000 size 8000 align 15 gran 15 limit c2b17fff flags 60000201 index 10
PCI: 00:00.2
PCI: 00:00.2 resource base c2800000 size 100000 align 20 gran 20 limit c28fffff flags 60000201 index 10
PCI: 00:00.2 resource base c2000000 size 800000 align 23 gran 23 limit c27fffff flags 60000201 index 18
PCI: 00:00.2 resource base c2b38000 size 200 align 12 gran 9 limit c2b381ff flags 60000201 index 20
PCI: 00:02.0
PCI: 00:02.0 resource base c0000000 size 1000000 align 24 gran 24 limit c0ffffff flags 60000201 index 10
PCI: 00:02.0 resource base b0000000 size 10000000 align 28 gran 28 limit bfffffff flags 60001201 index 18
PCI: 00:02.0 resource base 1000 size 40 align 6 gran 6 limit 103f flags 60000100 index 20
PCI: 00:03.0
PCI: 00:03.0 resource base c1000000 size 1000000 align 24 gran 24 limit c1ffffff flags 60000201 index 10
PCI: 00:0d.0
PCI: 00:0d.0 resource base d0000000 size 1000000 align 0 gran 0 limit 0 flags f0000200 index 10
PCI: 00:0d.1
PCI: 00:0d.1 resource base fe042000 size 2000 align 0 gran 0 limit 0 flags e0000200 index 10
PCI: 00:0d.1 resource base c2b1c000 size 1000 align 12 gran 12 limit c2b1cfff flags 60000201 index 18
PCI: 00:0d.1 resource base 400 size 100 align 0 gran 0 limit 0 flags e0000100 index 20
PCI: 00:0d.2
PCI: 00:0d.2 resource base c2b1d000 size 1000 align 12 gran 12 limit c2b1dfff flags 60000200 index 10
PCI: 00:0d.3
PCI: 00:0d.3 resource base fe900000 size 2000 align 0 gran 0 limit 0 flags e0000200 index 10
PCI: 00:0d.3 resource base fe902000 size 1000 align 0 gran 0 limit 0 flags e0000200 index 18
PCI: 00:0e.0 child on link 0 GENERIC: 0.0
PCI: 00:0e.0 resource base c2b18000 size 4000 align 14 gran 14 limit c2b1bfff flags 60000201 index 10
PCI: 00:0e.0 resource base c2900000 size 100000 align 20 gran 20 limit c29fffff flags 60000201 index 20
GENERIC: 0.0
PCI: 00:0f.0
PCI: 00:0f.0 resource base c2b1e000 size 1000 align 12 gran 12 limit c2b1efff flags 60000201 index 10
PCI: 00:0f.1
PCI: 00:0f.1 resource base c2b1f000 size 1000 align 12 gran 12 limit c2b1ffff flags 60000201 index 10
PCI: 00:0f.2
PCI: 00:0f.2 resource base c2b20000 size 1000 align 12 gran 12 limit c2b20fff flags 60000201 index 10
PCI: 00:11.0
PCI: 00:12.0
PCI: 00:13.0
PCI: 00:13.1
PCI: 00:13.2
PCI: 00:13.3
PCI: 00:14.0 child on link 0 PCI: 01:00.0
PCI: 00:14.0 resource base ffff size 0 align 12 gran 12 limit ffff flags 60080102 index 1c
PCI: 00:14.0 resource base cfffffff size 0 align 20 gran 20 limit cfffffff flags 60081202 index 24
PCI: 00:14.0 resource base c2a00000 size 100000 align 20 gran 20 limit c2afffff flags 60080202 index 20
PCI: 01:00.0
PCI: 01:00.0 resource base c2a00000 size 2000 align 13 gran 13 limit c2a01fff flags 60000201 index 10
PCI: 00:14.1
PCI: 00:15.0
PCI: 00:15.0 resource base c2b00000 size 10000 align 16 gran 16 limit c2b0ffff flags 60000201 index 10
PCI: 00:15.1
PCI: 00:16.0 child on link 0 I2C: 01:1a
PCI: 00:16.0 resource base c2b21000 size 1000 align 12 gran 12 limit c2b21fff flags 60000201 index 10
PCI: 00:16.0 resource base c2b22000 size 1000 align 12 gran 12 limit c2b22fff flags 60000201 index 18
I2C: 01:1a
PCI: 00:16.1
PCI: 00:16.1 resource base c2b23000 size 1000 align 12 gran 12 limit c2b23fff flags 60000201 index 10
PCI: 00:16.1 resource base c2b24000 size 1000 align 12 gran 12 limit c2b24fff flags 60000201 index 18
PCI: 00:16.2 child on link 0 I2C: 02:50
PCI: 00:16.2 resource base c2b25000 size 1000 align 12 gran 12 limit c2b25fff flags 60000201 index 10
PCI: 00:16.2 resource base c2b26000 size 1000 align 12 gran 12 limit c2b26fff flags 60000201 index 18
I2C: 02:50
PCI: 00:16.3 child on link 0 I2C: 03:10
PCI: 00:16.3 resource base c2b27000 size 1000 align 12 gran 12 limit c2b27fff flags 60000201 index 10
PCI: 00:16.3 resource base c2b28000 size 1000 align 12 gran 12 limit c2b28fff flags 60000201 index 18
I2C: 03:10
I2C: 03:39
PCI: 00:17.0 child on link 0 I2C: 04:15
PCI: 00:17.0 resource base c2b29000 size 1000 align 12 gran 12 limit c2b29fff flags 60000201 index 10
PCI: 00:17.0 resource base c2b2a000 size 1000 align 12 gran 12 limit c2b2afff flags 60000201 index 18
I2C: 04:15
I2C: 04:2c
PCI: 00:17.1 child on link 0 I2C: 05:09
PCI: 00:17.1 resource base c2b2b000 size 1000 align 12 gran 12 limit c2b2bfff flags 60000201 index 10
PCI: 00:17.1 resource base c2b2c000 size 1000 align 12 gran 12 limit c2b2cfff flags 60000201 index 18
I2C: 05:09
PCI: 00:17.2
PCI: 00:17.3
PCI: 00:18.0
PCI: 00:18.0 resource base c2b2d000 size 1000 align 12 gran 12 limit c2b2dfff flags 60000201 index 10
PCI: 00:18.0 resource base c2b2e000 size 1000 align 12 gran 12 limit c2b2efff flags 60000201 index 18
PCI: 00:18.1
PCI: 00:18.1 resource base c2b2f000 size 1000 align 12 gran 12 limit c2b2ffff flags 60000201 index 10
PCI: 00:18.1 resource base c2b30000 size 1000 align 12 gran 12 limit c2b30fff flags 60000201 index 18
PCI: 00:18.2
PCI: 00:18.2 resource base de000000 size 1000 align 0 gran 0 limit 0 flags e0000200 index 10
PCI: 00:18.2 resource base c2b31000 size 1000 align 12 gran 12 limit c2b31fff flags 60000201 index 18
PCI: 00:18.3
PCI: 00:19.0
PCI: 00:19.0 resource base c2b32000 size 1000 align 12 gran 12 limit c2b32fff flags 60000201 index 10
PCI: 00:19.0 resource base c2b33000 size 1000 align 12 gran 12 limit c2b33fff flags 60000201 index 18
PCI: 00:19.1
PCI: 00:19.2
PCI: 00:1a.0
PCI: 00:1b.0
PCI: 00:1b.0 resource base c2b34000 size 1000 align 12 gran 12 limit c2b34fff flags 60000201 index 10
PCI: 00:1b.0 resource base c2b35000 size 1000 align 12 gran 12 limit c2b35fff flags 60000201 index 18
PCI: 00:1c.0
PCI: 00:1c.0 resource base c2b36000 size 1000 align 12 gran 12 limit c2b36fff flags 60000201 index 10
PCI: 00:1c.0 resource base c2b37000 size 1000 align 12 gran 12 limit c2b37fff flags 60000201 index 18
PCI: 00:1e.0
PCI: 00:1f.0 child on link 0 PNP: 0c09.0
PCI: 00:1f.0 resource base 0 size 1000 align 0 gran 0 limit 0 flags c0000100 index 0
PNP: 0c09.0
PNP: 0c09.0 resource base 800 size 1ff align 0 gran 0 limit 0 flags c0000100 index 0
PCI: 00:1f.1
PCI: 00:1f.1 resource base c2b39000 size 100 align 12 gran 8 limit c2b390ff flags 60000201 index 10
PCI: 00:1f.1 resource base 1040 size 20 align 5 gran 5 limit 105f flags 60000100 index 20
Done allocating resources.
BS: BS_DEV_RESOURCES times (us): entry 0 run 2951713 exit 0
Enabling resources...
PCI: 00:00.0 cmd <- 07
PCI: 00:00.1 subsystem <- 8086/5a8c
PCI: 00:00.1 cmd <- 02
PCI: 00:00.2 subsystem <- 8086/5a8e
PCI: 00:00.2 cmd <- 06
PCI: 00:02.0 cmd <- 03
PCI: 00:03.0 subsystem <- 8086/5a88
PCI: 00:03.0 cmd <- 02
PCI: 00:0d.1 cmd <- 07
PCI: 00:0d.2 subsystem <- 8086/5a96
PCI: 00:0d.2 cmd <- 406
PCI: 00:0d.3 cmd <- 06
PCI: 00:0e.0 cmd <- 02
PCI: 00:0f.0 cmd <- 06
PCI: 00:0f.1 cmd <- 06
PCI: 00:0f.2 cmd <- 06
PCI: 00:14.0 bridge ctrl <- 0003
PCI: 00:14.0 cmd <- 06
PCI: 00:15.0 cmd <- 02
PCI: 00:16.0 cmd <- 02
PCI: 00:16.1 cmd <- 02
PCI: 00:16.2 cmd <- 06
PCI: 00:16.3 cmd <- 02
PCI: 00:17.0 cmd <- 02
PCI: 00:17.1 cmd <- 02
PCI: 00:18.0 cmd <- 02
PCI: 00:18.1 cmd <- 02
PCI: 00:18.2 cmd <- 06
PCI: 00:19.0 subsystem <- 8086/5ac2
PCI: 00:19.0 cmd <- 02
PCI: 00:1b.0 cmd <- 06
PCI: 00:1c.0 subsystem <- 8086/5acc
PCI: 00:1c.0 cmd <- 06
PCI: 00:1f.0 cmd <- 07
PCI: 00:1f.1 subsystem <- 8086/5ad4
PCI: 00:1f.1 cmd <- 03
PCI: 01:00.0 subsystem <- 8086/095a
PCI: 01:00.0 cmd <- 02
done.
BS: BS_DEV_ENABLE times (us): entry 162 run 112474 exit 0
FMAP: area FPF_STATUS found @ 42f000 (4096 bytes)
Initializing devices...
Root Device init ...
Root Device init finished in 2137 usecs
CPU_CLUSTER: 0 init ...
MTRR: Physical address space:
0x0000000000000000 - 0x00000000000a0000 size 0x000a0000 type 6
0x00000000000a0000 - 0x00000000000c0000 size 0x00020000 type 0
0x00000000000c0000 - 0x000000007b800000 size 0x7b740000 type 6
0x000000007b800000 - 0x00000000b0000000 size 0x34800000 type 0
0x00000000b0000000 - 0x00000000c0000000 size 0x10000000 type 1
0x00000000c0000000 - 0x0000000100000000 size 0x40000000 type 0
0x0000000100000000 - 0x0000000180000000 size 0x80000000 type 6
MTRR: Fixed MSR 0x250 0x0606060606060606
MTRR: Fixed MSR 0x258 0x0606060606060606
MTRR: Fixed MSR 0x259 0x0000000000000000
MTRR: Fixed MSR 0x268 0x0606060606060606
MTRR: Fixed MSR 0x269 0x0606060606060606
MTRR: Fixed MSR 0x26a 0x0606060606060606
MTRR: Fixed MSR 0x26b 0x0606060606060606
MTRR: Fixed MSR 0x26c 0x0606060606060606
MTRR: Fixed MSR 0x26d 0x0606060606060606
MTRR: Fixed MSR 0x26e 0x0606060606060606
MTRR: Fixed MSR 0x26f 0x0606060606060606
call enable_fixed_mtrr()
CPU physical address size: 39 bits
MTRR: default type WB/UC MTRR counts: 6/8.
MTRR: WB selected as default type.
MTRR: 0 base 0x000000007b800000 mask 0x0000007fff800000 type 0
MTRR: 1 base 0x000000007c000000 mask 0x0000007ffc000000 type 0
MTRR: 2 base 0x0000000080000000 mask 0x0000007fe0000000 type 0
MTRR: 3 base 0x00000000a0000000 mask 0x0000007ff0000000 type 0
MTRR: 4 base 0x00000000b0000000 mask 0x0000007ff0000000 type 1
MTRR: 5 base 0x00000000c0000000 mask 0x0000007fc0000000 type 0
MTRR check
Fixed MTRRs   : Enabled
Variable MTRRs: Enabled
Detected 4 core, 4 thread CPU.
Will perform SMM setup.
FMAP: area COREBOOT found @ 205000 (1552384 bytes)
CBFS @ 205000 size 17b000
CBFS: 'IAFW Locator' located CBFS at [205000:380000)
CBFS: Locating 'cpu_microcode_blob.bin'
CBFS: Found @ offset 11d40 size 4000
microcode: sig=0x506c9 pf=0x1 revision=0x2c
CPU: Intel(R) Pentium(R) CPU N4200 @ 1.10GHz.
Loading module at 00030000 with entry 00030000. filesize: 0x130 memsize: 0x130
Processing 16 relocs. Offset value of 0x00030000
Attempting to start 3 APs
Waiting for 10ms after sending INIT.
Waiting for 1st SIPI to complete...AP: slot 1 apic_id 6.
done.
AP: slot 2 apic_id 4.
Waiting for 2nd SIPI to complete...done.
AP: slot 3 apic_id 2.
Loading module at 00038000 with entry 00038000. filesize: 0x1a8 memsize: 0x1a8
Processing 12 relocs. Offset value of 0x00038000
SMM Module: stub loaded at 00038000. Will call 7ab9065d(00000000)
Installing SMM handler to 0x7b000000
Loading module at 7b010000 with entry 7b010cfc. filesize: 0x3550 memsize: 0x7630
Processing 229 relocs. Offset value of 0x7b010000
Loading module at 7b008000 with entry 7b008000. filesize: 0x1a8 memsize: 0x1a8
Processing 12 relocs. Offset value of 0x7b008000
SMM Module: placing jmp sequence at 7b007c00 rel16 0x03fd
SMM Module: placing jmp sequence at 7b007800 rel16 0x07fd
SMM Module: placing jmp sequence at 7b007400 rel16 0x0bfd
SMM Module: stub loaded at 7b008000. Will call 7b010cfc(00000000)
Clearing SMI status registers
New SMBASE 0x7afff800
Relocation complete.
New SMBASE 0x7afff400
Relocation complete.
New SMBASE 0x7b000000
Relocation complete.
New SMBASE 0x7afffc00
Relocation complete.
Initializing CPU #0
CPU: vendor Intel device 506c9
CPU: family 06, model 5c, stepping 09
CPU #0 initialized
Initializing CPU #3
Initializing CPU #2
CPU: vendor Intel device 506c9
CPU: family 06, model 5c, stepping 09
Initializing CPU #1
CPU: vendor Intel device 506c9
CPU: family 06, model 5c, stepping 09
CPU #3 initialized
CPU: vendor Intel device 506c9
CPU: family 06, model 5c, stepping 09
CPU #2 initialized
CPU #1 initialized
Enabling SMIs.
MTRR: TEMPORARY Physical address space:
0x0000000000000000 - 0x00000000000a0000 size 0x000a0000 type 6
0x00000000000a0000 - 0x00000000000c0000 size 0x00020000 type 0
0x00000000000c0000 - 0x000000007b800000 size 0x7b740000 type 6
0x000000007b800000 - 0x00000000ff000000 size 0x83800000 type 0
0x00000000ff000000 - 0x0000000100000000 size 0x01000000 type 5
0x0000000100000000 - 0x0000000180000000 size 0x80000000 type 6
MTRR: default type WB/UC MTRR counts: 10/8.
MTRR: UC selected as default type.
MTRR: 0 base 0x0000000000000000 mask 0x0000007fc0000000 type 6
MTRR: 1 base 0x0000000040000000 mask 0x0000007fe0000000 type 6
MTRR: 2 base 0x0000000060000000 mask 0x0000007ff0000000 type 6
MTRR: 3 base 0x0000000070000000 mask 0x0000007ff8000000 type 6
MTRR: 4 base 0x0000000078000000 mask 0x0000007ffc000000 type 6
MTRR: 5 base 0x000000007b800000 mask 0x0000007fff800000 type 0
MTRR: 6 base 0x00000000ff000000 mask 0x0000007fff000000 type 5
MTRR: 7 base 0x0000000100000000 mask 0x0000007f00000000 type 6
CPU_CLUSTER: 0 init finished in 467988 usecs
PCI: 00:00.0 init ...
PCI: 00:00.0 init finished in 2234 usecs
PCI: 00:00.1 init ...
PCI: 00:00.1 init finished in 2234 usecs
PCI: 00:00.2 init ...
PCI: 00:00.2 init finished in 2234 usecs
PCI: 00:02.0 init ...
PCI: 00:02.0 init finished in 2233 usecs
PCI: 00:03.0 init ...
PCI: 00:03.0 init finished in 2232 usecs
PCI: 00:0d.1 init ...
gpe0_sts[0]: 00000000 gpe0_en[0]: 00000000
gpe0_sts[1]: 0ead33f7 gpe0_en[1]: 00000000
gpe0_sts[2]: 3ffd0024 gpe0_en[2]: 00000000
gpe0_sts[3]: 800ec00e gpe0_en[3]: 00000000
Disabling ACPI via APMC:Done.
SLP S3 assertion width: 50000 usecs
PCI: 00:0d.1 init finished in 27358 usecs
PCI: 00:0d.2 init ...
PCI: 00:0d.2 init finished in 2231 usecs
PCI: 00:0f.0 init ...
PCI: 00:0f.0 init finished in 2225 usecs
PCI: 00:0f.1 init ...
PCI: 00:0f.1 init finished in 2233 usecs
PCI: 00:0f.2 init ...
PCI: 00:0f.2 init finished in 2232 usecs
PCI: 00:15.0 init ...
PCI: 00:15.0 init finished in 2235 usecs
PCI: 00:16.0 init ...
LPSS I2C bus 0 at 0xc2b21000 (400 KHz)
PCI: 00:16.0 init finished in 6118 usecs
PCI: 00:16.1 init ...
LPSS I2C bus 1 at 0xc2b23000 (400 KHz)
PCI: 00:16.1 init finished in 6114 usecs
PCI: 00:16.2 init ...
LPSS I2C bus 2 at 0xc2b25000 (400 KHz)
PCI: 00:16.2 init finished in 6108 usecs
PCI: 00:16.3 init ...
LPSS I2C bus 3 at 0xc2b27000 (400 KHz)
PCI: 00:16.3 init finished in 6115 usecs
PCI: 00:17.0 init ...
LPSS I2C bus 4 at 0xc2b29000 (400 KHz)
PCI: 00:17.0 init finished in 6115 usecs
PCI: 00:17.1 init ...
LPSS I2C bus 5 at 0xc2b2b000 (400 KHz)
PCI: 00:17.1 init finished in 6113 usecs
PCI: 00:19.0 init ...
PCI: 00:19.0 init finished in 2230 usecs
PCI: 00:1c.0 init ...
PCI: 00:1c.0 init finished in 2223 usecs
PCI: 00:1f.0 init ...
RTC Init
PCI: 00:1f.0 init finished in 3561 usecs
PCI: 00:1f.1 init ...
PCI: 00:1f.1 init finished in 2231 usecs
PCI: 01:00.0 init ...
PCI: 01:00.0 init finished in 2234 usecs
PNP: 0c09.0 init ...
Keyboard init...
PS/2 keyboard initialized on primary channel
Google Chrome EC: Initializing keyboard.
Google Chrome EC: Hello got back 11223344 status (0)
Google Chrome EC: version:
ro: coral_v1.1.7292-04956f5df
rw: coral_v1.1.7292-04956f5df
running image: 1
PNP: 0c09.0 init finished in 42162 usecs
Devices initialized
Show all devs... After init.
Root Device: enabled 1
CPU_CLUSTER: 0: enabled 1
APIC: 00: enabled 1
DOMAIN: 0000: enabled 1
PCI: 00:00.0: enabled 1
PCI: 00:00.1: enabled 1
PCI: 00:00.2: enabled 1
PCI: 00:02.0: enabled 1
PCI: 00:03.0: enabled 1
PCI: 00:0d.0: enabled 1
PCI: 00:0d.1: enabled 1
PCI: 00:0d.2: enabled 1
PCI: 00:0d.3: enabled 1
PCI: 00:0e.0: enabled 1
GENERIC: 0.0: enabled 1
PCI: 00:11.0: enabled 0
PCI: 00:12.0: enabled 0
PCI: 00:13.0: enabled 0
PCI: 00:13.1: enabled 0
PCI: 00:13.2: enabled 0
PCI: 00:13.3: enabled 0
PCI: 00:14.0: enabled 1
PCI: 01:00.0: enabled 1
PCI: 00:14.1: enabled 0
PCI: 00:15.0: enabled 1
PCI: 00:15.1: enabled 0
PCI: 00:16.0: enabled 1
I2C: 01:1a: enabled 1
PCI: 00:16.1: enabled 1
PCI: 00:16.2: enabled 1
I2C: 02:50: enabled 1
PCI: 00:16.3: enabled 1
I2C: 03:10: enabled 1
I2C: 03:39: enabled 1
PCI: 00:17.0: enabled 1
I2C: 04:15: enabled 1
I2C: 04:2c: enabled 1
PCI: 00:17.1: enabled 1
I2C: 05:09: enabled 1
PCI: 00:17.2: enabled 0
PCI: 00:17.3: enabled 0
PCI: 00:18.0: enabled 1
PCI: 00:18.1: enabled 1
PCI: 00:18.2: enabled 1
PCI: 00:18.3: enabled 0
PCI: 00:19.0: enabled 1
PCI: 00:19.1: enabled 0
PCI: 00:19.2: enabled 0
PCI: 00:1a.0: enabled 0
PCI: 00:1b.0: enabled 1
PCI: 00:1c.0: enabled 1
PCI: 00:1e.0: enabled 0
PCI: 00:1f.0: enabled 1
PNP: 0c09.0: enabled 1
PCI: 00:1f.1: enabled 1
PCI: 00:0f.0: enabled 1
PCI: 00:0f.1: enabled 1
PCI: 00:0f.2: enabled 1
APIC: 06: enabled 1
APIC: 04: enabled 1
APIC: 02: enabled 1
BS: BS_DEV_INIT times (us): entry 4983 run 881045 exit 889
ELOG: Event(A1) added with size 10 at 2024-06-03 14:23:19 UTC
elog_add_boot_reason: Logged recovery mode boot (Dev-switch on), reason: 0x1b
ELOG: Event(A0) added with size 9 at 2024-06-03 14:23:19 UTC
elog_add_boot_reason: Logged dev mode boot
Finalize devices...
Devices finalized
FMAP: area RW_NVRAM found @ 42a000 (20480 bytes)
BS: BS_POST_DEVICE times (us): entry 24868 run 3941 exit 5267
BS: BS_OS_RESUME_CHECK times (us): entry 0 run 60 exit 0
FMAP: area COREBOOT found @ 205000 (1552384 bytes)
CBFS @ 205000 size 17b000
CBFS: 'IAFW Locator' located CBFS at [205000:380000)
CBFS: Locating 'fallback/dsdt.aml'
CBFS: Found @ offset b7600 size 2e40
FMAP: area COREBOOT found @ 205000 (1552384 bytes)
CBFS @ 205000 size 17b000
CBFS: 'IAFW Locator' located CBFS at [205000:380000)
CBFS: Locating 'fallback/slic'
CBFS: 'fallback/slic' not found.
ACPI: Writing ACPI tables at 7ab10000.
ACPI:    * FACS
ACPI:    * DSDT
Ramoops buffer: 0x100000@0x7aa10000.
ACPI:    * FADT
SCI is IRQ9
ACPI: added table 1/32, length now 40
ACPI:     * SSDT
Found 1 CPU(s) with 4 core(s) each.
Turbo is available and visible
PSS: 1101MHz power 6000 control 0x1900 status 0x1900
PSS: 1100MHz power 6000 control 0xb00 status 0xb00
PSS: 1000MHz power 5388 control 0xa00 status 0xa00
PSS: 800MHz power 4213 control 0x800 status 0x800
PSS: 1101MHz power 6000 control 0x1900 status 0x1900
PSS: 1100MHz power 6000 control 0xb00 status 0xb00
PSS: 1000MHz power 5388 control 0xa00 status 0xa00
PSS: 800MHz power 4213 control 0x800 status 0x800
PSS: 1101MHz power 6000 control 0x1900 status 0x1900
PSS: 1100MHz power 6000 control 0xb00 status 0xb00
PSS: 1000MHz power 5388 control 0xa00 status 0xa00
PSS: 800MHz power 4213 control 0x800 status 0x800
PSS: 1101MHz power 6000 control 0x1900 status 0x1900
PSS: 1100MHz power 6000 control 0xb00 status 0xb00
PSS: 1000MHz power 5388 control 0xa00 status 0xa00
PSS: 800MHz power 4213 control 0x800 status 0x800
\_SB.PCI0.HDAS.MAXM: Maxim Integrated 98357A Amplifier
Error: Could not locate 'wifi_sar' in VPD
Error: failed from getting SAR limits!
\_SB.PCI0.RP01.WIFI: Intel WiFi PCI: 01:00.0
lpss_i2c: bad counts. hcnt = -8 lcnt = 14
\_SB.PCI0.I2C0.DLG7: Dialog Semiconductor DA7219 Audio Codec address 01ah irq 91
lpss_i2c: bad counts. hcnt = -5 lcnt = 17
\_SB.PCI0.I2C2.TPMI: I2C TPM at I2C: 02:50
lpss_i2c: bad counts. hcnt = -1 lcnt = 77
lpss_i2c: bad counts. hcnt = -23 lcnt = 32
\_SB.PCI0.I2C3.D010: ELAN Touchscreen at I2C: 03:10
\_SB.PCI0.I2C3.D039: Raydium Touchscreen at I2C: 03:39
lpss_i2c: bad counts. hcnt = -1 lcnt = 72
lpss_i2c: bad counts. hcnt = -23 lcnt = 27
\_SB.PCI0.I2C4.D015: ELAN Touchpad at I2C: 04:15
\_SB.PCI0.I2C4.H02C: Synaptics Touchpad at I2C: 04:2c
lpss_i2c: bad counts. hcnt = -5 lcnt = 4
\_SB.PCI0.I2C5.H009: WCOM Digitizer at I2C: 05:09
ACPI: added table 2/32, length now 44
ACPI:    * MCFG
ACPI: added table 3/32, length now 48
ACPI:    * TCPA
TCPA log created at 7aa00000
ACPI: added table 4/32, length now 52
ACPI:    * MADT
SCI is IRQ9
ACPI: added table 5/32, length now 56
current = 7ab14920
FMAP: area COREBOOT found @ 205000 (1552384 bytes)
CBFS @ 205000 size 17b000
CBFS: 'IAFW Locator' located CBFS at [205000:380000)
CBFS: Locating 'dmic-4ch-48khz-16b.bin'
CBFS: Found @ offset 2e1c0 size be8
Added 4CH DMIC array.
FMAP: area COREBOOT found @ 205000 (1552384 bytes)
CBFS @ 205000 size 17b000
CBFS: 'IAFW Locator' located CBFS at [205000:380000)
CBFS: Locating 'dialog-2ch-48khz-24b.bin'
CBFS: Found @ offset 2ef00 size 64
FMAP: area COREBOOT found @ 205000 (1552384 bytes)
CBFS @ 205000 size 17b000
CBFS: 'IAFW Locator' located CBFS at [205000:380000)
CBFS: Locating 'dialog-2ch-48khz-24b.bin'
CBFS: Found @ offset 2ef00 size 64
Added Dialog_7219 codec.
FMAP: area COREBOOT found @ 205000 (1552384 bytes)
CBFS @ 205000 size 17b000
CBFS: 'IAFW Locator' located CBFS at [205000:380000)
CBFS: Locating 'max98357-render-2ch-48khz-24b.bin'
CBFS: Found @ offset 2ee00 size 74
Added Maxim_98357 codec.
ACPI:    * NHLT
ACPI: added table 6/32, length now 60
ACPI:    * IGD OpRegion
ACPI:    * HPET
ACPI: added table 7/32, length now 64
ACPI: done.
ACPI tables: 30656 bytes.
smbios_write_tables: 7a9fd000
Create SMBIOS type 17
Root Device (Google Coral)
CPU_CLUSTER: 0 (Intel Apollolake SOC)
APIC: 00 (Intel Apollolake SOC)
DOMAIN: 0000 (Intel Apollolake SOC)
PCI: 00:00.0 (Intel Apollolake SOC)
PCI: 00:00.1 (Intel Apollolake SOC)
PCI: 00:00.2 (Intel Apollolake SOC)
PCI: 00:02.0 (Intel Apollolake SOC)
PCI: 00:03.0 (Intel Apollolake SOC)
PCI: 00:0d.0 (Intel Apollolake SOC)
PCI: 00:0d.1 (Intel Apollolake SOC)
PCI: 00:0d.2 (Intel Apollolake SOC)
PCI: 00:0d.3 (Intel Apollolake SOC)
PCI: 00:0e.0 (Intel Apollolake SOC)
GENERIC: 0.0 (Maxim Integrated 98357A Amplifier)
PCI: 00:11.0 (Intel Apollolake SOC)
PCI: 00:12.0 (Intel Apollolake SOC)
PCI: 00:13.0 (Intel Apollolake SOC)
PCI: 00:13.1 (Intel Apollolake SOC)
PCI: 00:13.2 (Intel Apollolake SOC)
PCI: 00:13.3 (Intel Apollolake SOC)
PCI: 00:14.0 (Intel Apollolake SOC)
PCI: 01:00.0 (Intel WiFi)
PCI: 00:14.1 (Intel Apollolake SOC)
PCI: 00:15.0 (Intel Apollolake SOC)
PCI: 00:15.1 (Intel Apollolake SOC)
PCI: 00:16.0 (Intel Apollolake SOC)
I2C: 01:1a (Dialog Semiconductor DA7219 Audio Codec)
PCI: 00:16.1 (Intel Apollolake SOC)
PCI: 00:16.2 (Intel Apollolake SOC)
I2C: 02:50 (I2C TPM)
PCI: 00:16.3 (Intel Apollolake SOC)
I2C: 03:10 (I2C Device)
I2C: 03:39 (I2C Device)
PCI: 00:17.0 (Intel Apollolake SOC)
I2C: 04:15 (I2C Device)
I2C: 04:2c (I2C HID Device)
PCI: 00:17.1 (Intel Apollolake SOC)
I2C: 05:09 (I2C HID Device)
PCI: 00:17.2 (Intel Apollolake SOC)
PCI: 00:17.3 (Intel Apollolake SOC)
PCI: 00:18.0 (Intel Apollolake SOC)
PCI: 00:18.1 (Intel Apollolake SOC)
PCI: 00:18.2 (Intel Apollolake SOC)
PCI: 00:18.3 (Intel Apollolake SOC)
PCI: 00:19.0 (Intel Apollolake SOC)
PCI: 00:19.1 (Intel Apollolake SOC)
PCI: 00:19.2 (Intel Apollolake SOC)
PCI: 00:1a.0 (Intel Apollolake SOC)
PCI: 00:1b.0 (Intel Apollolake SOC)
PCI: 00:1c.0 (Intel Apollolake SOC)
PCI: 00:1e.0 (Intel Apollolake SOC)
PCI: 00:1f.0 (Intel Apollolake SOC)
PNP: 0c09.0 (Google Chrome EC)
PCI: 00:1f.1 (Intel Apollolake SOC)
PCI: 00:0f.0 (unknown)
PCI: 00:0f.1 (unknown)
PCI: 00:0f.2 (unknown)
APIC: 06 (unknown)
APIC: 04 (unknown)
APIC: 02 (unknown)
SMBIOS tables: 839 bytes.
Writing table forward entry at 0x00000500
Wrote coreboot table at: 00000500, 0x10 bytes, checksum 452b
Writing coreboot table at 0x7ab34000
0. 0000000000000000-0000000000000fff: CONFIGURATION TABLES
1. 0000000000001000-000000000009ffff: RAM
2. 00000000000a0000-00000000000fffff: RESERVED
3. 0000000000100000-000000000fffffff: RAM
4. 0000000010000000-0000000012150fff: RESERVED
5. 0000000012151000-000000007a9fcfff: RAM
6. 000000007a9fd000-000000007affffff: CONFIGURATION TABLES
7. 000000007b000000-000000007fffffff: RESERVED
8. 00000000d0000000-00000000d0ffffff: RESERVED
9. 00000000e0000000-00000000efffffff: RESERVED
10. 00000000fed10000-00000000fed17fff: RESERVED
11. 0000000100000000-000000017fffffff: RAM
Graphics framebuffer located at 0xb0000000
Passing 6 GPIOs to payload:
NAME |       PORT | POLARITY |     VALUE
write protect |  undefined |     high |      high
recovery |  undefined |     high |      high
lid |  undefined |     high |       low
power |  undefined |     high |      high
oprom |  undefined |     high |      high
EC in RW | 0x00000029 |     high |      high
FMAP: area COREBOOT found @ 205000 (1552384 bytes)
CBFS @ 205000 size 17b000
CBFS: 'IAFW Locator' located CBFS at [205000:380000)
Wrote coreboot table at: 7ab34000, 0x5f4 bytes, checksum fd42
coreboot table: 1548 bytes.
IMD ROOT    0. 7afff000 00001000
IMD SMALL   1. 7affe000 00001000
FSP MEMORY  2. 7abfe000 00400000
CONSOLE     3. 7abde000 00020000
TIME STAMP  4. 7abdd000 00000400
VBOOT       5. 7abdc000 00000c0c
MRC DATA    6. 7abd0000 0000b2d0
ROMSTG STCK 7. 7abcf000 00000400
AFTER CAR   8. 7abc5000 0000a000
RAMSTAGE    9. 7ab77000 0004e000
REFCODE    10. 7ab4d000 0002a000
ACPI GNVS  11. 7ab4c000 00001000
SMM BACKUP 12. 7ab3c000 00010000
COREBOOT   13. 7ab34000 00008000
ACPI       14. 7ab10000 00024000
RAMOOPS    15. 7aa10000 00100000
TCPA LOG   16. 7aa00000 00010000
EXT VBT17. 7a9fe000 0000180a
SMBIOS     18. 7a9fd000 00000800
IMD small region:
IMD ROOT    0. 7affec00 00000400
FSP RUNTIME 1. 7affebe0 00000004
VBOOT SEL   2. 7affebc0 00000008
EC HOSTEVENT 3. 7affeba0 00000004
POWER STATE 4. 7affeb60 00000040
ROMSTAGE    5. 7affeb40 00000004
VARMRC DATA 6. 7affeb00 00000028
MEM INFO    7. 7affe9a0 00000141
VPD         8. 7affe960 00000027
GNVS PTR    9. 7affe940 00000004
BS: BS_WRITE_TABLES times (us): entry 0 run 816082 exit 0
FMAP: area COREBOOT found @ 205000 (1552384 bytes)
CBFS @ 205000 size 17b000
CBFS: 'IAFW Locator' located CBFS at [205000:380000)
CBFS: Locating 'fallback/payload'
CBFS: Found @ offset f6d00 size 36dd4
Loading segment from ROM address 0xff37cd38
code (compression=0)
New segment dstaddr 0x30104040 memsize 0x251570 srcaddr 0xff37cd70 filesize 0x36d9c
Loading segment from ROM address 0xff37cd54
Entry Point 0x30104040
Loading Segment: addr: 0x0000000030104040 memsz: 0x0000000000251570 filesz: 0x0000000000036d9c
lb: [0x000000007ab78000, 0x000000007abc4bb0)
Post relocation: addr: 0x0000000030104040 memsz: 0x0000000000251570 filesz: 0x0000000000036d9c
it's not compressed!
[ 0x30104040, 3013addc, 0x303555b0) <- ff37cd70
Clearing Segment: addr: 0x000000003013addc memsz: 0x000000000021a7d4
dest 30104040, end 303555b0, bouncebuffer ffffffff
Loaded segments
CSE FWSTS1: 0x80000245
CSE FWSTS2: 0x3b850000
CSE FWSTS3: 0x00000000
CSE FWSTS4: 0x00080000
CSE FWSTS5: 0x00000000
CSE FWSTS6: 0x40000000
ME: Manufacturing Mode      : NO
ME: FPF status              : fused
BS: BS_PAYLOAD_LOAD times (us): entry 177 run 108004 exit 29956
Jumping to boot code at 30104040(7ab34000)
CPU0: stack: 7abb4000 - 7abb5000, lowest used address 7abb481c, stack used: 2020 bytes
Starting depthcharge on coral...
WARNING: can't convert coreboot GPIOs, 'lid' won't be resampled at runtime!
WARNING: can't convert coreboot GPIOs, 'power' won't be resampled at runtime!
BIOS MMAP details:
IFD Base Offset  : 0x1000
IFD End Offset   : 0xf7f000
MMAP Size        : 0xf7e000
MMAP Start       : 0xff082000
The GBB signature is at 0x30004040 and is:  24 47 42 42
[firmware-coral-10068.B-rcn] Dec 21 2020 15:04:32
coral: enet dhcp
enet dhcp
Waiting for link
R8152: Initializing
Version 9 (ocp_data = 6010)
R8152: Done initializing
Adding net device
done.
MAC: 00:e0:4c:78:86:ca
Sending DHCP discover... done.
Waiting for reply... done.
Sending DHCP request... done.
Waiting for reply... done.
My ip is 192.168.201.17
The DHCP server ip is 192.168.201.1
coral: tftpboot 192.168.201.1 14150335/tftp-deploy-vak2yxfg/kernel/bzImage 14150335/tftp-deploy-vak2yxfg/kernel/cmdline 14150335/tftp-deploy-vak2yxfg/ramdisk/ramdisk.cpio.gz
tftpboot 192.168.201.1 14150335/tftp-deploy-vak2yxfg/kernel/bzImaploy-vak2yxfg/kernel/cmdline 14150335/tftp-deploy-vak2yxfg/ramdisk/ramdisk.cpio.gz
Waiting for link
done.
MAC: 00:e0:4c:78:86:ca
Sending DHCP discover... done.
Waiting for reply... done.
Sending DHCP request... done.
Waiting for reply... done.
My ip is 192.168.201.17
The DHCP server ip is 192.168.201.1
TFTP server IP predefined by user: 192.168.201.1
Bootfile predefined by user: 14150335/tftp-deploy-vak2yxfg/kernel/bzImage
Sending tftp read request... done.
Waiting for the transfer...
00000000 ################################################################
00080000 ################################################################
00100000 ################################################################
00180000 ################################################################
00200000 ################################################################
00280000 ################################################################
00300000 ################################################################
00380000 ################################################################
00400000 ################################################################
00480000 ################################################################
00500000 ################################################################
00580000 ################################################################
00600000 ################################################################
00680000 ################################################################
00700000 ################################################################
00780000 ################################################################
00800000 ################################################################
00880000 ################################################################
00900000 ################################################################
00980000 ################################################################
00a00000 ################################################################
00a80000 ################################################################
00b00000 ################################################################
00b80000 ################################################################
00c00000 ################################################################
00c80000 ################################################################
00d00000 ################################################################
00d80000 ################################################################
00e00000 ################################################################
00e80000 ################################################################
00f00000 ################################################################
00f80000 ################################################################
01000000 ################################################################
01080000 ################################################################
01100000 ################################################################
01180000 ################################################################
01200000 ################################################################
01280000 ################################################################
01300000 #### done.
The bootfile was 19949056 bytes long.
Sending tftp read request... done.
Waiting for the transfer...
00000000 ################################################################
00080000 ################################################################
00100000 ################################################################
00180000 ################################################################
00200000 ################################################################
00280000 ################################################################
00300000 ################################################################
00380000 ################################################################
00400000 ################################################################
00480000 ################################################################
00500000 ################################################################
00580000 ################################################################
00600000 ################################################################
00680000 ################################################################
00700000 ################################################################
00780000 ################################################################
00800000 ################################################################
00880000 ################################################################
00900000 ################################################################
00980000 ################################################################
00a00000 ################################################################
00a80000 ################################################################
00b00000 ################################################################
00b80000 ################################################################
00c00000 ################################################################
00c80000 ################################################################
00d00000 ################################################################
00d80000 ################################################################
00e00000 ################################################################
00e80000 ############################# done.
Sending tftp read request... done.
Waiting for the transfer...
00000000 # done.
Command line loaded dynamically from TFTP file: 14150335/tftp-deploy-vak2yxfg/kernel/cmdline
The command line is: earlyprintk=uart8250,mmio32,0xde000000,115200n8  console=ttyS2,115200n8 root=/dev/ram0 ip=dhcp tftpserverip=192.168.201.1
Shutting down all USB controllers.
Removing current net device
Finalizing Coreboot
Exiting depthcharge with code 4 at timestamp: 26052152
Starting kernel ...
[    0.000000] Linux version 5.10.219-rc1 (kernelci@kci-665dc52bb78bdbd69e271d67-kbuild-gcc-10-x86-chrome-a275hxj5n) (gcc (Debian 10.2.1-6) 10.2.1 20210110, GNU ld (GNU Binutils for Debian) 2.35.2) #1 SMP PREEMPT Mon Jun 3 14:06:49 UTC 2024
[    0.000000] Command line: earlyprintk=uart8250,mmio32,0xde000000,115200n8  console=ttyS2,115200n8 root=/dev/ram0 ip=dhcp tftpserverip=192.168.201.1
[    0.000000] KERNEL supported cpus:
[    0.000000]   Intel GenuineIntel
[    0.000000] BIOS-provided physical RAM map:
[    0.000000] BIOS-e820: [mem 0x0000000000000000-0x0000000000000fff] type 16
[    0.000000] BIOS-e820: [mem 0x0000000000001000-0x000000000009ffff] usable
[    0.000000] BIOS-e820: [mem 0x00000000000a0000-0x00000000000fffff] reserved
[    0.000000] BIOS-e820: [mem 0x0000000000100000-0x000000000fffffff] usable
[    0.000000] BIOS-e820: [mem 0x0000000010000000-0x0000000012150fff] reserved
[    0.000000] BIOS-e820: [mem 0x0000000012151000-0x000000007a9fcfff] usable
[    0.000000] BIOS-e820: [mem 0x000000007a9fd000-0x000000007affffff] type 16
[    0.000000] BIOS-e820: [mem 0x000000007b000000-0x000000007fffffff] reserved
[    0.000000] BIOS-e820: [mem 0x00000000d0000000-0x00000000d0ffffff] reserved
[    0.000000] BIOS-e820: [mem 0x00000000e0000000-0x00000000efffffff] reserved
[    0.000000] BIOS-e820: [mem 0x00000000fed10000-0x00000000fed17fff] reserved
[    0.000000] BIOS-e820: [mem 0x0000000100000000-0x000000017fffffff] usable
[    0.000000] NX (Execute Disable) protection: active
[    0.000000] SMBIOS 2.7 present.
[    0.000000] DMI: Google Coral/Coral, BIOS  09/29/2020
[    0.000000] tsc: Detected 1094.400 MHz processor
[    0.000040] last_pfn = 0x180000 max_arch_pfn = 0x400000000
[    0.000206] x86/PAT: Configuration [0-7]: WB  WC  UC- UC  WB  WP  UC- WT
[    0.000445] last_pfn = 0x7a9fd max_arch_pfn = 0x400000000
[    0.004698] check: Scanning 1 areas for low memory corruption
[    0.004707] Using GB pages for direct mapping
[    0.005084] RAMDISK: [mem 0x37146000-0x37ffffff]
[    0.005090] ACPI: Early table checksum verification disabled
[    0.005096] ACPI: RSDP 0x00000000000F0000 000024 (v02 CORE  )
[    0.005103] ACPI: XSDT 0x000000007AB100E0 00005C (v01 CORE   COREBOOT 00000000 CORE 00000000)
[    0.005113] ACPI: FACP 0x000000007AB13130 0000F4 (v04 CORE   COREBOOT 00000000 CORE 00000000)
[    0.005123] ACPI: DSDT 0x000000007AB10280 002EA8 (v05 COREv4 COREBOOT 20110725 INTL 20150717)
[    0.005130] ACPI: FACS 0x000000007AB10240 000040
[    0.005135] ACPI: FACS 0x000000007AB10240 000040
[    0.005140] ACPI: SSDT 0x000000007AB13230 0015FA (v02 CORE   COREBOOT 0000002A CORE 0000002A)
[    0.005146] ACPI: MCFG 0x000000007AB14830 00003C (v01 CORE   COREBOOT 00000000 CORE 00000000)
[    0.005152] ACPI: TCPA 0x000000007AB14870 000032 (v02 CORE   COREBOOT 00000000 CORE 00000000)
[    0.005158] ACPI: APIC 0x000000007AB148B0 00006C (v01 CORE   COREBOOT 00000000 CORE 00000000)
[    0.005164] ACPI: NHLT 0x000000007AB14920 000E60 (v05 coral  coral    00000021 CORE 00000000)
[    0.005170] ACPI: HPET 0x000000007AB17780 000038 (v01 CORE   COREBOOT 00000000 CORE 00000000)
[    0.005176] ACPI: Reserving FACP table memory at [mem 0x7ab13130-0x7ab13223]
[    0.005179] ACPI: Reserving DSDT table memory at [mem 0x7ab10280-0x7ab13127]
[    0.005181] ACPI: Reserving FACS table memory at [mem 0x7ab10240-0x7ab1027f]
[    0.005184] ACPI: Reserving FACS table memory at [mem 0x7ab10240-0x7ab1027f]
[    0.005186] ACPI: Reserving SSDT table memory at [mem 0x7ab13230-0x7ab14829]
[    0.005188] ACPI: Reserving MCFG table memory at [mem 0x7ab14830-0x7ab1486b]
[    0.005191] ACPI: Reserving TCPA table memory at [mem 0x7ab14870-0x7ab148a1]
[    0.005193] ACPI: Reserving APIC table memory at [mem 0x7ab148b0-0x7ab1491b]
[    0.005195] ACPI: Reserving NHLT table memory at [mem 0x7ab14920-0x7ab1577f]
[    0.005198] ACPI: Reserving HPET table memory at [mem 0x7ab17780-0x7ab177b7]
[    0.005245] Zone ranges:
[    0.005248]   DMA      [mem 0x0000000000001000-0x0000000000ffffff]
[    0.005251]   DMA32    [mem 0x0000000001000000-0x00000000ffffffff]
[    0.005255]   Normal   [mem 0x0000000100000000-0x000000017fffffff]
[    0.005258] Movable zone start for each node
[    0.005259] Early memory node ranges
[    0.005262]   node   0: [mem 0x0000000000001000-0x000000000009ffff]
[    0.005264]   node   0: [mem 0x0000000000100000-0x000000000fffffff]
[    0.005267]   node   0: [mem 0x0000000012151000-0x000000007a9fcfff]
[    0.005269]   node   0: [mem 0x0000000100000000-0x000000017fffffff]
[    0.005272] Initmem setup node 0 [mem 0x0000000000001000-0x000000017fffffff]
[    0.005294] On node 0, zone DMA: 1 pages in unavailable ranges
[    0.005342] On node 0, zone DMA: 96 pages in unavailable ranges
[    0.011899] On node 0, zone DMA32: 8529 pages in unavailable ranges
[    0.019342] On node 0, zone Normal: 22019 pages in unavailable ranges
[    0.019371] Reserving Intel graphics memory at [mem 0x7c000000-0x7fffffff]
[    0.019662] ACPI: PM-Timer IO Port: 0x408
[    0.019712] IOAPIC[0]: apic_id 2, version 32, address 0xfec00000, GSI 0-119
[    0.019719] ACPI: INT_SRC_OVR (bus 0 bus_irq 0 global_irq 2 dfl dfl)
[    0.019722] ACPI: INT_SRC_OVR (bus 0 bus_irq 9 global_irq 9 low level)
[    0.019732] Using ACPI (MADT) for SMP configuration information
[    0.019735] ACPI: HPET id: 0x8086a701 base: 0xfed00000
[    0.019743] TSC deadline timer available
[    0.019746] smpboot: Allowing 4 CPUs, 0 hotplug CPUs
[    0.019771] [mem 0x80000000-0xcfffffff] available for PCI devices
[    0.019778] clocksource: refined-jiffies: mask: 0xffffffff max_cycles: 0xffffffff, max_idle_ns: 1910969940391419 ns
[    0.034049] setup_percpu: NR_CPUS:24 nr_cpumask_bits:24 nr_cpu_ids:4 nr_node_ids:1
[    0.034664] percpu: Embedded 57 pages/cpu s196008 r8192 d29272 u524288
[    0.034714] Built 1 zonelists, mobility grouping on.  Total pages: 1002002
[    0.034722] Kernel command line: earlyprintk=uart8250,mmio32,0xde000000,115200n8  console=ttyS2,115200n8 root=/dev/ram0 ip=dhcp tftpserverip=192.168.201.1
[    0.035709] Dentry cache hash table entries: 524288 (order: 10, 4194304 bytes, linear)
[    0.036142] Inode-cache hash table entries: 262144 (order: 9, 2097152 bytes, linear)
[    0.036201] mem auto-init: stack:off, heap alloc:on, heap free:off
[    0.074612] Memory: 3860324K/4071724K available (16398K kernel code, 2886K rwdata, 28528K rodata, 1960K init, 1284K bss, 211140K reserved, 0K cma-reserved)
[    0.075582] SLUB: HWalign=64, Order=0-3, MinObjects=0, CPUs=4, Nodes=1
[    0.076033] Kernel/User page tables isolation: enabled
[    0.076154] ftrace: allocating 59682 entries in 234 pages
[    0.115918] ftrace: allocated 234 pages with 5 groups
[    0.116252] rcu: Preemptible hierarchical RCU implementation.
[    0.116257] rcu: ?RCU restricting CPUs from NR_CPUS=24 to nr_cpu_ids=4.
[    0.116260] ?Trampoline variant of Tasks RCU enabled.
[    0.116261] ?Rude variant of Tasks RCU enabled.
[    0.116263] ?Tracing variant of Tasks RCU enabled.
[    0.116265] rcu: RCU calculated value of scheduler-enlistment delay is 100 jiffies.
[    0.116268] rcu: Adjusting geometry for rcu_fanout_leaf=16, nr_cpu_ids=4
[    0.124641] NR_IRQS: 4352, nr_irqs: 1024, preallocated irqs: 16
[    0.124879] rcu: ?Offload RCU callbacks from CPUs: (none).
[    0.125012] random: crng init done
[    0.125059] Console: colour dummy device 80x25
[    0.179640] printk: console [ttyS2] enabled
[    0.180005] ACPI: Core revision 20200925
[    0.180608] clocksource: hpet: mask: 0xffffffff max_cycles: 0xffffffff, max_idle_ns: 99544814920 ns
[    0.181407] APIC: Switch to symmetric I/O mode setup
[    0.186237] ..TIMER: vector=0x30 apic1=0 pin1=2 apic2=-1 pin2=-1
[    0.191410] clocksource: tsc-early: mask: 0xffffffffffffffff max_cycles: 0xfc66f4fc7c, max_idle_ns: 440795224246 ns
[    0.192298] Calibrating delay loop (skipped), value calculated using timer frequency.. 2188.80 BogoMIPS (lpj=1094400)
[    0.193406] mce: CPU0: Thermal monitoring enabled (TM1)
[    0.194376] Last level iTLB entries: 4KB 48, 2MB 0, 4MB 0
[    0.194833] Last level dTLB entries: 4KB 0, 2MB 0, 4MB 0, 1GB 0
[    0.195299] Spectre V1 : Mitigation: usercopy/swapgs barriers and __user pointer sanitization
[    0.196297] Spectre V2 : Mitigation: Retpolines
[    0.196678] Spectre V2 : Spectre v2 / SpectreRSB mitigation: Filling RSB on context switch
[    0.197294] Spectre V2 : Spectre v2 / SpectreRSB : Filling RSB on VMEXIT
[    0.197857] Speculative Store Bypass: Vulnerable
[    0.198297] Register File Data Sampling: Vulnerable: No microcode
[    0.198820] x86/fpu: Supporting XSAVE feature 0x001: 'x87 floating point registers'
[    0.199296] x86/fpu: Supporting XSAVE feature 0x002: 'SSE registers'
[    0.199831] x86/fpu: Supporting XSAVE feature 0x008: 'MPX bounds registers'
[    0.200295] x86/fpu: Supporting XSAVE feature 0x010: 'MPX CSR'
[    0.200790] x86/fpu: xstate_offset[3]:  576, xstate_sizes[3]:   64
[    0.201296] x86/fpu: xstate_offset[4]:  640, xstate_sizes[4]:   64
[    0.201822] x86/fpu: Enabled xstate features 0x1b, context size is 704 bytes, using 'compacted' format.
[    0.219913] ------------[ cut here ]------------
[    0.220305] missing return thunk: 0xffffffffb6845838-0xffffffffb684583d: e9 00 00 00 00
[    0.220317] WARNING: CPU: 0 PID: 0 at arch/x86/kernel/alternative.c:730 apply_returns+0xc0/0x241
[    0.221296] Modules linked in:
[    0.221570] CPU: 0 PID: 0 Comm: swapper/0 Not tainted 5.10.219-rc1 #1
[    0.222295] Hardware name: Google Coral/Coral, BIOS  09/29/2020
[    0.222792] RIP: 0010:apply_returns+0xc0/0x241
[    0.223297] Code: 80 3d 7f 0b 02 03 00 75 6a 49 89 e8 b9 05 00 00 00 4c 89 f2 48 89 ee 48 c7 c7 55 46 9f b6 c6 05 61 0b 02 03 01 e8 2a de be 00 <0f> 0b eb 45 c6 44 24 70 c3 ba 01 00 00 00 0f b6 74 24 52 b8 00 00
[    0.224296] RSP: 0000:ffffffffb7203e40 EFLAGS: 00010286
[    0.225295] RAX: 0000000000000000 RBX: 0000000000000005 RCX: 0000000000000003
[    0.225895] RDX: 000000000000009b RSI: 0000000000000001 RDI: ffffffffb7345cf0
[    0.226295] RBP: ffffffffb6845838 R08: 0000000000000003 R09: fffffffffff82780
[    0.226893] R10: 0000000000003548 R11: ffffffffb7203bab R12: ffffffffb7aa0c9c
[    0.227294] R13: ffffffffb7ab2dc8 R14: ffffffffb684583d R15: 0000000000000000
[    0.228296] FS:  0000000000000000(0000) GS:ffffa44a3bc00000(0000) knlGS:0000000000000000
[    0.228974] CS:  0010 DS: 0000 ES: 0000 CR0: 0000000080050033
[    0.229294] CR2: ffffa44a3ffff000 CR3: 0000000023414000 CR4: 00000000003506f0
[    0.229894] Call Trace:
[    0.230307]  ? __warn+0x98/0xda
[    0.230578]  ? apply_returns+0xc0/0x241
[    0.230913]  ? report_bug+0x96/0xda
[    0.231298]  ? handle_bug+0x3c/0x65
[    0.231604]  ? exc_invalid_op+0x14/0x65
[    0.231931]  ? asm_exc_invalid_op+0x12/0x20
[    0.232297]  ? apply_returns+0xc0/0x241
[    0.232626]  alternative_instructions+0x7d/0x143
[    0.233028]  arch_cpu_finalize_init+0x23/0x42
[    0.233297]  start_kernel+0x4da/0x58c
[    0.233613]  secondary_startup_64_no_verify+0xac/0xbb
[    0.234053] ---[ end trace b82bbb4bc35dba80 ]---
[    0.240741] Freeing SMP alternatives memory: 20K
[    0.241147] pid_max: default: 32768 minimum: 301
[    0.241351] LSM: Security Framework initializing
[    0.241773] Yama: becoming mindful.
[    0.242303] LoadPin: ready to pin (currently enforcing)
[    0.242764] SELinux:  Initializing.
[    0.243098] LSM support for eBPF active
[    0.243324] Mount-cache hash table entries: 8192 (order: 4, 65536 bytes, linear)
[    0.243956] Mountpoint-cache hash table entries: 8192 (order: 4, 65536 bytes, linear)
[    0.245486] smpboot: CPU0: Intel(R) Pentium(R) CPU N4200 @ 1.10GHz (family: 0x6, model: 0x5c, stepping: 0x9)
[    0.246452] Performance Events: PEBS fmt3+, Goldmont events, 32-deep LBR, full-width counters, Intel PMU driver.
[    0.247297] ... version:                4
[    0.247640] ... bit width:              48
[    0.247985] ... generic registers:      4
[    0.248295] ... value mask:             0000ffffffffffff
[    0.248747] ... max period:             00007fffffffffff
[    0.249190] ... fixed-purpose events:   3
[    0.249295] ... event mask:             000000070000000f
[    0.249916] rcu: Hierarchical SRCU implementation.
[    0.250800] NMI watchdog: Enabled. Permanently consumes one hw-PMU counter.
[    0.251457] smp: Bringing up secondary CPUs ...
[    0.252079] x86: Booting SMP configuration:
[    0.252300] .... node  #0, CPUs:      #1 #2 #3
[    0.254444] smp: Brought up 1 node, 4 CPUs
[    0.255075] smpboot: Max logical packages: 1
[    0.255298] smpboot: Total of 4 processors activated (8755.20 BogoMIPS)
[    0.256473] devtmpfs: initialized
[    0.257456] clocksource: jiffies: mask: 0xffffffff max_cycles: 0xffffffff, max_idle_ns: 1911260446275000 ns
[    0.258317] futex hash table entries: 1024 (order: 4, 65536 bytes, linear)
[    0.259044] pinctrl core: initialized pinctrl subsystem
[    0.259583] PM: RTC time: 14:23:40, date: 2024-06-03
[    0.260253] NET: Registered protocol family 16
[    0.260503] audit: initializing netlink subsys (disabled)
[    0.261345] audit: type=2000 audit(1717424620.074:1): state=initialized audit_enabled=0 res=1
[    0.261491] thermal_sys: Registered thermal governor 'step_wise'
[    0.262300] thermal_sys: Registered thermal governor 'user_space'
[    0.262832] cpuidle: using governor ladder
[    0.263670] cpuidle: using governor menu
[    0.264354] ACPI: bus type PCI registered
[    0.264698] acpiphp: ACPI Hot Plug PCI Controller Driver version: 0.5
[    0.265364] PCI: MMCONFIG for domain 0000 [bus 00-ff] at [mem 0xe0000000-0xefffffff] (base 0xe0000000)
[    0.266153] PCI: MMCONFIG at [mem 0xe0000000-0xefffffff] reserved in E820
[    0.266327] PCI: Using configuration type 1 for base access
[    0.275346] cryptd: max_cpu_qlen set to 1000
[    0.277429] ACPI: Added _OSI(Module Device)
[    0.277797] ACPI: Added _OSI(Processor Device)
[    0.277797] ACPI: Added _OSI(3.0 _SCP Extensions)
[    0.277797] ACPI: Added _OSI(Processor Aggregator Device)
[    0.278231] ACPI: Added _OSI(Linux-Dell-Video)
[    0.279296] ACPI: Added _OSI(Linux-Lenovo-NV-HDMI-Audio)
[    0.279746] ACPI: Added _OSI(Linux-HPI-Hybrid-Graphics)
[    0.282677] ACPI: 2 ACPI AML tables successfully acquired and loaded
[    0.284889] ACPI: EC: EC started
[    0.285168] ACPI: EC: interrupt blocked
[    0.285433] ACPI: EC: EC_CMD/EC_SC=0x66, EC_DATA=0x62
[    0.285869] ACPI: \_SB_.PCI0.LPCB.EC0_: Boot DSDT EC used to handle transactions
[    0.286298] ACPI: Interpreter enabled
[    0.286629] ACPI: (supports S0 S3 S5)
[    0.286942] ACPI: Using IOAPIC for interrupt routing
[    0.287322] PCI: Using host bridge windows from ACPI; if necessary, use "pci=nocrs" and report a bug
[    0.288312] ACPI: Enabled 1 GPEs in block 00 to 7F
[    0.289635] ACPI: Power Resource [PXP] (on)
[    0.309279] ACPI: Power Resource [PRIC] (on)
[    0.335439] ACPI: Power Resource [PRIC] (on)
[    0.397308] ACPI: PCI Root Bridge [PCI0] (domain 0000 [bus 00-ff])
[    0.397840] acpi PNP0A08:00: _OSC: OS supports [ExtendedConfig ASPM ClockPM Segments MSI HPX-Type3]
[    0.399360] acpi PNP0A08:00: _OSC: OS now controls [PCIeHotplug PME AER PCIeCapability LTR]
[    0.400438] PCI host bridge to bus 0000:00
[    0.400795] pci_bus 0000:00: root bus resource [io  0x0000-0x0cf7 window]
[    0.401296] pci_bus 0000:00: root bus resource [io  0x1000-0xffff window]
[    0.401860] pci_bus 0000:00: root bus resource [mem 0x000a0000-0x000bffff window]
[    0.402295] pci_bus 0000:00: root bus resource [mem 0x7b800000-0x7fffffff window]
[    0.402924] pci_bus 0000:00: root bus resource [mem 0x80000000-0xe0000000 window]
[    0.403298] pci_bus 0000:00: root bus resource [bus 00-ff]
[    0.403794] pci 0000:00:00.0: [8086:5af0] type 00 class 0x060000
[    0.404520] pci 0000:00:00.1: [8086:5a8c] type 00 class 0x118000
[    0.405057] pci 0000:00:00.1: reg 0x10: [mem 0xc2b10000-0xc2b17fff 64bit]
[    0.406521] pci 0000:00:00.2: [8086:5a8e] type 00 class 0x130000
[    0.407041] pci 0000:00:00.2: reg 0x10: [mem 0xc2800000-0xc28fffff 64bit]
[    0.407303] pci 0000:00:00.2: reg 0x18: [mem 0xc2000000-0xc27fffff 64bit]
[    0.407881] pci 0000:00:00.2: reg 0x20: [mem 0xc2b38000-0xc2b381ff 64bit]
[    0.408431] pci 0000:00:02.0: [8086:5a84] type 00 class 0x030000
[    0.408952] pci 0000:00:02.0: reg 0x10: [mem 0xc0000000-0xc0ffffff 64bit]
[    0.409304] pci 0000:00:02.0: reg 0x18: [mem 0xb0000000-0xbfffffff 64bit pref]
[    0.409921] pci 0000:00:02.0: reg 0x20: [io  0x1000-0x103f]
[    0.410432] pci 0000:00:03.0: [8086:5a88] type 00 class 0x048000
[    0.410951] pci 0000:00:03.0: reg 0x10: [mem 0xc1000000-0xc1ffffff 64bit]
[    0.412502] pci 0000:00:0e.0: [8086:5a98] type 00 class 0x040100
[    0.413030] pci 0000:00:0e.0: reg 0x10: [mem 0xc2b18000-0xc2b1bfff 64bit]
[    0.413329] pci 0000:00:0e.0: reg 0x20: [mem 0xc2900000-0xc29fffff 64bit]
[    0.413958] pci 0000:00:0e.0: PME# supported from D0 D3hot D3cold
[    0.414471] pci 0000:00:0f.0: [8086:5a9a] type 00 class 0x078000
[    0.414998] pci 0000:00:0f.0: reg 0x10: [mem 0xc2b1e000-0xc2b1efff 64bit]
[    0.415400] pci 0000:00:0f.0: PME# supported from D3hot
[    0.415996] pci 0000:00:14.0: [8086:5ad6] type 01 class 0x060400
[    0.417394] pci 0000:00:14.0: PME# supported from D0 D3hot D3cold
[    0.418090] pci 0000:00:15.0: [8086:5aa8] type 00 class 0x0c0330
[    0.418311] pci 0000:00:15.0: reg 0x10: [mem 0xc2b00000-0xc2b0ffff 64bit]
[    0.418947] pci 0000:00:15.0: PME# supported from D3hot D3cold
[    0.419465] pci 0000:00:16.0: [8086:5aac] type 00 class 0x118000
[    0.419986] pci 0000:00:16.0: reg 0x10: [mem 0xc2b21000-0xc2b21fff 64bit]
[    0.420309] pci 0000:00:16.0: reg 0x18: [mem 0xc2b22000-0xc2b22fff 64bit]
[    0.421085] pci 0000:00:16.1: [8086:5aae] type 00 class 0x118000
[    0.422317] pci 0000:00:16.1: reg 0x10: [mem 0xc2b23000-0xc2b23fff 64bit]
[    0.422906] pci 0000:00:16.1: reg 0x18: [mem 0xc2b24000-0xc2b24fff 64bit]
[    0.423495] pci 0000:00:16.2: [8086:5ab0] type 00 class 0x118000
[    0.424022] pci 0000:00:16.2: reg 0x10: [mem 0xc2b25000-0xc2b25fff 64bit]
[    0.424309] pci 0000:00:16.2: reg 0x18: [mem 0xc2b26000-0xc2b26fff 64bit]
[    0.425086] pci 0000:00:16.3: [8086:5ab2] type 00 class 0x118000
[    0.425317] pci 0000:00:16.3: reg 0x10: [mem 0xc2b27000-0xc2b27fff 64bit]
[    0.425904] pci 0000:00:16.3: reg 0x18: [mem 0xc2b28000-0xc2b28fff 64bit]
[    0.427520] pci 0000:00:17.0: [8086:5ab4] type 00 class 0x118000
[    0.428048] pci 0000:00:17.0: reg 0x10: [mem 0xc2b29000-0xc2b29fff 64bit]
[    0.428310] pci 0000:00:17.0: reg 0x18: [mem 0xc2b2a000-0xc2b2afff 64bit]
[    0.429079] pci 0000:00:17.1: [8086:5ab6] type 00 class 0x118000
[    0.429316] pci 0000:00:17.1: reg 0x10: [mem 0xc2b2b000-0xc2b2bfff 64bit]
[    0.429903] pci 0000:00:17.1: reg 0x18: [mem 0xc2b2c000-0xc2b2cfff 64bit]
[    0.430521] pci 0000:00:18.0: [8086:5abc] type 00 class 0x118000
[    0.431048] pci 0000:00:18.0: reg 0x10: [mem 0xc2b2d000-0xc2b2dfff 64bit]
[    0.432310] pci 0000:00:18.0: reg 0x18: [mem 0xc2b2e000-0xc2b2efff 64bit]
[    0.433086] pci 0000:00:18.1: [8086:5abe] type 00 class 0x118000
[    0.433316] pci 0000:00:18.1: reg 0x10: [mem 0xc2b2f000-0xc2b2ffff 64bit]
[    0.433899] pci 0000:00:18.1: reg 0x18: [mem 0xc2b30000-0xc2b30fff 64bit]
[    0.434500] pci 0000:00:18.2: [8086:5ac0] type 00 class 0x118000
[    0.435027] pci 0000:00:18.2: reg 0x10: [mem 0xde000000-0xde000fff 64bit]
[    0.435310] pci 0000:00:18.2: reg 0x18: [mem 0xc2b31000-0xc2b31fff 64bit]
[    0.436097] pci 0000:00:19.0: [8086:5ac2] type 00 class 0x118000
[    0.437317] pci 0000:00:19.0: reg 0x10: [mem 0xc2b32000-0xc2b32fff 64bit]
[    0.437903] pci 0000:00:19.0: reg 0x18: [mem 0xc2b33000-0xc2b33fff 64bit]
[    0.438529] pci 0000:00:1b.0: [8086:5aca] type 00 class 0x080501
[    0.439056] pci 0000:00:1b.0: reg 0x10: [mem 0xc2b34000-0xc2b34fff 64bit]
[    0.439310] pci 0000:00:1b.0: reg 0x18: [mem 0xc2b35000-0xc2b35fff 64bit]
[    0.440061] pci 0000:00:1c.0: [8086:5acc] type 00 class 0x080501
[    0.440312] pci 0000:00:1c.0: reg 0x10: [mem 0xc2b36000-0xc2b36fff 64bit]
[    0.440893] pci 0000:00:1c.0: reg 0x18: [mem 0xc2b37000-0xc2b37fff 64bit]
[    0.442539] pci 0000:00:1f.0: [8086:5ae8] type 00 class 0x060100
[    0.443328] pci 0000:00:1f.1: [8086:5ad4] type 00 class 0x0c0500
[    0.443895] pci 0000:00:1f.1: reg 0x10: [mem 0xc2b39000-0xc2b390ff 64bit]
[    0.444371] pci 0000:00:1f.1: reg 0x20: [io  0x1040-0x105f]
[    0.445413] pci 0000:01:00.0: [8086:095a] type 00 class 0x028000
[    0.446098] pci 0000:01:00.0: reg 0x10: [mem 0xc2a00000-0xc2a01fff 64bit]
[    0.446567] pci 0000:01:00.0: Upstream bridge's Max Payload Size set to 128 (was 256, max 256)
[    0.447437] pci 0000:01:00.0: Max Payload Size set to 128 (was 128, max 128)
[    0.448534] pci 0000:01:00.0: PME# supported from D0 D3hot D3cold
[    0.449773] pci 0000:00:14.0: PCI bridge to [bus 01]
[    0.450206] pci 0000:00:14.0:   bridge window [mem 0xc2a00000-0xc2afffff]
[    0.454640] ACPI: EC: interrupt unblocked
[    0.454993] ACPI: EC: event unblocked
[    0.455296] ACPI: EC: EC_CMD/EC_SC=0x66, EC_DATA=0x62
[    0.455727] ACPI: EC: GPE=0x2b
[    0.455993] ACPI: \_SB_.PCI0.LPCB.EC0_: Boot DSDT EC initialization complete
[    0.456297] ACPI: \_SB_.PCI0.LPCB.EC0_: EC: Used to handle transactions and events
[    0.457358] iommu: Default domain type: Translated
[    0.457464] SCSI subsystem initialized
[    0.458375] ACPI: bus type USB registered
[    0.458753] usbcore: registered new interface driver usbfs
[    0.458774] usbcore: registered new interface driver hub
[    0.459235] usbcore: registered new device driver usb
[    0.460340] mc: Linux media interface: v0.10
[    0.460716] videodev: Linux video capture interface: v2.00
[    0.461216] EDAC MC: Ver: 3.0.0
[    0.461575] Advanced Linux Sound Architecture Driver Initialized.
[    0.462507] PCI: Using ACPI for IRQ routing
[    0.492212] Expanded resource Reserved due to conflict with PCI Bus 0000:00
[    0.492429] hpet0: at MMIO 0xfed00000, IRQs 2, 8, 0, 0, 0, 0, 0, 0
[    0.492960] hpet0: 8 comparators, 64-bit 19.200000 MHz counter
[    0.496321] clocksource: Switched to clocksource tsc-early
[    0.774775] VFS: Disk quotas dquot_6.6.0
[    0.775150] VFS: Dquot-cache hash table entries: 512 (order 0, 4096 bytes)
[    0.775831] pnp: PnP ACPI init
[    0.776411] system 00:00: [io  0x0900-0x09fe] has been reserved
[    0.776994] system 00:01: [io  0x0200] has been reserved
[    0.777445] system 00:01: [io  0x0204] has been reserved
[    0.777892] system 00:01: [io  0x0800-0x087f] has been reserved
[    0.778399] system 00:01: [io  0x0880-0x08ff] has been reserved
[    0.780694] pnp: PnP ACPI: found 3 devices
[    0.789385] clocksource: acpi_pm: mask: 0xffffff max_cycles: 0xffffff, max_idle_ns: 2085701024 ns
[    0.790275] NET: Registered protocol family 2
[    0.790789] IP idents hash table entries: 65536 (order: 7, 524288 bytes, linear)
[    0.792398] tcp_listen_portaddr_hash hash table entries: 2048 (order: 4, 81920 bytes, linear)
[    0.793269] TCP established hash table entries: 32768 (order: 6, 262144 bytes, linear)
[    0.794261] TCP bind hash table entries: 32768 (order: 8, 1048576 bytes, linear)
[    0.795199] TCP: Hash tables configured (established 32768 bind 32768)
[    0.795961] UDP hash table entries: 2048 (order: 5, 196608 bytes, linear)
[    0.796659] UDP-Lite hash table entries: 2048 (order: 5, 196608 bytes, linear)
[    0.797408] NET: Registered protocol family 1
[    0.798126] RPC: Registered named UNIX socket transport module.
[    0.798646] RPC: Registered udp transport module.
[    0.799041] RPC: Registered tcp transport module.
[    0.799443] RPC: Registered tcp NFSv4.1 backchannel transport module.
[    0.800017] pci 0000:00:14.0: PCI bridge to [bus 01]
[    0.800449] pci 0000:00:14.0:   bridge window [mem 0xc2a00000-0xc2afffff]
[    0.801029] pci_bus 0000:00: resource 4 [io  0x0000-0x0cf7 window]
[    0.801557] pci_bus 0000:00: resource 5 [io  0x1000-0xffff window]
[    0.802071] pci_bus 0000:00: resource 6 [mem 0x000a0000-0x000bffff window]
[    0.802656] pci_bus 0000:00: resource 7 [mem 0x7b800000-0x7fffffff window]
[    0.803238] pci_bus 0000:00: resource 8 [mem 0x80000000-0xe0000000 window]
[    0.803833] pci_bus 0000:01: resource 1 [mem 0xc2a00000-0xc2afffff]
[    0.804446] pci 0000:00:02.0: Video device with shadowed ROM at [mem 0x000c0000-0x000dffff]
[    0.805954] PCI: CLS 64 bytes, default 64
[    0.806425] Unpacking initramfs...
[    1.173290] Freeing initrd memory: 15080K
[    1.173673] PCI-DMA: Using software bounce buffering for IO (SWIOTLB)
[    1.174219] software IO TLB: mapped [mem 0x00000000769fd000-0x000000007a9fd000] (64MB)
[    1.175210] RAPL PMU: API unit is 2^-32 Joules, 4 fixed counters, 655360 ms ovfl timer
[    1.175890] RAPL PMU: hw unit of domain pp0-core 2^-14 Joules
[    1.176387] RAPL PMU: hw unit of domain package 2^-14 Joules
[    1.176868] RAPL PMU: hw unit of domain dram 2^-14 Joules
[    1.177322] RAPL PMU: hw unit of domain pp1-gpu 2^-14 Joules
[    1.178374] clocksource: tsc: mask: 0xffffffffffffffff max_cycles: 0xfc66f4fc7c, max_idle_ns: 440795224246 ns
[    1.179223] clocksource: Switched to clocksource tsc
[    1.179704] platform rtc_cmos: registered platform RTC device (no PNP device found)
[    1.181136] check: Scanning for low memory corruption every 60 seconds
[    1.182746] Initialise system trusted keyrings
[    1.183219] workingset: timestamp_bits=62 max_order=20 bucket_order=0
[    1.186442] squashfs: version 4.0 (2009/01/31) Phillip Lougher
[    1.187302] NFS: Registering the id_resolver key type
[    1.187762] Key type id_resolver registered
[    1.188115] Key type id_legacy registered
[    1.198889] Key type asymmetric registered
[    1.199242] Asymmetric key parser 'x509' registered
[    1.199685] Block layer SCSI generic (bsg) driver version 0.4 loaded (major 247)
[    1.200385] io scheduler mq-deadline registered
[    1.200775] io scheduler kyber registered
[    1.201140] io scheduler bfq registered
[    1.201901] pcieport 0000:00:14.0: PME: Signaling with IRQ 120
[    1.202798] ACPI: AC Adapter [AC] (on-line)
[    1.203252] input: Lid Switch as /devices/LNXSYSTM:00/LNXSYBUS:00/PNP0A08:00/device:14/PNP0C09:00/PNP0C0D:00/input/input0
[    1.206374] ACPI: Lid Switch [LID0]
[    1.206741] input: Power Button as /devices/LNXSYSTM:00/LNXSYBUS:00/PNP0C0C:00/input/input1
[    1.207479] ACPI: Power Button [PWRB]
[    1.207857] input: Sleep Button as /devices/LNXSYSTM:00/LNXSYBUS:00/PNP0C0E:00/input/input2
[    1.208684] ACPI: Sleep Button [SLP]
[    1.209061] input: Power Button as /devices/LNXSYSTM:00/LNXPWRBN:00/input/input3
[    1.209738] ACPI: Power Button [PWRF]
[    1.210143] ACPI: \_PR_.CP00: Found 3 idle states
[    1.210700] ACPI: \_PR_.CP01: Found 3 idle states
[    1.211226] ACPI: \_PR_.CP02: Found 3 idle states
[    1.211770] ACPI: \_PR_.CP03: Found 3 idle states
[    1.212626] Serial: 8250/16550 driver, 4 ports, IRQ sharing disabled
[    1.213643] battery: ACPI: Battery Slot [BAT0] (battery present)
[    1.214051] Non-volatile memory driver v1.3
[    1.214702] ACPI: bus type drm_connector registered
[    1.215173] [drm] amdgpu kernel modesetting enabled.
[    1.268216] i915 0000:00:02.0: Invalid PCI ROM header signature: expecting 0xaa55, got 0x8b2e
[    1.268972] i915 0000:00:02.0: [drm] Failed to find VBIOS tables (VBT)
[    1.269792] i915 0000:00:02.0: Direct firmware load for i915/bxt_dmc_ver1_07.bin failed with error -2
[    1.270578] i915 0000:00:02.0: [drm] Failed to load DMC firmware i915/bxt_dmc_ver1_07.bin. Disabling runtime power management.
[    1.271606] i915 0000:00:02.0: [drm] DMC firmware homepage: https://git.kernel.org/pub/scm/linux/kernel/git/firmware/linux-firmware.git/tree/i915
[    1.304190] [drm] Initialized i915 1.6.0 20200917 for 0000:00:02.0 on minor 0
[    1.305330] usbcore: registered new interface driver udl
[    1.309114] loop: module loaded
[    1.309522] lkdtm: No crash points registered, enable through debugfs
[    1.310192] lpc_ich 0000:00:1f.0: I/O space for ACPI uninitialized
[    1.345156] dw-apb-uart.6: ttyS0 at MMIO 0xc2b2d000 (irq = 4, base_baud = 115200) is a 16550A
[    1.346789] dw-apb-uart.7: ttyS1 at MMIO 0xc2b2f000 (irq = 5, base_baud = 115200) is a 16550A
[    1.348475] printk: console [ttyS2] disabled
[    1.348870] dw-apb-uart.8: ttyS2 at MMIO 0xde000000 (irq = 6, base_baud = 114825) is a 16550A
[    4.151134] printk: console [ttyS2] enabled
[    4.156696] pxa2xx-spi pxa2xx-spi.9: no DMA channels available, using PIO
[    4.169158] PPP generic driver version 2.4.2
[    4.174220] PPP MPPE Compression module registered
[    4.179620] usbcore: registered new interface driver r8152
[    4.185885] ehci_hcd: USB 2.0 'Enhanced' Host Controller (EHCI) Driver
[    4.193186] ehci-pci: EHCI PCI platform driver
[    4.198158] uhci_hcd: USB Universal Host Controller Interface driver
[    4.205669] xhci_hcd 0000:00:15.0: xHCI Host Controller
[    4.211723] xhci_hcd 0000:00:15.0: new USB bus registered, assigned bus number 1
[    4.221113] xhci_hcd 0000:00:15.0: hcc params 0x200077c1 hci version 0x100 quirks 0x0000000081109810
[    4.231339] xhci_hcd 0000:00:15.0: cache line size of 64 is not supported
[    4.239255] xhci_hcd 0000:00:15.0: xHCI Host Controller
